Component: ARM Compiler 5.05 update 1 (build 106) Tool: armlink [4d0efa]

==============================================================================

Section Cross References

    main.o(i.led0_task) refers to _printf_percent.o(.ARM.Collect$$_printf_percent$$00000000) for _printf_percent
    main.o(i.led0_task) refers to _printf_d.o(.ARM.Collect$$_printf_percent$$00000009) for _printf_d
    main.o(i.led0_task) refers to _printf_dec.o(.text) for _printf_int_dec
    main.o(i.led0_task) refers to _printf_pad.o(.text) for _printf_pre_padding
    main.o(i.led0_task) refers to _printf_f.o(.ARM.Collect$$_printf_percent$$00000003) for _printf_f
    main.o(i.led0_task) refers to printf1.o(x$fpl$printf1) for _printf_fp_dec
    main.o(i.led0_task) refers to noretval__2sprintf.o(.text) for __2sprintf
    main.o(i.led0_task) refers to os_mbox.o(i.OSMboxPost) for OSMboxPost
    main.o(i.led0_task) refers to delay.o(i.delay_ms) for delay_ms
    main.o(i.led0_task) refers to main.o(.data) for msg_key
    main.o(i.led1_task) refers to delay.o(i.delay_ms) for delay_ms
    main.o(i.main) refers to misc.o(i.NVIC_PriorityGroupConfig) for NVIC_PriorityGroupConfig
    main.o(i.main) refers to delay.o(i.delay_init) for delay_init
    main.o(i.main) refers to usart.o(i.USARTx_Init) for USARTx_Init
    main.o(i.main) refers to led.o(i.LED_Init) for LED_Init
    main.o(i.main) refers to ds1307.o(i.DS1307_Init) for DS1307_Init
    main.o(i.main) refers to os_core.o(i.OSInit) for OSInit
    main.o(i.main) refers to os_task.o(i.OSTaskCreate) for OSTaskCreate
    main.o(i.main) refers to os_core.o(i.OSStart) for OSStart
    main.o(i.main) refers to main.o(.bss) for START_TASK_STK
    main.o(i.main) refers to main.o(i.start_task) for start_task
    main.o(i.main_task) refers to _scanf_int.o(.text) for _scanf_int
    main.o(i.main_task) refers to scanf1.o(x$fpl$scanf1) for _scanf_real
    main.o(i.main_task) refers to _printf_pad.o(.text) for _printf_pre_padding
    main.o(i.main_task) refers to _printf_percent.o(.ARM.Collect$$_printf_percent$$00000000) for _printf_percent
    main.o(i.main_task) refers to _printf_d.o(.ARM.Collect$$_printf_percent$$00000009) for _printf_d
    main.o(i.main_task) refers to _printf_f.o(.ARM.Collect$$_printf_percent$$00000003) for _printf_f
    main.o(i.main_task) refers to _printf_dec.o(.text) for _printf_int_dec
    main.o(i.main_task) refers to printf1.o(x$fpl$printf1) for _printf_fp_dec
    main.o(i.main_task) refers to os_mbox.o(i.OSMboxPend) for OSMboxPend
    main.o(i.main_task) refers to usart.o(i.USART_Gets) for USART_Gets
    main.o(i.main_task) refers to __0sscanf.o(.text) for __0sscanf
    main.o(i.main_task) refers to f2d.o(x$fpl$f2d) for __aeabi_f2d
    main.o(i.main_task) refers to noretval__2printf.o(.text) for __2printf
    main.o(i.main_task) refers to delay.o(i.delay_ms) for delay_ms
    main.o(i.main_task) refers to main.o(.data) for msg_key
    main.o(i.show_task) refers to _printf_percent.o(.ARM.Collect$$_printf_percent$$00000000) for _printf_percent
    main.o(i.show_task) refers to _printf_d.o(.ARM.Collect$$_printf_percent$$00000009) for _printf_d
    main.o(i.show_task) refers to _printf_dec.o(.text) for _printf_int_dec
    main.o(i.show_task) refers to delay.o(i.micros) for micros
    main.o(i.show_task) refers to noretval__2printf.o(.text) for __2printf
    main.o(i.show_task) refers to delay.o(i.delay_ms) for delay_ms
    main.o(i.start_task) refers to os_mbox.o(i.OSMboxCreate) for OSMboxCreate
    main.o(i.start_task) refers to os_cpu_a.o(.text) for OS_CPU_SR_Save
    main.o(i.start_task) refers to os_task.o(i.OSTaskCreate) for OSTaskCreate
    main.o(i.start_task) refers to os_task.o(i.OSTaskSuspend) for OSTaskSuspend
    main.o(i.start_task) refers to main.o(.data) for msg_key
    main.o(i.start_task) refers to main.o(.bss) for LED0_TASK_STK
    main.o(i.start_task) refers to main.o(i.led0_task) for led0_task
    main.o(i.start_task) refers to main.o(i.led1_task) for led1_task
    main.o(i.start_task) refers to main.o(i.main_task) for main_task
    main.o(i.start_task) refers to main.o(i.show_task) for show_task
    system_stm32f10x.o(i.SetSysClock) refers to system_stm32f10x.o(i.SetSysClockTo72) for SetSysClockTo72
    system_stm32f10x.o(i.SystemCoreClockUpdate) refers to system_stm32f10x.o(.data) for SystemCoreClock
    system_stm32f10x.o(i.SystemInit) refers to system_stm32f10x.o(i.SetSysClock) for SetSysClock
    led.o(i.LED_Init) refers to stm32f10x_rcc.o(i.RCC_APB2PeriphClockCmd) for RCC_APB2PeriphClockCmd
    led.o(i.LED_Init) refers to stm32f10x_gpio.o(i.GPIO_Init) for GPIO_Init
    led.o(i.LED_Init) refers to stm32f10x_gpio.o(i.GPIO_SetBits) for GPIO_SetBits
    myiic.o(i.I2C1_InitPins) refers to stm32f10x_rcc.o(i.RCC_APB2PeriphClockCmd) for RCC_APB2PeriphClockCmd
    myiic.o(i.I2C1_InitPins) refers to stm32f10x_gpio.o(i.GPIO_Init) for GPIO_Init
    myiic.o(i.I2C1_InitPins) refers to stm32f10x_gpio.o(i.GPIO_PinRemapConfig) for GPIO_PinRemapConfig
[...]
    i.OS_InitMisc                            0x080033b0   Section        0  os_core.o(i.OS_InitMisc)
    OS_InitMisc                              0x080033b1   Thumb Code    44  os_core.o(i.OS_InitMisc)
    i.OS_InitRdyList                         0x08003404   Section        0  os_core.o(i.OS_InitRdyList)
    OS_InitRdyList                           0x08003405   Thumb Code    44  os_core.o(i.OS_InitRdyList)
    i.OS_InitTCBList                         0x08003448   Section        0  os_core.o(i.OS_InitTCBList)
    OS_InitTCBList                           0x08003449   Thumb Code   106  os_core.o(i.OS_InitTCBList)
    i.OS_InitTaskIdle                        0x080034c8   Section        0  os_core.o(i.OS_InitTaskIdle)
    OS_InitTaskIdle                          0x080034c9   Thumb Code    50  os_core.o(i.OS_InitTaskIdle)
    i.OS_InitTaskStat                        0x08003518   Section        0  os_core.o(i.OS_InitTaskStat)
    OS_InitTaskStat                          0x08003519   Thumb Code    50  os_core.o(i.OS_InitTaskStat)
    i.OS_MemClr                              0x08003568   Section        0  os_core.o(i.OS_MemClr)
    i.OS_QInit                               0x0800357c   Section        0  os_q.o(i.OS_QInit)
    i.OS_Sched                               0x080035cc   Section        0  os_core.o(i.OS_Sched)
    i.OS_SchedNew                            0x08003640   Section        0  os_core.o(i.OS_SchedNew)
    OS_SchedNew                              0x08003641   Thumb Code    26  os_core.o(i.OS_SchedNew)
    i.OS_TCBInit                             0x0800366c   Section        0  os_core.o(i.OS_TCBInit)
    i.OS_TaskIdle                            0x080037a0   Section        0  os_core.o(i.OS_TaskIdle)
    i.OS_TaskStat                            0x080037c8   Section        0  os_core.o(i.OS_TaskStat)
    i.OS_TaskStatStkChk                      0x08003850   Section        0  os_core.o(i.OS_TaskStatStkChk)
    i.OS_TaskStkClr                          0x0800388c   Section        0  os_task.o(i.OS_TaskStkClr)
    i.RCC_APB1PeriphClockCmd                 0x080038a8   Section        0  stm32f10x_rcc.o(i.RCC_APB1PeriphClockCmd)
    i.RCC_APB1PeriphResetCmd                 0x080038c8   Section        0  stm32f10x_rcc.o(i.RCC_APB1PeriphResetCmd)
    i.RCC_APB2PeriphClockCmd                 0x080038e8   Section        0  stm32f10x_rcc.o(i.RCC_APB2PeriphClockCmd)
    i.RCC_APB2PeriphResetCmd                 0x08003908   Section        0  stm32f10x_rcc.o(i.RCC_APB2PeriphResetCmd)
    i.RCC_GetClocksFreq                      0x08003928   Section        0  stm32f10x_rcc.o(i.RCC_GetClocksFreq)
    i.SVC_Handler                            0x080039fc   Section        0  stm32f10x_it.o(i.SVC_Handler)
    i.SetSysClock                            0x080039fe   Section        0  system_stm32f10x.o(i.SetSysClock)
    SetSysClock                              0x080039ff   Thumb Code     8  system_stm32f10x.o(i.SetSysClock)
    i.SetSysClockTo72                        0x08003a08   Section        0  system_stm32f10x.o(i.SetSysClockTo72)
    SetSysClockTo72                          0x08003a09   Thumb Code   214  system_stm32f10x.o(i.SetSysClockTo72)
    i.SysTick_CLKSourceConfig                0x08003ae8   Section        0  misc.o(i.SysTick_CLKSourceConfig)
    i.SysTick_Handler                        0x08003b10   Section        0  delay.o(i.SysTick_Handler)
    i.SystemInit                             0x08003b2c   Section        0  system_stm32f10x.o(i.SystemInit)
    i.UART4_IRQHandler                       0x08003b8c   Section        0  usart.o(i.UART4_IRQHandler)
    i.UART4_InitPins                         0x08003bb4   Section        0  usart.o(i.UART4_InitPins)
    i.UART5_IRQHandler                       0x08003bc8   Section        0  usart.o(i.UART5_IRQHandler)
    i.UART5_InitPins                         0x08003bec   Section        0  usart.o(i.UART5_InitPins)
    i.USART1_IRQHandler                      0x08003bfc   Section        0  usart.o(i.USART1_IRQHandler)
    i.USART1_InitPins                        0x08003c24   Section        0  usart.o(i.USART1_InitPins)
    i.USART2_IRQHandler                      0x08003cac   Section        0  usart.o(i.USART2_IRQHandler)
    i.USART2_InitPins                        0x08003cd4   Section        0  usart.o(i.USART2_InitPins)
    i.USART3_IRQHandler                      0x08003d60   Section        0  usart.o(i.USART3_IRQHandler)
    i.USART3_InitPins                        0x08003d88   Section        0  usart.o(i.USART3_InitPins)
    i.USART_BufferEmpty                      0x08003e5c   Section        0  usart.o(i.USART_BufferEmpty)
    i.USART_BufferFull                       0x08003e74   Section        0  usart.o(i.USART_BufferFull)
    i.USART_Cmd                              0x08003e90   Section        0  stm32f10x_usart.o(i.USART_Cmd)
    i.USART_DeInit                           0x08003ea8   Section        0  stm32f10x_usart.o(i.USART_DeInit)
    i.USART_FindCharacter                    0x08003f44   Section        0  usart.o(i.USART_FindCharacter)
    i.USART_GetFlagStatus                    0x08003f7e   Section        0  stm32f10x_usart.o(i.USART_GetFlagStatus)
    i.USART_GetITStatus                      0x08003f98   Section        0  stm32f10x_usart.o(i.USART_GetITStatus)
    i.USART_Getc                             0x08003fec   Section        0  usart.o(i.USART_Getc)
    i.USART_Gets                             0x08004022   Section        0  usart.o(i.USART_Gets)
    i.USART_INT_GetSubPriority               0x08004074   Section        0  usart.o(i.USART_INT_GetSubPriority)
    i.USART_INT_GetUsart                     0x080040b4   Section        0  usart.o(i.USART_INT_GetUsart)
    i.USART_INT_InsertToBuffer               0x08004108   Section        0  usart.o(i.USART_INT_InsertToBuffer)
    i.USART_ITConfig                         0x08004134   Section        0  stm32f10x_usart.o(i.USART_ITConfig)
    i.USART_Init                             0x08004180   Section        0  stm32f10x_usart.o(i.USART_Init)
    i.USART_Putc                             0x08004258   Section        0  usart.o(i.USART_Putc)
    i.USARTx_Init                            0x08004274   Section        0  usart.o(i.USARTx_Init)
    i.UsageFault_Handler                     0x080043bc   Section        0  stm32f10x_it.o(i.UsageFault_Handler)
    i.__ARM_fpclassify                       0x080043c0   Section        0  fpclassify.o(i.__ARM_fpclassify)
    i.__mathlib_dbl_overflow                 0x080043e8   Section        0  dunder.o(i.__mathlib_dbl_overflow)
    i.__mathlib_dbl_underflow                0x080043f8   Section        0  dunder.o(i.__mathlib_dbl_underflow)
    i.__mathlib_narrow                       0x08004408   Section        0  narrow.o(i.__mathlib_narrow)
    i.__mathlib_tofloat                      0x08004418   Section        0  narrow.o(i.__mathlib_tofloat)
    i.__support_ldexp                        0x080044a0   Section        0  ldexp.o(i.__support_ldexp)
    i._is_digit                              0x080044b6   Section        0  __printf_wp.o(i._is_digit)
    i.delay_init                             0x080044c4   Section        0  delay.o(i.delay_init)
    i.delay_ms                               0x08004520   Section        0  delay.o(i.delay_ms)
    i.delay_osschedlock                      0x08004570   Section        0  delay.o(i.delay_osschedlock)
    i.delay_osschedunlock                    0x08004578   Section        0  delay.o(i.delay_osschedunlock)
    i.delay_ostimedly                        0x08004580   Section        0  delay.o(i.delay_ostimedly)
    i.delay_us                               0x0800458c   Section        0  delay.o(i.delay_us)
    i.fputc                                  0x080045e8   Section        0  usart.o(i.fputc)
    i.frexp                                  0x08004600   Section        0  frexp.o(i.frexp)
    i.ldexp                                  0x08004658   Section        0  ldexp.o(i.ldexp)
    i.led0_task                              0x080046cc   Section        0  main.o(i.led0_task)
    i.led1_task                              0x08004744   Section        0  main.o(i.led1_task)
    i.main                                   0x08004770   Section        0  main.o(i.main)
    i.main_task                              0x080047b8   Section        0  main.o(i.main_task)
    i.micros                                 0x0800485c   Section        0  delay.o(i.micros)
    i.millis                                 0x08004890   Section        0  delay.o(i.millis)
    i.show_task                              0x080048a0   Section        0  main.o(i.show_task)
    i.start_task                             0x080048d4   Section        0  main.o(i.start_task)
    locale$$code                             0x08004950   Section       44  lc_numeric_c.o(locale$$code)
    locale$$code                             0x0800497c   Section       44  lc_ctype_c.o(locale$$code)
    x$fpl$d2f                                0x080049a8   Section       98  d2f.o(x$fpl$d2f)
    x$fpl$dcheck1                            0x08004a0c   Section       16  dcheck1.o(x$fpl$dcheck1)
    x$fpl$dcmpinf                            0x08004a1c   Section       24  dcmpi.o(x$fpl$dcmpinf)
    x$fpl$deqf                               0x08004a34   Section      120  deqf.o(x$fpl$deqf)
    x$fpl$dleqf                              0x08004aac   Section      120  dleqf.o(x$fpl$dleqf)
    x$fpl$dnaninf                            0x08004b24   Section      156  dnaninf.o(x$fpl$dnaninf)
    x$fpl$dretinf                            0x08004bc0   Section       12  dretinf.o(x$fpl$dretinf)
    x$fpl$drleqf                             0x08004bcc   Section      108  drleqf.o(x$fpl$drleqf)
    x$fpl$f2d                                0x08004c38   Section       86  f2d.o(x$fpl$f2d)
    x$fpl$fnaninf                            0x08004c8e   Section      140  fnaninf.o(x$fpl$fnaninf)
    x$fpl$fretinf                            0x08004d1a   Section       10  fretinf.o(x$fpl$fretinf)
    x$fpl$printf1                            0x08004d24   Section        4  printf1.o(x$fpl$printf1)
    x$fpl$retnan                             0x08004d28   Section      100  retnan.o(x$fpl$retnan)
    x$fpl$scalbn                             0x08004d8c   Section       92  scalbn.o(x$fpl$scalbn)
    x$fpl$scanf1                             0x08004de8   Section        4  scanf1.o(x$fpl$scanf1)
    x$fpl$scanf2                             0x08004dec   Section        8  scanf2.o(x$fpl$scanf2)
    x$fpl$trapveneer                         0x08004df4   Section       48  trapv.o(x$fpl$trapveneer)
    .constdata                               0x08004e24   Section      256  os_core.o(.constdata)
    x$fpl$usenofp                            0x08004e24   Section        0  usenofp.o(x$fpl$usenofp)
    .constdata                               0x08004f24   Section      148  bigflt0.o(.constdata)
    tenpwrs_x                                0x08004f24   Data          60  bigflt0.o(.constdata)
    tenpwrs_i                                0x08004f60   Data          64  bigflt0.o(.constdata)
    c$$dinf                                  0x08004fd8   Section        8  fpconst.o(c$$dinf)
    locale$$data                             0x08004fe0   Section       28  lc_numeric_c.o(locale$$data)
    __lcnum_c_name                           0x08004fe4   Data           2  lc_numeric_c.o(locale$$data)
    __lcnum_c_start                          0x08004fec   Data           0  lc_numeric_c.o(locale$$data)
    __lcnum_c_point                          0x08004ff8   Data           0  lc_numeric_c.o(locale$$data)
    __lcnum_c_thousands                      0x08004ffa   Data           0  lc_numeric_c.o(locale$$data)
    __lcnum_c_grouping                       0x08004ffb   Data           0  lc_numeric_c.o(locale$$data)
    locale$$data                             0x08004ffc   Section      272  lc_ctype_c.o(locale$$data)
    __lcnum_c_end                            0x08004ffc   Data           0  lc_numeric_c.o(locale$$data)
    __lcctype_c_name                         0x08005000   Data           2  lc_ctype_c.o(locale$$data)
    __lcctype_c_start                        0x08005008   Data           0  lc_ctype_c.o(locale$$data)
    __lcctype_c_end                          0x0800510c   Data           0  lc_ctype_c.o(locale$$data)
    .data                                    0x20000000   Section        4  main.o(.data)
    .data                                    0x20000004   Section       20  system_stm32f10x.o(.data)
    .data                                    0x20000018   Section        8  myiic.o(.data)
    .data                                    0x20000020   Section        4  delay.o(.data)
    fac_us                                   0x20000020   Data           1  delay.o(.data)
    fac_ms                                   0x20000022   Data           2  delay.o(.data)
    .data                                    0x20000024   Section       80  usart.o(.data)
    .data                                    0x20000074   Section       20  stm32f10x_rcc.o(.data)
    APBAHBPrescTable                         0x20000074   Data          16  stm32f10x_rcc.o(.data)
    ADCPrescTable                            0x20000084   Data           4  stm32f10x_rcc.o(.data)
    .data                                    0x20000088   Section       72  os_core.o(.data)
    .bss                                     0x200000d0   Section     3328  main.o(.bss)
    MAIN_TASK_STK                            0x200005d0   Data        1024  main.o(.bss)
    .bss                                     0x20000dd0   Section      192  usart.o(.bss)
    .bss                                     0x20000e90   Section     2688  os_core.o(.bss)
    .bss                                     0x20001910   Section       96  libspace.o(.bss)
    HEAP                                     0x20001970   Section     2048  startup_stm32f10x_hd.o(HEAP)
    Heap_Mem                                 0x20001970   Data        2048  startup_stm32f10x_hd.o(HEAP)
    STACK                                    0x20002170   Section     1024  startup_stm32f10x_hd.o(STACK)
    Stack_Mem                                0x20002170   Data        1024  startup_stm32f10x_hd.o(STACK)
    __initial_sp                             0x20002570   Data           0  startup_stm32f10x_hd.o(STACK)

    Global Symbols

    Symbol Name                              Value     Ov Type        Size  Object(Section)

    BuildAttributes$$THM_ISAv4$P$D$K$B$S$PE$A:L22UL41UL21$X:L11$S22US41US21$IEEE1$IW$USESV6$~STKCKD$USESV7$~SHL$OTIME$ROPI$IEEEX$EBA8$UX$STANDARDLIB$REQ8$PRES8$EABIv2 0x00000000   Number         0  anon$$obj.o ABSOLUTE
    __ARM_use_no_argv                        0x00000000   Number         0  main.o ABSOLUTE
    _printf_flags                            0x00000000   Number         0  printf_stubs.o ABSOLUTE
    _printf_return_value                     0x00000000   Number         0  printf_stubs.o ABSOLUTE
    _printf_sizespec                         0x00000000   Number         0  printf_stubs.o ABSOLUTE
    _printf_widthprec                        0x00000000   Number         0  printf_stubs.o ABSOLUTE
    __ARM_exceptions_init                     - Undefined Weak Reference
    __alloca_initialize                       - Undefined Weak Reference
    __arm_preinit_                            - Undefined Weak Reference
    __cpp_initialize__aeabi_                  - Undefined Weak Reference
    __cxa_finalize                            - Undefined Weak Reference
    __sigvec_lookup                           - Undefined Weak Reference
    _atexit_init                              - Undefined Weak Reference
    _call_atexit_fns                          - Undefined Weak Reference
    _clock_init                               - Undefined Weak Reference
    _fp_trap_init                             - Undefined Weak Reference
    _fp_trap_shutdown                         - Undefined Weak Reference
    _get_lc_collate                           - Undefined Weak Reference
    _get_lc_monetary                          - Undefined Weak Reference
    _get_lc_time                              - Undefined Weak Reference
    _getenv_init                              - Undefined Weak Reference
    _handle_redirection                       - Undefined Weak Reference
    _init_alloc                               - Undefined Weak Reference
    _init_user_alloc                          - Undefined Weak Reference
    _initio                                   - Undefined Weak Reference
    _mutex_acquire                            - Undefined Weak Reference
    _mutex_release                            - Undefined Weak Reference
    _printf_truncate_signed                   - Undefined Weak Reference
    _printf_truncate_unsigned                 - Undefined Weak Reference
    _rand_init                                - Undefined Weak Reference
    _scanf_longlong                           - Undefined Weak Reference
    _scanf_mbtowc                             - Undefined Weak Reference
    _scanf_string                             - Undefined Weak Reference
    _scanf_wctomb                             - Undefined Weak Reference
    _scanf_wstring                            - Undefined Weak Reference
    _signal_finish                            - Undefined Weak Reference
    _signal_init                              - Undefined Weak Reference
    _terminate_alloc                          - Undefined Weak Reference
    _terminate_user_alloc                     - Undefined Weak Reference
    _terminateio                              - Undefined Weak Reference
    __Vectors_Size                           0x00000130   Number         0  startup_stm32f10x_hd.o ABSOLUTE
    __Vectors                                0x08000000   Data           4  startup_stm32f10x_hd.o(RESET)
    __Vectors_End                            0x08000130   Data           0  startup_stm32f10x_hd.o(RESET)
    __main                                   0x08000131   Thumb Code     8  __main.o(!!!main)
    __scatterload                            0x08000139   Thumb Code     0  __scatter.o(!!!scatter)
    __scatterload_rt2                        0x08000139   Thumb Code    44  __scatter.o(!!!scatter)
    __scatterload_rt2_thumb_only             0x08000139   Thumb Code     0  __scatter.o(!!!scatter)
    __scatterload_null                       0x08000147   Thumb Code     0  __scatter.o(!!!scatter)
    __scatterload_copy                       0x0800016d   Thumb Code    26  __scatter_copy.o(!!handler_copy)
    __scatterload_zeroinit                   0x08000189   Thumb Code    28  __scatter_zi.o(!!handler_zi)
    _printf_f                                0x080001a5   Thumb Code     0  _printf_f.o(.ARM.Collect$$_printf_percent$$00000003)
    _printf_percent                          0x080001a5   Thumb Code     0  _printf_percent.o(.ARM.Collect$$_printf_percent$$00000000)
    _printf_d                                0x080001ab   Thumb Code     0  _printf_d.o(.ARM.Collect$$_printf_percent$$00000009)
    _printf_percent_end                      0x080001b1   Thumb Code     0  _printf_percent_end.o(.ARM.Collect$$_printf_percent$$00000017)
    __rt_lib_init                            0x080001b5   Thumb Code     0  libinit.o(.ARM.Collect$$libinit$$00000000)
    __rt_lib_init_fp_1                       0x080001b7   Thumb Code     0  libinit2.o(.ARM.Collect$$libinit$$00000002)
    __rt_lib_init_heap_1                     0x080001b7   Thumb Code     0  libinit2.o(.ARM.Collect$$libinit$$0000000A)
    __rt_lib_init_lc_common                  0x080001b7   Thumb Code     0  libinit2.o(.ARM.Collect$$libinit$$0000000F)
    __rt_lib_init_preinit_1                  0x080001b7   Thumb Code     0  libinit2.o(.ARM.Collect$$libinit$$00000004)
    __rt_lib_init_rand_1                     0x080001b7   Thumb Code     0  libinit2.o(.ARM.Collect$$libinit$$0000000E)
    __rt_lib_init_user_alloc_1               0x080001b7   Thumb Code     0  libinit2.o(.ARM.Collect$$libinit$$0000000C)
    __rt_lib_init_lc_collate_1               0x080001bd   Thumb Code     0  libinit2.o(.ARM.Collect$$libinit$$00000011)
    __rt_lib_init_lc_ctype_2                 0x080001bd   Thumb Code     0  libinit2.o(.ARM.Collect$$libinit$$00000012)
    __rt_lib_init_lc_ctype_1                 0x080001c9   Thumb Code     0  libinit2.o(.ARM.Collect$$libinit$$00000013)
    __rt_lib_init_lc_monetary_1              0x080001c9   Thumb Code     0  libinit2.o(.ARM.Collect$$libinit$$00000015)
    __rt_lib_init_lc_numeric_2               0x080001c9   Thumb Code     0  libinit2.o(.ARM.Collect$$libinit$$00000016)
    __rt_lib_init_alloca_1                   0x080001d3   Thumb Code     0  libinit2.o(.ARM.Collect$$libinit$$0000002E)
    __rt_lib_init_argv_1                     0x080001d3   Thumb Code     0  libinit2.o(.ARM.Collect$$libinit$$0000002C)
    __rt_lib_init_atexit_1                   0x080001d3   Thumb Code     0  libinit2.o(.ARM.Collect$$libinit$$0000001B)
    __rt_lib_init_clock_1                    0x080001d3   Thumb Code     0  libinit2.o(.ARM.Collect$$libinit$$00000021)
    __rt_lib_init_cpp_1                      0x080001d3   Thumb Code     0  libinit2.o(.ARM.Collect$$libinit$$00000032)
    __rt_lib_init_exceptions_1               0x080001d3   Thumb Code     0  libinit2.o(.ARM.Collect$$libinit$$00000030)
    __rt_lib_init_fp_trap_1                  0x080001d3   Thumb Code     0  libinit2.o(.ARM.Collect$$libinit$$0000001F)
    __rt_lib_init_getenv_1                   0x080001d3   Thumb Code     0  libinit2.o(.ARM.Collect$$libinit$$00000023)
    __rt_lib_init_lc_numeric_1               0x080001d3   Thumb Code     0  libinit2.o(.ARM.Collect$$libinit$$00000017)
    __rt_lib_init_lc_time_1                  0x080001d3   Thumb Code     0  libinit2.o(.ARM.Collect$$libinit$$00000019)
    __rt_lib_init_return                     0x080001d3   Thumb Code     0  libinit2.o(.ARM.Collect$$libinit$$00000033)
    __rt_lib_init_signal_1                   0x080001d3   Thumb Code     0  libinit2.o(.ARM.Collect$$libinit$$0000001D)
    __rt_lib_init_stdio_1                    0x080001d3   Thumb Code     0  libinit2.o(.ARM.Collect$$libinit$$00000025)
    __rt_lib_shutdown                        0x080001d5   Thumb Code     0  libshutdown.o(.ARM.Collect$$libshutdown$$00000000)
    __rt_lib_shutdown_fp_trap_1              0x080001d7   Thumb Code     0  libshutdown2.o(.ARM.Collect$$libshutdown$$00000006)
    __rt_lib_shutdown_heap_1                 0x080001d7   Thumb Code     0  libshutdown2.o(.ARM.Collect$$libshutdown$$0000000E)
    __rt_lib_shutdown_return                 0x080001d7   Thumb Code     0  libshutdown2.o(.ARM.Collect$$libshutdown$$0000000F)
    __rt_lib_shutdown_signal_1               0x080001d7   Thumb Code     0  libshutdown2.o(.ARM.Collect$$libshutdown$$00000009)
    __rt_lib_shutdown_stdio_1                0x080001d7   Thumb Code     0  libshutdown2.o(.ARM.Collect$$libshutdown$$00000003)
    __rt_lib_shutdown_user_alloc_1           0x080001d7   Thumb Code     0  libshutdown2.o(.ARM.Collect$$libshutdown$$0000000B)
    __rt_entry                               0x080001d9   Thumb Code     0  __rtentry.o(.ARM.Collect$$rtentry$$00000000)
    __rt_entry_presh_1                       0x080001d9   Thumb Code     0  __rtentry2.o(.ARM.Collect$$rtentry$$00000002)
    __rt_entry_sh                            0x080001d9   Thumb Code     0  __rtentry4.o(.ARM.Collect$$rtentry$$00000004)
    __rt_entry_li                            0x080001df   Thumb Code     0  __rtentry2.o(.ARM.Collect$$rtentry$$0000000A)
    __rt_entry_postsh_1                      0x080001df   Thumb Code     0  __rtentry2.o(.ARM.Collect$$rtentry$$00000009)
    __rt_entry_main                          0x080001e3   Thumb Code     0  __rtentry2.o(.ARM.Collect$$rtentry$$0000000D)
    __rt_entry_postli_1                      0x080001e3   Thumb Code     0  __rtentry2.o(.ARM.Collect$$rtentry$$0000000C)
    __rt_exit                                0x080001eb   Thumb Code     0  rtexit.o(.ARM.Collect$$rtexit$$00000000)
    __rt_exit_ls                             0x080001ed   Thumb Code     0  rtexit2.o(.ARM.Collect$$rtexit$$00000003)
    __rt_exit_prels_1                        0x080001ed   Thumb Code     0  rtexit2.o(.ARM.Collect$$rtexit$$00000002)
    __rt_exit_exit                           0x080001f1   Thumb Code     0  rtexit2.o(.ARM.Collect$$rtexit$$00000004)
    Reset_Handler                            0x080001f9   Thumb Code     8  startup_stm32f10x_hd.o(.text)
    ADC1_2_IRQHandler                        0x08000213   Thumb Code     0  startup_stm32f10x_hd.o(.text)
    ADC3_IRQHandler                          0x08000213   Thumb Code     0  startup_stm32f10x_hd.o(.text)
    CAN1_RX1_IRQHandler                      0x08000213   Thumb Code     0  startup_stm32f10x_hd.o(.text)
    CAN1_SCE_IRQHandler                      0x08000213   Thumb Code     0  startup_stm32f10x_hd.o(.text)
    DMA1_Channel1_IRQHandler                 0x08000213   Thumb Code     0  startup_stm32f10x_hd.o(.text)
    DMA1_Channel2_IRQHandler                 0x08000213   Thumb Code     0  startup_stm32f10x_hd.o(.text)
    DMA1_Channel3_IRQHandler                 0x08000213   Thumb Code     0  startup_stm32f10x_hd.o(.text)
    DMA1_Channel4_IRQHandler                 0x08000213   Thumb Code     0  startup_stm32f10x_hd.o(.text)
    DMA1_Channel5_IRQHandler                 0x08000213   Thumb Code     0  startup_stm32f10x_hd.o(.text)
    DMA1_Channel6_IRQHandler                 0x08000213   Thumb Code     0  startup_stm32f10x_hd.o(.text)
    DMA1_Channel7_IRQHandler                 0x08000213   Thumb Code     0  startup_stm32f10x_hd.o(.text)
    DMA2_Channel1_IRQHandler                 0x08000213   Thumb Code     0  startup_stm32f10x_hd.o(.text)
    DMA2_Channel2_IRQHandler                 0x08000213   Thumb Code     0  startup_stm32f10x_hd.o(.text)
    DMA2_Channel3_IRQHandler                 0x08000213   Thumb Code     0  startup_stm32f10x_hd.o(.text)
    DMA2_Channel4_5_IRQHandler               0x08000213   Thumb Code     0  startup_stm32f10x_hd.o(.text)
    EXTI0_IRQHandler                         0x08000213   Thumb Code     0  startup_stm32f10x_hd.o(.text)
    EXTI15_10_IRQHandler                     0x08000213   Thumb Code     0  startup_stm32f10x_hd.o(.text)
    EXTI1_IRQHandler                         0x08000213   Thumb Code     0  startup_stm32f10x_hd.o(.text)
    EXTI2_IRQHandler                         0x08000213   Thumb Code     0  startup_stm32f10x_hd.o(.text)
    EXTI3_IRQHandler                         0x08000213   Thumb Code     0  startup_stm32f10x_hd.o(.text)
    EXTI4_IRQHandler                         0x08000213   Thumb Code     0  startup_stm32f10x_hd.o(.text)
    EXTI9_5_IRQHandler                       0x08000213   Thumb Code     0  startup_stm32f10x_hd.o(.text)
    FLASH_IRQHandler                         0x08000213   Thumb Code     0  startup_stm32f10x_hd.o(.text)
    FSMC_IRQHandler                          0x08000213   Thumb Code     0  startup_stm32f10x_hd.o(.text)
    I2C1_ER_IRQHandler                       0x08000213   Thumb Code     0  startup_stm32f10x_hd.o(.text)
    I2C1_EV_IRQHandler                       0x08000213   Thumb Code     0  startup_stm32f10x_hd.o(.text)
    I2C2_ER_IRQHandler                       0x08000213   Thumb Code     0  startup_stm32f10x_hd.o(.text)
    I2C2_EV_IRQHandler                       0x08000213   Thumb Code     0  startup_stm32f10x_hd.o(.text)
    PVD_IRQHandler                           0x08000213   Thumb Code     0  startup_stm32f10x_hd.o(.text)
    RCC_IRQHandler                           0x08000213   Thumb Code     0  startup_stm32f10x_hd.o(.text)
    RTCAlarm_IRQHandler                      0x08000213   Thumb Code     0  startup_stm32f10x_hd.o(.text)
    RTC_IRQHandler                           0x08000213   Thumb Code     0  startup_stm32f10x_hd.o(.text)
    SDIO_IRQHandler                          0x08000213   Thumb Code     0  startup_stm32f10x_hd.o(.text)
    SPI1_IRQHandler                          0x08000213   Thumb Code     0  startup_stm32f10x_hd.o(.text)
    SPI2_IRQHandler                          0x08000213   Thumb Code     0  startup_stm32f10x_hd.o(.text)
    SPI3_IRQHandler                          0x08000213   Thumb Code     0  startup_stm32f10x_hd.o(.text)
    TAMPER_IRQHandler                        0x08000213   Thumb Code     0  startup_stm32f10x_hd.o(.text)
    TIM1_BRK_IRQHandler                      0x08000213   Thumb Code     0  startup_stm32f10x_hd.o(.text)
    TIM1_CC_IRQHandler                       0x08000213   Thumb Code     0  startup_stm32f10x_hd.o(.text)
    TIM1_TRG_COM_IRQHandler                  0x08000213   Thumb Code     0  startup_stm32f10x_hd.o(.text)
    TIM1_UP_IRQHandler                       0x08000213   Thumb Code     0  startup_stm32f10x_hd.o(.text)
    TIM2_IRQHandler                          0x08000213   Thumb Code     0  startup_stm32f10x_hd.o(.text)
    TIM3_IRQHandler                          0x08000213   Thumb Code     0  startup_stm32f10x_hd.o(.text)
    TIM4_IRQHandler                          0x08000213   Thumb Code     0  startup_stm32f10x_hd.o(.text)
    TIM5_IRQHandler                          0x08000213   Thumb Code     0  startup_stm32f10x_hd.o(.text)
    TIM6_IRQHandler                          0x08000213   Thumb Code     0  startup_stm32f10x_hd.o(.text)
    TIM7_IRQHandler                          0x08000213   Thumb Code     0  startup_stm32f10x_hd.o(.text)
    TIM8_BRK_IRQHandler                      0x08000213   Thumb Code     0  startup_stm32f10x_hd.o(.text)
    TIM8_CC_IRQHandler                       0x08000213   Thumb Code     0  startup_stm32f10x_hd.o(.text)
    TIM8_TRG_COM_IRQHandler                  0x08000213   Thumb Code     0  startup_stm32f10x_hd.o(.text)
    TIM8_UP_IRQHandler                       0x08000213   Thumb Code     0  startup_stm32f10x_hd.o(.text)
    USBWakeUp_IRQHandler                     0x08000213   Thumb Code     0  startup_stm32f10x_hd.o(.text)
    USB_HP_CAN1_TX_IRQHandler                0x08000213   Thumb Code     0  startup_stm32f10x_hd.o(.text)
    USB_LP_CAN1_RX0_IRQHandler               0x08000213   Thumb Code     0  startup_stm32f10x_hd.o(.text)
    WWDG_IRQHandler                          0x08000213   Thumb Code     0  startup_stm32f10x_hd.o(.text)
    __user_initial_stackheap                 0x08000215   Thumb Code     0  startup_stm32f10x_hd.o(.text)
    OS_CPU_SR_Save                           0x08000239   Thumb Code     0  os_cpu_a.o(.text)
    OS_CPU_SR_Restore                        0x08000241   Thumb Code     0  os_cpu_a.o(.text)
    OSStartHighRdy                           0x08000247   Thumb Code     0  os_cpu_a.o(.text)
    OSCtxSw                                  0x08000269   Thumb Code     0  os_cpu_a.o(.text)
    OSIntCtxSw                               0x08000277   Thumb Code     0  os_cpu_a.o(.text)
    PendSV_Handler                           0x08000287   Thumb Code     0  os_cpu_a.o(.text)
    __2printf                                0x080002ed   Thumb Code    20  noretval__2printf.o(.text)
    __2sprintf                               0x08000305   Thumb Code    34  noretval__2sprintf.o(.text)
    _printf_pre_padding                      0x0800032d   Thumb Code    44  _printf_pad.o(.text)
    _printf_post_padding                     0x08000359   Thumb Code    34  _printf_pad.o(.text)
    _printf_int_dec                          0x0800037d   Thumb Code   104  _printf_dec.o(.text)
    __printf                                 0x080003f5   Thumb Code   352  __printf_ss_wp.o(.text)
    __0sscanf                                0x08000555   Thumb Code    52  __0sscanf.o(.text)
    _scanf_int                               0x08000591   Thumb Code   332  _scanf_int.o(.text)
    __use_two_region_memory                  0x080006dd   Thumb Code     2  heapauxi.o(.text)
    __rt_heap_escrow$2region                 0x080006df   Thumb Code     2  heapauxi.o(.text)
    __rt_heap_expand$2region                 0x080006e1   Thumb Code     2  heapauxi.o(.text)
    _printf_int_common                       0x080006e3   Thumb Code   178  _printf_intcommon.o(.text)
    __lib_sel_fp_printf                      0x08000795   Thumb Code     2  _printf_fp_dec.o(.text)
    _printf_fp_dec_real                      0x08000943   Thumb Code   620  _printf_fp_dec.o(.text)
    _printf_char_common                      0x08000bbb   Thumb Code    32  _printf_char_common.o(.text)
    _sputc                                   0x08000be1   Thumb Code    10  _sputc.o(.text)
    _printf_char_file                        0x08000bed   Thumb Code    32  _printf_char_file.o(.text)
    _chval                                   0x08000c11   Thumb Code    28  _chval.o(.text)
    _scanf_really_real                       0x08000e29   Thumb Code   668  scanf_fp.o(.text)
    __vfscanf_char                           0x080010dd   Thumb Code    24  scanf_char.o(.text)
    _sgetc                                   0x080010fd   Thumb Code    30  _sgetc.o(.text)
    _sbackspace                              0x0800111b   Thumb Code    34  _sgetc.o(.text)
    __rt_locale                              0x0800113d   Thumb Code     8  rt_locale_intlibspace.o(.text)
    __aeabi_errno_addr                       0x08001145   Thumb Code     8  rt_errno_addr_intlibspace.o(.text)
    __errno$intlibspace                      0x08001145   Thumb Code     0  rt_errno_addr_intlibspace.o(.text)
    __rt_errno_addr$intlibspace              0x08001145   Thumb Code     0  rt_errno_addr_intlibspace.o(.text)
    _ll_udiv10                               0x0800114d   Thumb Code   138  lludiv10.o(.text)
    isspace                                  0x080011d7   Thumb Code    18  isspace.o(.text)
    _printf_fp_infnan                        0x080011e9   Thumb Code   112  _printf_fp_infnan.o(.text)
    __vfscanf                                0x08001269   Thumb Code   878  _scanf.o(.text)
    _btod_etento                             0x080015dd   Thumb Code   216  bigflt0.o(.text)
    ferror                                   0x080016b9   Thumb Code     8  ferror.o(.text)
    __user_libspace                          0x080016c1   Thumb Code     8  libspace.o(.text)
    __user_perproc_libspace                  0x080016c1   Thumb Code     0  libspace.o(.text)
    __user_perthread_libspace                0x080016c1   Thumb Code     0  libspace.o(.text)
    __user_setup_stackheap                   0x080016c9   Thumb Code    74  sys_stackheap_outer.o(.text)
    __rt_ctype_table                         0x08001715   Thumb Code    16  rt_ctype_table.o(.text)
    __read_errno                             0x08001725   Thumb Code    10  _rserrno.o(.text)
    __set_errno                              0x0800172f   Thumb Code    12  _rserrno.o(.text)
    _scanf_really_hex_real                   0x0800173d   Thumb Code   778  scanf_hexfp.o(.text)
    _scanf_really_infnan                     0x08001a55   Thumb Code   292  scanf_infnan.o(.text)
    exit                                     0x08001b89   Thumb Code    12  exit.o(.text)
    strcmp                                   0x08001b95   Thumb Code   128  strcmpv7m.o(.text)
    __aeabi_llsl                             0x08001c15   Thumb Code     0  llshl.o(.text)
    _ll_shift_l                              0x08001c15   Thumb Code    38  llshl.o(.text)
    _sys_exit                                0x08001c3d   Thumb Code     8  sys_exit.o(.text)
    __I$use$semihosting                      0x08001c49   Thumb Code     0  use_no_semi.o(.text)
    __use_no_semihosting_swi                 0x08001c49   Thumb Code     2  use_no_semi.o(.text)
    __semihosting_library_function           0x08001c4b   Thumb Code     0  indicate_semi.o(.text)
    _btod_d2e                                0x08001c4b   Thumb Code    62  btod.o(CL$$btod_d2e)
    _d2e_denorm_low                          0x08001c89   Thumb Code    70  btod.o(CL$$btod_d2e_denorm_low)
    _d2e_norm_op1                            0x08001ccf   Thumb Code    96  btod.o(CL$$btod_d2e_norm_op1)
    __btod_div_common                        0x08001d2f   Thumb Code   696  btod.o(CL$$btod_div_common)
    _e2d                                     0x08002069   Thumb Code    80  btod.o(CL$$btod_e2d)
    _e2e                                     0x080020bd   Thumb Code   198  btod.o(CL$$btod_e2e)
    _btod_ediv                               0x08002183   Thumb Code    40  btod.o(CL$$btod_ediv)
    _btod_edivd                              0x080021ab   Thumb Code    40  btod.o(CL$$btod_edivd)
    _btod_emul                               0x080021d3   Thumb Code    40  btod.o(CL$$btod_emul)
    _btod_emuld                              0x080021fb   Thumb Code    40  btod.o(CL$$btod_emuld)
    __btod_mult_common                       0x08002223   Thumb Code   580  btod.o(CL$$btod_mult_common)
    BusFault_Handler                         0x08002467   Thumb Code     4  stm32f10x_it.o(i.BusFault_Handler)
    DS1307_Init                              0x0800246d   Thumb Code    14  ds1307.o(i.DS1307_Init)
    DebugMon_Handler                         0x08002485   Thumb Code     2  stm32f10x_it.o(i.DebugMon_Handler)
    GPIO_Init                                0x08002487   Thumb Code   278  stm32f10x_gpio.o(i.GPIO_Init)
    GPIO_PinRemapConfig                      0x0800259d   Thumb Code   138  stm32f10x_gpio.o(i.GPIO_PinRemapConfig)
    GPIO_SetBits                             0x0800262d   Thumb Code     4  stm32f10x_gpio.o(i.GPIO_SetBits)
    HardFault_Handler                        0x08002631   Thumb Code     4  stm32f10x_it.o(i.HardFault_Handler)
    I2C1_InitPins                            0x08002635   Thumb Code    84  myiic.o(i.I2C1_InitPins)
    I2C2_InitPins                            0x08002691   Thumb Code    30  myiic.o(i.I2C2_InitPins)
    I2C_Cmd                                  0x080026b9   Thumb Code    24  stm32f10x_i2c.o(i.I2C_Cmd)
    I2C_Init                                 0x080026d1   Thumb Code   222  stm32f10x_i2c.o(i.I2C_Init)
    IIC_Init                                 0x080027bd   Thumb Code   154  myiic.o(i.IIC_Init)
    LED_Init                                 0x08002865   Thumb Code    72  led.o(i.LED_Init)
    MemManage_Handler                        0x080028b5   Thumb Code     4  stm32f10x_it.o(i.MemManage_Handler)
    NMI_Handler                              0x080028b9   Thumb Code     2  stm32f10x_it.o(i.NMI_Handler)
    NVIC_Init                                0x080028bd   Thumb Code   100  misc.o(i.NVIC_Init)
    NVIC_PriorityGroupConfig                 0x0800292d   Thumb Code    10  misc.o(i.NVIC_PriorityGroupConfig)
    OSInit                                   0x08002941   Thumb Code    44  os_core.o(i.OSInit)
    OSInitHookBegin                          0x0800296d   Thumb Code     2  os_cpu_c.o(i.OSInitHookBegin)
    OSInitHookEnd                            0x0800296f   Thumb Code     2  os_cpu_c.o(i.OSInitHookEnd)
    OSIntEnter                               0x08002971   Thumb Code    28  os_core.o(i.OSIntEnter)
    OSIntExit                                0x08002995   Thumb Code   112  os_core.o(i.OSIntExit)
    OSMboxCreate                             0x08002a25   Thumb Code    68  os_mbox.o(i.OSMboxCreate)
    OSMboxPend                               0x08002a71   Thumb Code   246  os_mbox.o(i.OSMboxPend)
    OSMboxPost                               0x08002b75   Thumb Code    80  os_mbox.o(i.OSMboxPost)
    OSSchedLock                              0x08002bc5   Thumb Code    50  os_core.o(i.OSSchedLock)
    OSSchedUnlock                            0x08002c05   Thumb Code    82  os_core.o(i.OSSchedUnlock)
    OSStart                                  0x08002c65   Thumb Code    48  os_core.o(i.OSStart)
    OSTCBInitHook                            0x08002cad   Thumb Code     2  os_cpu_c.o(i.OSTCBInitHook)
    OSTaskCreate                             0x08002cb1   Thumb Code   148  os_task.o(i.OSTaskCreate)
    OSTaskCreateExt                          0x08002d51   Thumb Code   170  os_task.o(i.OSTaskCreateExt)
    OSTaskCreateHook                         0x08002e09   Thumb Code     2  os_cpu_c.o(i.OSTaskCreateHook)
    OSTaskIdleHook                           0x08002e0b   Thumb Code     2  os_cpu_c.o(i.OSTaskIdleHook)
    OSTaskNameSet                            0x08002e0d   Thumb Code    98  os_task.o(i.OSTaskNameSet)
    OSTaskStatHook                           0x08002e7d   Thumb Code     2  os_cpu_c.o(i.OSTaskStatHook)
    OSTaskStkChk                             0x08002e81   Thumb Code   132  os_task.o(i.OSTaskStkChk)
    OSTaskStkInit                            0x08002f0d   Thumb Code   154  os_cpu_c.o(i.OSTaskStkInit)
    OSTaskSuspend                            0x08002fa9   Thumb Code   152  os_task.o(i.OSTaskSuspend)
    OSTaskSwHook                             0x08003051   Thumb Code     2  os_cpu_c.o(i.OSTaskSwHook)
    OSTimeDly                                0x08003055   Thumb Code   100  os_time.o(i.OSTimeDly)
    OSTimeTick                               0x080030cd   Thumb Code   210  os_core.o(i.OSTimeTick)
    OSTimeTickHook                           0x080031b9   Thumb Code     2  os_cpu_c.o(i.OSTimeTickHook)
    OS_EventTaskRdy                          0x080031bd   Thumb Code   114  os_core.o(i.OS_EventTaskRdy)
    OS_EventTaskRemove                       0x08003241   Thumb Code    42  os_core.o(i.OS_EventTaskRemove)
    OS_EventTaskWait                         0x0800326d   Thumb Code   112  os_core.o(i.OS_EventTaskWait)
    OS_EventWaitListInit                     0x080032e9   Thumb Code    28  os_core.o(i.OS_EventWaitListInit)
    OS_FlagInit                              0x08003305   Thumb Code    74  os_flag.o(i.OS_FlagInit)
    OS_MemClr                                0x08003569   Thumb Code    18  os_core.o(i.OS_MemClr)
    OS_QInit                                 0x0800357d   Thumb Code    72  os_q.o(i.OS_QInit)
    OS_Sched                                 0x080035cd   Thumb Code    88  os_core.o(i.OS_Sched)
    OS_TCBInit                               0x0800366d   Thumb Code   278  os_core.o(i.OS_TCBInit)
    OS_TaskIdle                              0x080037a1   Thumb Code    34  os_core.o(i.OS_TaskIdle)
    OS_TaskStat                              0x080037c9   Thumb Code   116  os_core.o(i.OS_TaskStat)
    OS_TaskStatStkChk                        0x08003851   Thumb Code    54  os_core.o(i.OS_TaskStatStkChk)
    OS_TaskStkClr                            0x0800388d   Thumb Code    26  os_task.o(i.OS_TaskStkClr)
    RCC_APB1PeriphClockCmd                   0x080038a9   Thumb Code    26  stm32f10x_rcc.o(i.RCC_APB1PeriphClockCmd)
    RCC_APB1PeriphResetCmd                   0x080038c9   Thumb Code    26  stm32f10x_rcc.o(i.RCC_APB1PeriphResetCmd)
    RCC_APB2PeriphClockCmd                   0x080038e9   Thumb Code    26  stm32f10x_rcc.o(i.RCC_APB2PeriphClockCmd)
    RCC_APB2PeriphResetCmd                   0x08003909   Thumb Code    26  stm32f10x_rcc.o(i.RCC_APB2PeriphResetCmd)
    RCC_GetClocksFreq                        0x08003929   Thumb Code   192  stm32f10x_rcc.o(i.RCC_GetClocksFreq)
    SVC_Handler                              0x080039fd   Thumb Code     2  stm32f10x_it.o(i.SVC_Handler)
    SysTick_CLKSourceConfig                  0x08003ae9   Thumb Code    40  misc.o(i.SysTick_CLKSourceConfig)
    SysTick_Handler                          0x08003b11   Thumb Code    24  delay.o(i.SysTick_Handler)
    SystemInit                               0x08003b2d   Thumb Code    78  system_stm32f10x.o(i.SystemInit)
    UART4_IRQHandler                         0x08003b8d   Thumb Code    30  usart.o(i.UART4_IRQHandler)
    UART4_InitPins                           0x08003bb5   Thumb Code    20  usart.o(i.UART4_InitPins)
    UART5_IRQHandler                         0x08003bc9   Thumb Code    28  usart.o(i.UART5_IRQHandler)
    UART5_InitPins                           0x08003bed   Thumb Code    14  usart.o(i.UART5_InitPins)
    USART1_IRQHandler                        0x08003bfd   Thumb Code    30  usart.o(i.USART1_IRQHandler)
    USART1_InitPins                          0x08003c25   Thumb Code   122  usart.o(i.USART1_InitPins)
    USART2_IRQHandler                        0x08003cad   Thumb Code    30  usart.o(i.USART2_IRQHandler)
    USART2_InitPins                          0x08003cd5   Thumb Code   128  usart.o(i.USART2_InitPins)
    USART3_IRQHandler                        0x08003d61   Thumb Code    30  usart.o(i.USART3_IRQHandler)
    USART3_InitPins                          0x08003d89   Thumb Code   194  usart.o(i.USART3_InitPins)
    USART_BufferEmpty                        0x08003e5d   Thumb Code    24  usart.o(i.USART_BufferEmpty)
    USART_BufferFull                         0x08003e75   Thumb Code    28  usart.o(i.USART_BufferFull)
    USART_Cmd                                0x08003e91   Thumb Code    24  stm32f10x_usart.o(i.USART_Cmd)
    USART_DeInit                             0x08003ea9   Thumb Code   134  stm32f10x_usart.o(i.USART_DeInit)
    USART_FindCharacter                      0x08003f45   Thumb Code    58  usart.o(i.USART_FindCharacter)
    USART_GetFlagStatus                      0x08003f7f   Thumb Code    26  stm32f10x_usart.o(i.USART_GetFlagStatus)
    USART_GetITStatus                        0x08003f99   Thumb Code    84  stm32f10x_usart.o(i.USART_GetITStatus)
    USART_Getc                               0x08003fed   Thumb Code    54  usart.o(i.USART_Getc)
    USART_Gets                               0x08004023   Thumb Code    82  usart.o(i.USART_Gets)
    USART_INT_GetSubPriority                 0x08004075   Thumb Code    44  usart.o(i.USART_INT_GetSubPriority)
    USART_INT_GetUsart                       0x080040b5   Thumb Code    44  usart.o(i.USART_INT_GetUsart)
    USART_INT_InsertToBuffer                 0x08004109   Thumb Code    44  usart.o(i.USART_INT_InsertToBuffer)
    USART_ITConfig                           0x08004135   Thumb Code    74  stm32f10x_usart.o(i.USART_ITConfig)
    USART_Init                               0x08004181   Thumb Code   210  stm32f10x_usart.o(i.USART_Init)
    USART_Putc                               0x08004259   Thumb Code    26  usart.o(i.USART_Putc)
    USARTx_Init                              0x08004275   Thumb Code   306  usart.o(i.USARTx_Init)
    UsageFault_Handler                       0x080043bd   Thumb Code     4  stm32f10x_it.o(i.UsageFault_Handler)
    __ARM_fpclassify                         0x080043c1   Thumb Code    40  fpclassify.o(i.__ARM_fpclassify)
    __mathlib_dbl_overflow                   0x080043e9   Thumb Code    14  dunder.o(i.__mathlib_dbl_overflow)
    __mathlib_dbl_underflow                  0x080043f9   Thumb Code    10  dunder.o(i.__mathlib_dbl_underflow)
    __mathlib_narrow                         0x08004409   Thumb Code    16  narrow.o(i.__mathlib_narrow)
    __mathlib_tofloat                        0x08004419   Thumb Code   132  narrow.o(i.__mathlib_tofloat)
    __support_ldexp                          0x080044a1   Thumb Code    22  ldexp.o(i.__support_ldexp)
    _is_digit                                0x080044b7   Thumb Code    14  __printf_wp.o(i._is_digit)
    delay_init                               0x080044c5   Thumb Code    76  delay.o(i.delay_init)
    delay_ms                                 0x08004521   Thumb Code    66  delay.o(i.delay_ms)
    delay_osschedlock                        0x08004571   Thumb Code     8  delay.o(i.delay_osschedlock)
    delay_osschedunlock                      0x08004579   Thumb Code     8  delay.o(i.delay_osschedunlock)
    delay_ostimedly                          0x08004581   Thumb Code    12  delay.o(i.delay_ostimedly)
    delay_us                                 0x0800458d   Thumb Code    86  delay.o(i.delay_us)
    fputc                                    0x080045e9   Thumb Code    18  usart.o(i.fputc)
    frexp                                    0x08004601   Thumb Code    80  frexp.o(i.frexp)
    ldexp                                    0x08004659   Thumb Code   116  ldexp.o(i.ldexp)
    led0_task                                0x080046cd   Thumb Code    84  main.o(i.led0_task)
    led1_task                                0x08004745   Thumb Code    34  main.o(i.led1_task)
    main                                     0x08004771   Thumb Code    58  main.o(i.main)
    main_task                                0x080047b9   Thumb Code   116  main.o(i.main_task)
    micros                                   0x0800485d   Thumb Code    48  delay.o(i.micros)
    millis                                   0x08004891   Thumb Code    10  delay.o(i.millis)
    show_task                                0x080048a1   Thumb Code    42  main.o(i.show_task)
    start_task                               0x080048d5   Thumb Code    86  main.o(i.start_task)
    _get_lc_numeric                          0x08004951   Thumb Code    44  lc_numeric_c.o(locale$$code)
    _get_lc_ctype                            0x0800497d   Thumb Code    44  lc_ctype_c.o(locale$$code)
    __aeabi_d2f                              0x080049a9   Thumb Code     0  d2f.o(x$fpl$d2f)
    _d2f                                     0x080049a9   Thumb Code    98  d2f.o(x$fpl$d2f)
    __fpl_dcheck_NaN1                        0x08004a0d   Thumb Code    10  dcheck1.o(x$fpl$dcheck1)
    __fpl_dcmp_Inf                           0x08004a1d   Thumb Code    24  dcmpi.o(x$fpl$dcmpinf)
    __aeabi_cdcmpeq                          0x08004a35   Thumb Code     0  deqf.o(x$fpl$deqf)
    _dcmpeq                                  0x08004a35   Thumb Code   120  deqf.o(x$fpl$deqf)
    __aeabi_cdcmple                          0x08004aad   Thumb Code     0  dleqf.o(x$fpl$dleqf)
    _dcmple                                  0x08004aad   Thumb Code   120  dleqf.o(x$fpl$dleqf)
    __fpl_dcmple_InfNaN                      0x08004b0f   Thumb Code     0  dleqf.o(x$fpl$dleqf)
    __fpl_dnaninf                            0x08004b25   Thumb Code   156  dnaninf.o(x$fpl$dnaninf)
    __fpl_dretinf                            0x08004bc1   Thumb Code    12  dretinf.o(x$fpl$dretinf)
    __aeabi_cdrcmple                         0x08004bcd   Thumb Code     0  drleqf.o(x$fpl$drleqf)
    _drcmple                                 0x08004bcd   Thumb Code   108  drleqf.o(x$fpl$drleqf)
    __aeabi_f2d                              0x08004c39   Thumb Code     0  f2d.o(x$fpl$f2d)
    _f2d                                     0x08004c39   Thumb Code    86  f2d.o(x$fpl$f2d)
    __fpl_fnaninf                            0x08004c8f   Thumb Code   140  fnaninf.o(x$fpl$fnaninf)
    __fpl_fretinf                            0x08004d1b   Thumb Code    10  fretinf.o(x$fpl$fretinf)
    _printf_fp_dec                           0x08004d25   Thumb Code     4  printf1.o(x$fpl$printf1)
    __fpl_return_NaN                         0x08004d29   Thumb Code   100  retnan.o(x$fpl$retnan)
    __ARM_scalbn                             0x08004d8d   Thumb Code    92  scalbn.o(x$fpl$scalbn)
    _scanf_real                              0x08004de9   Thumb Code     4  scanf1.o(x$fpl$scanf1)
    _scanf_hex_real                          0x08004ded   Thumb Code     4  scanf2.o(x$fpl$scanf2)
    _scanf_infnan                            0x08004df1   Thumb Code     4  scanf2.o(x$fpl$scanf2)
    __fpl_cmpreturn                          0x08004df5   Thumb Code    48  trapv.o(x$fpl$trapveneer)
    OSUnMapTbl                               0x08004e24   Data         256  os_core.o(.constdata)
    __I$use$fp                               0x08004e24   Number         0  usenofp.o(x$fpl$usenofp)
    Region$$Table$$Base                      0x08004fb8   Number         0  anon$$obj.o(Region$$Table)
    Region$$Table$$Limit                     0x08004fd8   Number         0  anon$$obj.o(Region$$Table)
    __aeabi_HUGE_VAL                         0x08004fd8   Data           0  fpconst.o(c$$dinf)
    __aeabi_HUGE_VALL                        0x08004fd8   Data           0  fpconst.o(c$$dinf)
    __aeabi_INFINITY                         0x08004fd8   Data           0  fpconst.o(c$$dinf)
    __dInf                                   0x08004fd8   Data           0  fpconst.o(c$$dinf)
    __huge_val                               0x08004fd8   Data           0  fpconst.o(c$$dinf)
    __ctype                                  0x08005009   Data           0  lc_ctype_c.o(locale$$data)
    msg_key                                  0x20000000   Data           4  main.o(.data)
    SystemCoreClock                          0x20000004   Data           4  system_stm32f10x.o(.data)
    AHBPrescTable                            0x20000008   Data          16  system_stm32f10x.o(.data)
    I2C_Timeout                              0x20000018   Data           4  myiic.o(.data)
    GPIO_I2C_InitStruct                      0x2000001c   Data           4  myiic.o(.data)
    __stdout                                 0x20000024   Data           4  usart.o(.data)
    F4_USART1                                0x20000028   Data          12  usart.o(.data)
    F4_USART2                                0x20000034   Data          12  usart.o(.data)
    F4_USART3                                0x20000040   Data          12  usart.o(.data)
    F4_UART4                                 0x2000004c   Data          12  usart.o(.data)
    F4_UART5                                 0x20000058   Data          12  usart.o(.data)
    F4_USART6                                0x20000064   Data          12  usart.o(.data)
    GPIO_InitStruct                          0x20000070   Data           4  usart.o(.data)
    OSCtxSwCtr                               0x20000088   Data           4  os_core.o(.data)
    OSEventFreeList                          0x2000008c   Data           4  os_core.o(.data)
    OSFlagFreeList                           0x20000090   Data           4  os_core.o(.data)
    OSCPUUsage                               0x20000094   Data           1  os_core.o(.data)
    OSIdleCtrMax                             0x20000098   Data           4  os_core.o(.data)
    OSIdleCtrRun                             0x2000009c   Data           4  os_core.o(.data)
    OSStatRdy                                0x200000a0   Data           1  os_core.o(.data)
    OSIntNesting                             0x200000a1   Data           1  os_core.o(.data)
    OSLockNesting                            0x200000a2   Data           1  os_core.o(.data)
    OSPrioCur                                0x200000a3   Data           1  os_core.o(.data)
    OSPrioHighRdy                            0x200000a4   Data           1  os_core.o(.data)
    OSRdyGrp                                 0x200000a5   Data           1  os_core.o(.data)
    OSRdyTbl                                 0x200000a6   Data           8  os_core.o(.data)
    OSRunning                                0x200000ae   Data           1  os_core.o(.data)
    OSTaskCtr                                0x200000af   Data           1  os_core.o(.data)
    OSIdleCtr                                0x200000b0   Data           4  os_core.o(.data)
    OSTCBCur                                 0x200000b4   Data           4  os_core.o(.data)
    OSTCBFreeList                            0x200000b8   Data           4  os_core.o(.data)
    OSTCBHighRdy                             0x200000bc   Data           4  os_core.o(.data)
    OSTCBList                                0x200000c0   Data           4  os_core.o(.data)
    OSTickStepState                          0x200000c4   Data           1  os_core.o(.data)
    OSQFreeList                              0x200000c8   Data           4  os_core.o(.data)
    OSTime                                   0x200000cc   Data           4  os_core.o(.data)
    START_TASK_STK                           0x200000d0   Data         256  main.o(.bss)
    LED0_TASK_STK                            0x200001d0   Data         256  main.o(.bss)
    LED1_TASK_STK                            0x200002d0   Data         256  main.o(.bss)
    SHOW_TASK_STK                            0x200003d0   Data         512  main.o(.bss)
    FLAGS_TASK_STK                           0x200009d0   Data         512  main.o(.bss)
    KEY_TASK_STK                             0x20000bd0   Data         512  main.o(.bss)
    USART1_Buffer                            0x20000dd0   Data          32  usart.o(.bss)
    USART2_Buffer                            0x20000df0   Data          32  usart.o(.bss)
    USART3_Buffer                            0x20000e10   Data          32  usart.o(.bss)
    UART4_Buffer                             0x20000e30   Data          32  usart.o(.bss)
    UART5_Buffer                             0x20000e50   Data          32  usart.o(.bss)
    USART6_Buffer                            0x20000e70   Data          32  usart.o(.bss)
    OSEventTbl                               0x20000e90   Data         200  os_core.o(.bss)
    OSFlagTbl                                0x20000f58   Data          80  os_core.o(.bss)
    OSTaskStatStk                            0x20000fa8   Data         512  os_core.o(.bss)
    OSTaskIdleStk                            0x200011a8   Data         512  os_core.o(.bss)
    OSTCBPrioTbl                             0x200013a8   Data         256  os_core.o(.bss)
    OSTCBTbl                                 0x200014a8   Data        1008  os_core.o(.bss)
    OSQTbl                                   0x20001898   Data         120  os_core.o(.bss)
    __libspace_start                         0x20001910   Data          96  libspace.o(.bss)
    __temporary_stack_top$libspace           0x20001970   Data           0  libspace.o(.bss)



==============================================================================

Memory Map of the image

  Image Entry point : 0x080001f9

  Load Region LR_1 (Base: 0x08000000, Size: 0x000051dc, Max: 0xffffffff, ABSOLUTE)

    Execution Region ER_RO (Base: 0x08000000, Size: 0x0000510c, Max: 0xffffffff, ABSOLUTE)

    Base Addr    Size         Type   Attr      Idx    E Section Name        Object

    0x08000000   0x00000130   Data   RO          697    RESET               startup_stm32f10x_hd.o
    0x08000130   0x00000008   Code   RO         2224  * !!!main             c_w.l(__main.o)
    0x08000138   0x00000034   Code   RO         2561    !!!scatter          c_w.l(__scatter.o)
    0x0800016c   0x0000001a   Code   RO         2563    !!handler_copy      c_w.l(__scatter_copy.o)
    0x08000186   0x00000002   PAD
    0x08000188   0x0000001c   Code   RO         2565    !!handler_zi        c_w.l(__scatter_zi.o)
    0x080001a4   0x00000000   Code   RO         2217    .ARM.Collect$$_printf_percent$$00000000  c_w.l(_printf_percent.o)
    0x080001a4   0x00000006   Code   RO         2216    .ARM.Collect$$_printf_percent$$00000003  c_w.l(_printf_f.o)
    0x080001aa   0x00000006   Code   RO         2215    .ARM.Collect$$_printf_percent$$00000009  c_w.l(_printf_d.o)
    0x080001b0   0x00000004   Code   RO         2243    .ARM.Collect$$_printf_percent$$00000017  c_w.l(_printf_percent_end.o)
    0x080001b4   0x00000002   Code   RO         2365    .ARM.Collect$$libinit$$00000000  c_w.l(libinit.o)
    0x080001b6   0x00000000   Code   RO         2367    .ARM.Collect$$libinit$$00000002  c_w.l(libinit2.o)
    0x080001b6   0x00000000   Code   RO         2369    .ARM.Collect$$libinit$$00000004  c_w.l(libinit2.o)
    0x080001b6   0x00000000   Code   RO         2372    .ARM.Collect$$libinit$$0000000A  c_w.l(libinit2.o)
    0x080001b6   0x00000000   Code   RO         2374    .ARM.Collect$$libinit$$0000000C  c_w.l(libinit2.o)
    0x080001b6   0x00000000   Code   RO         2376    .ARM.Collect$$libinit$$0000000E  c_w.l(libinit2.o)
    0x080001b6   0x00000006   Code   RO         2377    .ARM.Collect$$libinit$$0000000F  c_w.l(libinit2.o)
    0x080001bc   0x00000000   Code   RO         2379    .ARM.Collect$$libinit$$00000011  c_w.l(libinit2.o)
    0x080001bc   0x0000000c   Code   RO         2380    .ARM.Collect$$libinit$$00000012  c_w.l(libinit2.o)
    0x080001c8   0x00000000   Code   RO         2381    .ARM.Collect$$libinit$$00000013  c_w.l(libinit2.o)
    0x080001c8   0x00000000   Code   RO         2383    .ARM.Collect$$libinit$$00000015  c_w.l(libinit2.o)
    0x080001c8   0x0000000a   Code   RO         2384    .ARM.Collect$$libinit$$00000016  c_w.l(libinit2.o)
    0x080001d2   0x00000000   Code   RO         2385    .ARM.Collect$$libinit$$00000017  c_w.l(libinit2.o)
    0x080001d2   0x00000000   Code   RO         2387    .ARM.Collect$$libinit$$00000019  c_w.l(libinit2.o)
    0x080001d2   0x00000000   Code   RO         2389    .ARM.Collect$$libinit$$0000001B  c_w.l(libinit2.o)
    0x080001d2   0x00000000   Code   RO         2391    .ARM.Collect$$libinit$$0000001D  c_w.l(libinit2.o)
    0x080001d2   0x00000000   Code   RO         2393    .ARM.Collect$$libinit$$0000001F  c_w.l(libinit2.o)
    0x080001d2   0x00000000   Code   RO         2395    .ARM.Collect$$libinit$$00000021  c_w.l(libinit2.o)
    0x080001d2   0x00000000   Code   RO         2397    .ARM.Collect$$libinit$$00000023  c_w.l(libinit2.o)
    0x080001d2   0x00000000   Code   RO         2399    .ARM.Collect$$libinit$$00000025  c_w.l(libinit2.o)
    0x080001d2   0x00000000   Code   RO         2403    .ARM.Collect$$libinit$$0000002C  c_w.l(libinit2.o)
    0x080001d2   0x00000000   Code   RO         2405    .ARM.Collect$$libinit$$0000002E  c_w.l(libinit2.o)
    0x080001d2   0x00000000   Code   RO         2407    .ARM.Collect$$libinit$$00000030  c_w.l(libinit2.o)
    0x080001d2   0x00000000   Code   RO         2409    .ARM.Collect$$libinit$$00000032  c_w.l(libinit2.o)
    0x080001d2   0x00000002   Code   RO         2410    .ARM.Collect$$libinit$$00000033  c_w.l(libinit2.o)
    0x080001d4   0x00000002   Code   RO         2494    .ARM.Collect$$libshutdown$$00000000  c_w.l(libshutdown.o)
    0x080001d6   0x00000000   Code   RO         2520    .ARM.Collect$$libshutdown$$00000003  c_w.l(libshutdown2.o)
    0x080001d6   0x00000000   Code   RO         2523    .ARM.Collect$$libshutdown$$00000006  c_w.l(libshutdown2.o)
    0x080001d6   0x00000000   Code   RO         2526    .ARM.Collect$$libshutdown$$00000009  c_w.l(libshutdown2.o)
    0x080001d6   0x00000000   Code   RO         2528    .ARM.Collect$$libshutdown$$0000000B  c_w.l(libshutdown2.o)
    0x080001d6   0x00000000   Code   RO         2531    .ARM.Collect$$libshutdown$$0000000E  c_w.l(libshutdown2.o)
    0x080001d6   0x00000002   Code   RO         2532    .ARM.Collect$$libshutdown$$0000000F  c_w.l(libshutdown2.o)
    0x080001d8   0x00000000   Code   RO         2232    .ARM.Collect$$rtentry$$00000000  c_w.l(__rtentry.o)
    0x080001d8   0x00000000   Code   RO         2258    .ARM.Collect$$rtentry$$00000002  c_w.l(__rtentry2.o)
    0x080001d8   0x00000006   Code   RO         2270    .ARM.Collect$$rtentry$$00000004  c_w.l(__rtentry4.o)
    0x080001de   0x00000000   Code   RO         2260    .ARM.Collect$$rtentry$$00000009  c_w.l(__rtentry2.o)
    0x080001de   0x00000004   Code   RO         2261    .ARM.Collect$$rtentry$$0000000A  c_w.l(__rtentry2.o)
    0x080001e2   0x00000000   Code   RO         2263    .ARM.Collect$$rtentry$$0000000C  c_w.l(__rtentry2.o)
    0x080001e2   0x00000008   Code   RO         2264    .ARM.Collect$$rtentry$$0000000D  c_w.l(__rtentry2.o)
    0x080001ea   0x00000002   Code   RO         2421    .ARM.Collect$$rtexit$$00000000  c_w.l(rtexit.o)
    0x080001ec   0x00000000   Code   RO         2455    .ARM.Collect$$rtexit$$00000002  c_w.l(rtexit2.o)
    0x080001ec   0x00000004   Code   RO         2456    .ARM.Collect$$rtexit$$00000003  c_w.l(rtexit2.o)
    0x080001f0   0x00000006   Code   RO         2457    .ARM.Collect$$rtexit$$00000004  c_w.l(rtexit2.o)
    0x080001f6   0x00000002   PAD
    0x080001f8   0x00000040   Code   RO          698  * .text               startup_stm32f10x_hd.o
    0x08000238   0x000000b4   Code   RO         2094    .text               os_cpu_a.o
    0x080002ec   0x00000018   Code   RO         2185    .text               c_w.l(noretval__2printf.o)
    0x08000304   0x00000028   Code   RO         2187    .text               c_w.l(noretval__2sprintf.o)
    0x0800032c   0x0000004e   Code   RO         2191    .text               c_w.l(_printf_pad.o)
    0x0800037a   0x00000002   PAD
    0x0800037c   0x00000078   Code   RO         2193    .text               c_w.l(_printf_dec.o)
    0x080003f4   0x00000160   Code   RO         2210    .text               c_w.l(__printf_ss_wp.o)
    0x08000554   0x0000003c   Code   RO         2218    .text               c_w.l(__0sscanf.o)
    0x08000590   0x0000014c   Code   RO         2220    .text               c_w.l(_scanf_int.o)
    0x080006dc   0x00000006   Code   RO         2222    .text               c_w.l(heapauxi.o)
    0x080006e2   0x000000b2   Code   RO         2233    .text               c_w.l(_printf_intcommon.o)
    0x08000794   0x0000041a   Code   RO         2235    .text               c_w.l(_printf_fp_dec.o)
    0x08000bae   0x00000002   PAD
    0x08000bb0   0x00000030   Code   RO         2237    .text               c_w.l(_printf_char_common.o)
    0x08000be0   0x0000000a   Code   RO         2239    .text               c_w.l(_sputc.o)
    0x08000bea   0x00000002   PAD
    0x08000bec   0x00000024   Code   RO         2241    .text               c_w.l(_printf_char_file.o)
    0x08000c10   0x0000001c   Code   RO         2244    .text               c_w.l(_chval.o)
    0x08000c2c   0x000004a4   Code   RO         2246    .text               c_w.l(scanf_fp.o)
    0x080010d0   0x0000002c   Code   RO         2248    .text               c_w.l(scanf_char.o)
    0x080010fc   0x00000040   Code   RO         2250    .text               c_w.l(_sgetc.o)
    0x0800113c   0x00000008   Code   RO         2275    .text               c_w.l(rt_locale_intlibspace.o)
    0x08001144   0x00000008   Code   RO         2280    .text               c_w.l(rt_errno_addr_intlibspace.o)
    0x0800114c   0x0000008a   Code   RO         2282    .text               c_w.l(lludiv10.o)
    0x080011d6   0x00000012   Code   RO         2284    .text               c_w.l(isspace.o)
    0x080011e8   0x00000080   Code   RO         2286    .text               c_w.l(_printf_fp_infnan.o)
    0x08001268   0x00000374   Code   RO         2290    .text               c_w.l(_scanf.o)
    0x080015dc   0x000000dc   Code   RO         2292    .text               c_w.l(bigflt0.o)
    0x080016b8   0x00000008   Code   RO         2317    .text               c_w.l(ferror.o)
    0x080016c0   0x00000008   Code   RO         2343    .text               c_w.l(libspace.o)
    0x080016c8   0x0000004a   Code   RO         2346    .text               c_w.l(sys_stackheap_outer.o)
    0x08001712   0x00000002   PAD
    0x08001714   0x00000010   Code   RO         2348    .text               c_w.l(rt_ctype_table.o)
    0x08001724   0x00000016   Code   RO         2350    .text               c_w.l(_rserrno.o)
    0x0800173a   0x00000002   PAD
    0x0800173c   0x00000318   Code   RO         2352    .text               c_w.l(scanf_hexfp.o)
    0x08001a54   0x00000134   Code   RO         2354    .text               c_w.l(scanf_infnan.o)
    0x08001b88   0x0000000c   Code   RO         2356    .text               c_w.l(exit.o)
    0x08001b94   0x00000080   Code   RO         2358    .text               c_w.l(strcmpv7m.o)
    0x08001c14   0x00000026   Code   RO         2423    .text               c_w.l(llshl.o)
    0x08001c3a   0x00000002   PAD
    0x08001c3c   0x0000000c   Code   RO         2484    .text               c_w.l(sys_exit.o)
    0x08001c48   0x00000002   Code   RO         2509    .text               c_w.l(use_no_semi.o)
    0x08001c4a   0x00000000   Code   RO         2511    .text               c_w.l(indicate_semi.o)
    0x08001c4a   0x0000003e   Code   RO         2295    CL$$btod_d2e        c_w.l(btod.o)
    0x08001c88   0x00000046   Code   RO         2297    CL$$btod_d2e_denorm_low  c_w.l(btod.o)
    0x08001cce   0x00000060   Code   RO         2296    CL$$btod_d2e_norm_op1  c_w.l(btod.o)
    0x08001d2e   0x00000338   Code   RO         2305    CL$$btod_div_common  c_w.l(btod.o)
    0x08002066   0x00000002   PAD
    0x08002068   0x00000054   Code   RO         2303    CL$$btod_e2d        c_w.l(btod.o)
    0x080020bc   0x000000c6   Code   RO         2302    CL$$btod_e2e        c_w.l(btod.o)
    0x08002182   0x00000028   Code   RO         2299    CL$$btod_ediv       c_w.l(btod.o)
    0x080021aa   0x00000028   Code   RO         2301    CL$$btod_edivd      c_w.l(btod.o)
    0x080021d2   0x00000028   Code   RO         2298    CL$$btod_emul       c_w.l(btod.o)
    0x080021fa   0x00000028   Code   RO         2300    CL$$btod_emuld      c_w.l(btod.o)
    0x08002222   0x00000244   Code   RO         2304    CL$$btod_mult_common  c_w.l(btod.o)
    0x08002466   0x00000004   Code   RO          184    i.BusFault_Handler  stm32f10x_it.o
    0x0800246a   0x00000002   PAD
    0x0800246c   0x00000018   Code   RO          400    i.DS1307_Init       ds1307.o
    0x08002484   0x00000002   Code   RO          185    i.DebugMon_Handler  stm32f10x_it.o
    0x08002486   0x00000116   Code   RO          744    i.GPIO_Init         stm32f10x_gpio.o
    0x0800259c   0x00000090   Code   RO          746    i.GPIO_PinRemapConfig  stm32f10x_gpio.o
    0x0800262c   0x00000004   Code   RO          752    i.GPIO_SetBits      stm32f10x_gpio.o
    0x08002630   0x00000004   Code   RO          186    i.HardFault_Handler  stm32f10x_it.o
    0x08002634   0x0000005c   Code   RO          307    i.I2C1_InitPins     myiic.o
    0x08002690   0x00000028   Code   RO          308    i.I2C2_InitPins     myiic.o
    0x080026b8   0x00000018   Code   RO         1262    i.I2C_Cmd           stm32f10x_i2c.o
    0x080026d0   0x000000ec   Code   RO         1276    i.I2C_Init          stm32f10x_i2c.o
    0x080027bc   0x000000a8   Code   RO          320    i.IIC_Init          myiic.o
    0x08002864   0x00000050   Code   RO          295    i.LED_Init          led.o
    0x080028b4   0x00000004   Code   RO          187    i.MemManage_Handler  stm32f10x_it.o
    0x080028b8   0x00000002   Code   RO          188    i.NMI_Handler       stm32f10x_it.o
    0x080028ba   0x00000002   PAD
    0x080028bc   0x00000070   Code   RO          702    i.NVIC_Init         misc.o
    0x0800292c   0x00000014   Code   RO          703    i.NVIC_PriorityGroupConfig  misc.o
    0x08002940   0x0000002c   Code   RO         1460    i.OSInit            os_core.o
    0x0800296c   0x00000002   Code   RO         2097    i.OSInitHookBegin   os_cpu_c.o
    0x0800296e   0x00000002   Code   RO         2098    i.OSInitHookEnd     os_cpu_c.o
    0x08002970   0x00000024   Code   RO         1461    i.OSIntEnter        os_core.o
    0x08002994   0x00000090   Code   RO         1462    i.OSIntExit         os_core.o
    0x08002a24   0x0000004c   Code   RO         1724    i.OSMboxCreate      os_mbox.o
    0x08002a70   0x00000104   Code   RO         1726    i.OSMboxPend        os_mbox.o
    0x08002b74   0x00000050   Code   RO         1728    i.OSMboxPost        os_mbox.o
    0x08002bc4   0x00000040   Code   RO         1463    i.OSSchedLock       os_core.o
    0x08002c04   0x00000060   Code   RO         1464    i.OSSchedUnlock     os_core.o
    0x08002c64   0x00000048   Code   RO         1465    i.OSStart           os_core.o
    0x08002cac   0x00000002   Code   RO         2099    i.OSTCBInitHook     os_cpu_c.o
    0x08002cae   0x00000002   PAD
    0x08002cb0   0x000000a0   Code   RO         1957    i.OSTaskCreate      os_task.o
    0x08002d50   0x000000b8   Code   RO         1958    i.OSTaskCreateExt   os_task.o
    0x08002e08   0x00000002   Code   RO         2100    i.OSTaskCreateHook  os_cpu_c.o
    0x08002e0a   0x00000002   Code   RO         2102    i.OSTaskIdleHook    os_cpu_c.o
    0x08002e0c   0x00000070   Code   RO         1962    i.OSTaskNameSet     os_task.o
    0x08002e7c   0x00000002   Code   RO         2104    i.OSTaskStatHook    os_cpu_c.o
    0x08002e7e   0x00000002   PAD
    0x08002e80   0x0000008c   Code   RO         1967    i.OSTaskStkChk      os_task.o
    0x08002f0c   0x0000009a   Code   RO         2105    i.OSTaskStkInit     os_cpu_c.o
    0x08002fa6   0x00000002   PAD
    0x08002fa8   0x000000a8   Code   RO         1968    i.OSTaskSuspend     os_task.o
    0x08003050   0x00000002   Code   RO         2106    i.OSTaskSwHook      os_cpu_c.o
    0x08003052   0x00000002   PAD
    0x08003054   0x00000078   Code   RO         2052    i.OSTimeDly         os_time.o
    0x080030cc   0x000000ec   Code   RO         1467    i.OSTimeTick        os_core.o
    0x080031b8   0x00000002   Code   RO         2107    i.OSTimeTickHook    os_cpu_c.o
    0x080031ba   0x00000002   PAD
    0x080031bc   0x00000084   Code   RO         1470    i.OS_EventTaskRdy   os_core.o
    0x08003240   0x0000002a   Code   RO         1471    i.OS_EventTaskRemove  os_core.o
    0x0800326a   0x00000002   PAD
    0x0800326c   0x0000007c   Code   RO         1472    i.OS_EventTaskWait  os_core.o
    0x080032e8   0x0000001c   Code   RO         1473    i.OS_EventWaitListInit  os_core.o
    0x08003304   0x00000058   Code   RO         1651    i.OS_FlagInit       os_flag.o
    0x0800335c   0x00000054   Code   RO         1474    i.OS_InitEventList  os_core.o
    0x080033b0   0x00000054   Code   RO         1475    i.OS_InitMisc       os_core.o
    0x08003404   0x00000044   Code   RO         1476    i.OS_InitRdyList    os_core.o
    0x08003448   0x00000080   Code   RO         1477    i.OS_InitTCBList    os_core.o
    0x080034c8   0x00000050   Code   RO         1478    i.OS_InitTaskIdle   os_core.o
    0x08003518   0x00000050   Code   RO         1479    i.OS_InitTaskStat   os_core.o
    0x08003568   0x00000012   Code   RO         1480    i.OS_MemClr         os_core.o
    0x0800357a   0x00000002   PAD
    0x0800357c   0x00000050   Code   RO         1840    i.OS_QInit          os_q.o
    0x080035cc   0x00000074   Code   RO         1482    i.OS_Sched          os_core.o
    0x08003640   0x0000002c   Code   RO         1483    i.OS_SchedNew       os_core.o
    0x0800366c   0x00000134   Code   RO         1485    i.OS_TCBInit        os_core.o
    0x080037a0   0x00000028   Code   RO         1486    i.OS_TaskIdle       os_core.o
    0x080037c8   0x00000088   Code   RO         1487    i.OS_TaskStat       os_core.o
    0x08003850   0x0000003c   Code   RO         1488    i.OS_TaskStatStkChk  os_core.o
    0x0800388c   0x0000001a   Code   RO         1970    i.OS_TaskStkClr     os_task.o
    0x080038a6   0x00000002   PAD
    0x080038a8   0x00000020   Code   RO          878    i.RCC_APB1PeriphClockCmd  stm32f10x_rcc.o
    0x080038c8   0x00000020   Code   RO          879    i.RCC_APB1PeriphResetCmd  stm32f10x_rcc.o
    0x080038e8   0x00000020   Code   RO          880    i.RCC_APB2PeriphClockCmd  stm32f10x_rcc.o
    0x08003908   0x00000020   Code   RO          881    i.RCC_APB2PeriphResetCmd  stm32f10x_rcc.o
    0x08003928   0x000000d4   Code   RO          888    i.RCC_GetClocksFreq  stm32f10x_rcc.o
    0x080039fc   0x00000002   Code   RO          189    i.SVC_Handler       stm32f10x_it.o
    0x080039fe   0x00000008   Code   RO          261    i.SetSysClock       system_stm32f10x.o
    0x08003a06   0x00000002   PAD
    0x08003a08   0x000000e0   Code   RO          262    i.SetSysClockTo72   system_stm32f10x.o
    0x08003ae8   0x00000028   Code   RO          706    i.SysTick_CLKSourceConfig  misc.o
    0x08003b10   0x0000001c   Code   RO          442    i.SysTick_Handler   delay.o
    0x08003b2c   0x00000060   Code   RO          264    i.SystemInit        system_stm32f10x.o
    0x08003b8c   0x00000028   Code   RO          533    i.UART4_IRQHandler  usart.o
    0x08003bb4   0x00000014   Code   RO          534    i.UART4_InitPins    usart.o
    0x08003bc8   0x00000024   Code   RO          535    i.UART5_IRQHandler  usart.o
    0x08003bec   0x0000000e   Code   RO          536    i.UART5_InitPins    usart.o
    0x08003bfa   0x00000002   PAD
    0x08003bfc   0x00000028   Code   RO          537    i.USART1_IRQHandler  usart.o
    0x08003c24   0x00000088   Code   RO          538    i.USART1_InitPins   usart.o
    0x08003cac   0x00000028   Code   RO          539    i.USART2_IRQHandler  usart.o
    0x08003cd4   0x0000008c   Code   RO          540    i.USART2_InitPins   usart.o
    0x08003d60   0x00000028   Code   RO          541    i.USART3_IRQHandler  usart.o
    0x08003d88   0x000000d4   Code   RO          542    i.USART3_InitPins   usart.o
    0x08003e5c   0x00000018   Code   RO          543    i.USART_BufferEmpty  usart.o
    0x08003e74   0x0000001c   Code   RO          544    i.USART_BufferFull  usart.o
    0x08003e90   0x00000018   Code   RO         1080    i.USART_Cmd         stm32f10x_usart.o
    0x08003ea8   0x0000009c   Code   RO         1082    i.USART_DeInit      stm32f10x_usart.o
    0x08003f44   0x0000003a   Code   RO          546    i.USART_FindCharacter  usart.o
    0x08003f7e   0x0000001a   Code   RO         1083    i.USART_GetFlagStatus  stm32f10x_usart.o
    0x08003f98   0x00000054   Code   RO         1084    i.USART_GetITStatus  stm32f10x_usart.o
    0x08003fec   0x00000036   Code   RO          547    i.USART_Getc        usart.o
    0x08004022   0x00000052   Code   RO          548    i.USART_Gets        usart.o
    0x08004074   0x00000040   Code   RO          549    i.USART_INT_GetSubPriority  usart.o
    0x080040b4   0x00000054   Code   RO          550    i.USART_INT_GetUsart  usart.o
    0x08004108   0x0000002c   Code   RO          551    i.USART_INT_InsertToBuffer  usart.o
    0x08004134   0x0000004a   Code   RO         1086    i.USART_ITConfig    stm32f10x_usart.o
    0x0800417e   0x00000002   PAD
    0x08004180   0x000000d8   Code   RO         1087    i.USART_Init        stm32f10x_usart.o
    0x08004258   0x0000001a   Code   RO          552    i.USART_Putc        usart.o
    0x08004272   0x00000002   PAD
    0x08004274   0x00000148   Code   RO          554    i.USARTx_Init       usart.o
    0x080043bc   0x00000004   Code   RO          190    i.UsageFault_Handler  stm32f10x_it.o
    0x080043c0   0x00000028   Code   RO         2335    i.__ARM_fpclassify  m_ws.l(fpclassify.o)
    0x080043e8   0x0000000e   Code   RO         2471    i.__mathlib_dbl_overflow  m_ws.l(dunder.o)
    0x080043f6   0x00000002   PAD
    0x080043f8   0x00000010   Code   RO         2473    i.__mathlib_dbl_underflow  m_ws.l(dunder.o)
    0x08004408   0x00000010   Code   RO         2337    i.__mathlib_narrow  m_ws.l(narrow.o)
    0x08004418   0x00000088   Code   RO         2338    i.__mathlib_tofloat  m_ws.l(narrow.o)
    0x080044a0   0x00000016   Code   RO         2443    i.__support_ldexp   m_ws.l(ldexp.o)
    0x080044b6   0x0000000e   Code   RO         2205    i._is_digit         c_w.l(__printf_wp.o)
    0x080044c4   0x0000005c   Code   RO          443    i.delay_init        delay.o
    0x08004520   0x00000050   Code   RO          444    i.delay_ms          delay.o
    0x08004570   0x00000008   Code   RO          445    i.delay_osschedlock  delay.o
    0x08004578   0x00000008   Code   RO          446    i.delay_osschedunlock  delay.o
    0x08004580   0x0000000c   Code   RO          447    i.delay_ostimedly   delay.o
    0x0800458c   0x0000005c   Code   RO          448    i.delay_us          delay.o
    0x080045e8   0x00000018   Code   RO          555    i.fputc             usart.o
    0x08004600   0x00000058   Code   RO         2418    i.frexp             m_ws.l(frexp.o)
    0x08004658   0x00000074   Code   RO         2444    i.ldexp             m_ws.l(ldexp.o)
    0x080046cc   0x00000078   Code   RO            1    i.led0_task         main.o
    0x08004744   0x0000002c   Code   RO            2    i.led1_task         main.o
    0x08004770   0x00000048   Code   RO            3    i.main              main.o
    0x080047b8   0x000000a4   Code   RO            4    i.main_task         main.o
    0x0800485c   0x00000034   Code   RO          449    i.micros            delay.o
    0x08004890   0x00000010   Code   RO          450    i.millis            delay.o
    0x080048a0   0x00000034   Code   RO            5    i.show_task         main.o
    0x080048d4   0x0000007c   Code   RO            6    i.start_task        main.o
    0x08004950   0x0000002c   Code   RO         2322    locale$$code        c_w.l(lc_numeric_c.o)
    0x0800497c   0x0000002c   Code   RO         2426    locale$$code        c_w.l(lc_ctype_c.o)
    0x080049a8   0x00000062   Code   RO         2411    x$fpl$d2f           fz_ws.l(d2f.o)
    0x08004a0a   0x00000002   PAD
    0x08004a0c   0x00000010   Code   RO         2465    x$fpl$dcheck1       fz_ws.l(dcheck1.o)
    0x08004a1c   0x00000018   Code   RO         2430    x$fpl$dcmpinf       fz_ws.l(dcmpi.o)
    0x08004a34   0x00000078   Code   RO         2413    x$fpl$deqf          fz_ws.l(deqf.o)
    0x08004aac   0x00000078   Code   RO         2432    x$fpl$dleqf         fz_ws.l(dleqf.o)
    0x08004b24   0x0000009c   Code   RO         2434    x$fpl$dnaninf       fz_ws.l(dnaninf.o)
    0x08004bc0   0x0000000c   Code   RO         2252    x$fpl$dretinf       fz_ws.l(dretinf.o)
    0x08004bcc   0x0000006c   Code   RO         2415    x$fpl$drleqf        fz_ws.l(drleqf.o)
    0x08004c38   0x00000056   Code   RO         2226    x$fpl$f2d           fz_ws.l(f2d.o)
    0x08004c8e   0x0000008c   Code   RO         2254    x$fpl$fnaninf       fz_ws.l(fnaninf.o)
    0x08004d1a   0x0000000a   Code   RO         2438    x$fpl$fretinf       fz_ws.l(fretinf.o)
    0x08004d24   0x00000004   Code   RO         2228    x$fpl$printf1       fz_ws.l(printf1.o)
    0x08004d28   0x00000064   Code   RO         2507    x$fpl$retnan        fz_ws.l(retnan.o)
    0x08004d8c   0x0000005c   Code   RO         2440    x$fpl$scalbn        fz_ws.l(scalbn.o)
    0x08004de8   0x00000004   Code   RO         2230    x$fpl$scanf1        fz_ws.l(scanf1.o)
    0x08004dec   0x00000008   Code   RO         2329    x$fpl$scanf2        fz_ws.l(scanf2.o)
    0x08004df4   0x00000030   Code   RO         2533    x$fpl$trapveneer    fz_ws.l(trapv.o)
    0x08004e24   0x00000000   Code   RO         2256    x$fpl$usenofp       fz_ws.l(usenofp.o)
    0x08004e24   0x00000100   Data   RO         1490    .constdata          os_core.o
    0x08004f24   0x00000094   Data   RO         2293    .constdata          c_w.l(bigflt0.o)
    0x08004fb8   0x00000020   Data   RO         2559    Region$$Table       anon$$obj.o
    0x08004fd8   0x00000008   Data   RO         2324    c$$dinf             fz_ws.l(fpconst.o)
    0x08004fe0   0x0000001c   Data   RO         2321    locale$$data        c_w.l(lc_numeric_c.o)
    0x08004ffc   0x00000110   Data   RO         2425    locale$$data        c_w.l(lc_ctype_c.o)


    Execution Region ER_RW (Base: 0x20000000, Size: 0x000000d0, Max: 0xffffffff, ABSOLUTE)

    Base Addr    Size         Type   Attr      Idx    E Section Name        Object

    0x20000000   0x00000004   Data   RW            8    .data               main.o
    0x20000004   0x00000014   Data   RW          265    .data               system_stm32f10x.o
    0x20000018   0x00000008   Data   RW          321    .data               myiic.o
    0x20000020   0x00000004   Data   RW          451    .data               delay.o
    0x20000024   0x00000050   Data   RW          557    .data               usart.o
    0x20000074   0x00000014   Data   RW          908    .data               stm32f10x_rcc.o
    0x20000088   0x00000048   Data   RW         1491    .data               os_core.o


    Execution Region ER_ZI (Base: 0x200000d0, Size: 0x000024a0, Max: 0xffffffff, ABSOLUTE)

    Base Addr    Size         Type   Attr      Idx    E Section Name        Object

    0x200000d0   0x00000d00   Zero   RW            7    .bss                main.o
    0x20000dd0   0x000000c0   Zero   RW          556    .bss                usart.o
    0x20000e90   0x00000a80   Zero   RW         1489    .bss                os_core.o
    0x20001910   0x00000060   Zero   RW         2344    .bss                c_w.l(libspace.o)
    0x20001970   0x00000800   Zero   RW          696    HEAP                startup_stm32f10x_hd.o
    0x20002170   0x00000400   Zero   RW          695    STACK               startup_stm32f10x_hd.o


==============================================================================

Image component sizes


      Code (inc. data)   RO Data    RW Data    ZI Data      Debug   Object Name

       388         50          0          4          0       4339   delay.o
        24         10          0          0          0        422   ds1307.o
        80          8          0          0          0        463   led.o
       576        156          0          4       3328     256332   main.o
       172         22          0          0          0       1913   misc.o
       300         32          0          8          0       2165   myiic.o
      2264        412        256         72       2688      20516   os_core.o
       180         36          0          0          0        300   os_cpu_a.o
       170          0          0          0          0      12335   os_cpu_c.o
        88         14          0          0          0        554   os_flag.o
       416         22          0          0          0       2413   os_mbox.o
        80          8          0          0          0        523   os_q.o
       790         64          0          0          0       5004   os_task.o
       120         20          0          0          0        584   os_time.o
        64         26        304          0       3072        768   startup_stm32f10x_hd.o
       426          6          0          0          0       3169   stm32f10x_gpio.o
       260         14          0          0          0       2845   stm32f10x_i2c.o
        22          0          0          0          0       2631   stm32f10x_it.o
       340         44          0         20          0       5316   stm32f10x_rcc.o
       580         28          0          0          0       5375   stm32f10x_usart.o
         0          0          0          0          0         32   sys.o
       328         28          0         20          0       1905   system_stm32f10x.o
      1534        180          0         80        192      13729   usart.o

    ----------------------------------------------------------------------
      9230       1180        592        208       9280     343633   Object Totals
         0          0         32          0          0          0   (incl. Generated)
        28          0          0          0          0          0   (incl. Padding)

    ----------------------------------------------------------------------

      Code (inc. data)   RO Data    RW Data    ZI Data      Debug   Library Member Name

        60          8          0          0          0         84   __0sscanf.o
         8          0          0          0          0         68   __main.o
       352          0          0          0          0         88   __printf_ss_wp.o
        14          0          0          0          0         68   __printf_wp.o
         0          0          0          0          0          0   __rtentry.o
        12          0          0          0          0          0   __rtentry2.o
         6          0          0          0          0          0   __rtentry4.o
        52          8          0          0          0          0   __scatter.o
        26          0          0          0          0          0   __scatter_copy.o
        28          0          0          0          0          0   __scatter_zi.o
        28          0          0          0          0         68   _chval.o
        48          6          0          0          0         96   _printf_char_common.o
        36          4          0          0          0         80   _printf_char_file.o
         6          0          0          0          0          0   _printf_d.o
       120         16          0          0          0         92   _printf_dec.o
         6          0          0          0          0          0   _printf_f.o
      1050          0          0          0          0        216   _printf_fp_dec.o
       128         16          0          0          0         84   _printf_fp_infnan.o
       178          0          0          0          0         88   _printf_intcommon.o
        78          0          0          0          0        108   _printf_pad.o
         0          0          0          0          0          0   _printf_percent.o
         4          0          0          0          0          0   _printf_percent_end.o
        22          0          0          0          0        100   _rserrno.o
       884          6          0          0          0        100   _scanf.o
       332          0          0          0          0         96   _scanf_int.o
        64          0          0          0          0         84   _sgetc.o
        10          0          0          0          0         68   _sputc.o
       220          4        148          0          0         96   bigflt0.o
      2074        132          0          0          0        940   btod.o
        12          0          0          0          0         72   exit.o
         8          0          0          0          0         68   ferror.o
         6          0          0          0          0        152   heapauxi.o
         0          0          0          0          0          0   indicate_semi.o
        18          0          0          0          0         76   isspace.o
        44         10        272          0          0         76   lc_ctype_c.o
        44         10         28          0          0         76   lc_numeric_c.o
         2          0          0          0          0          0   libinit.o
        30          0          0          0          0          0   libinit2.o
         2          0          0          0          0          0   libshutdown.o
         2          0          0          0          0          0   libshutdown2.o
         8          4          0          0         96         68   libspace.o
        38          0          0          0          0         68   llshl.o
       138          0          0          0          0         80   lludiv10.o
        24          4          0          0          0         84   noretval__2printf.o
        40          6          0          0          0         84   noretval__2sprintf.o
        16          4          0          0          0         76   rt_ctype_table.o
         8          4          0          0          0         68   rt_errno_addr_intlibspace.o
         8          4          0          0          0         68   rt_locale_intlibspace.o
         2          0          0          0          0          0   rtexit.o
        10          0          0          0          0          0   rtexit2.o
        44          8          0          0          0         84   scanf_char.o
      1188         12          0          0          0        148   scanf_fp.o
       792         14          0          0          0        100   scanf_hexfp.o
       308         16          0          0          0        100   scanf_infnan.o
       128          0          0          0          0         68   strcmpv7m.o
        12          4          0          0          0         68   sys_exit.o
        74          0          0          0          0         80   sys_stackheap_outer.o
         2          0          0          0          0         68   use_no_semi.o
        98          4          0          0          0         92   d2f.o
        16          4          0          0          0         68   dcheck1.o
        24          0          0          0          0         68   dcmpi.o
       120          4          0          0          0         92   deqf.o
       120          4          0          0          0         92   dleqf.o
       156          4          0          0          0         92   dnaninf.o
        12          0          0          0          0         68   dretinf.o
       108          0          0          0          0         80   drleqf.o
        86          4          0          0          0         84   f2d.o
       140          4          0          0          0         84   fnaninf.o
         0          0          8          0          0          0   fpconst.o
        10          0          0          0          0         68   fretinf.o
         4          0          0          0          0         68   printf1.o
       100          0          0          0          0         68   retnan.o
        92          0          0          0          0         68   scalbn.o
         4          0          0          0          0         68   scanf1.o
         8          0          0          0          0         84   scanf2.o
        48          0          0          0          0         68   trapv.o
         0          0          0          0          0          0   usenofp.o
        30          6          0          0          0        136   dunder.o
        40          0          0          0          0         68   fpclassify.o
        88          8          0          0          0         76   frexp.o
       138          0          0          0          0        160   ldexp.o
       152          4          0          0          0        168   narrow.o

    ----------------------------------------------------------------------
     10470        348        456          0         96       6376   Library Totals
        22          2          0          0          0          0   (incl. Padding)

    ----------------------------------------------------------------------

      Code (inc. data)   RO Data    RW Data    ZI Data      Debug   Library Name

      8854        300        448          0         96       4456   c_w.l
      1146         28          8          0          0       1312   fz_ws.l
       448         18          0          0          0        608   m_ws.l

    ----------------------------------------------------------------------
     10470        348        456          0         96       6376   Library Totals

    ----------------------------------------------------------------------

==============================================================================


      Code (inc. data)   RO Data    RW Data    ZI Data      Debug   

     19700       1528       1048        208       9376     340489   Grand Totals
     19700       1528       1048        208       9376     340489   ELF Image Totals
     19700       1528       1048        208          0          0   ROM Totals

==============================================================================

    Total RO  Size (Code + RO Data)                20748 (  20.26kB)
    Total RW  Size (RW Data + ZI Data)              9584 (   9.36kB)
    Total ROM Size (Code + RO Data + RW Data)      20956 (  20.46kB)

==============================================================================

