Component: ARM Compiler 5.06 update 3 (build 300) Tool: armlink [4d35c9]

==============================================================================

Section Cross References

    main.o(i.led1_task) refers to delay.o(i.delay_ms) for delay_ms
    main.o(i.led1_task) refers to main.o(.data) for m
    main.o(i.main) refers to misc.o(i.NVIC_PriorityGroupConfig) for NVIC_PriorityGroupConfig
    main.o(i.main) refers to delay.o(i.delay_init) for delay_init
    main.o(i.main) refers to led.o(i.LED_Init) for LED_Init
    main.o(i.main) refers to usart.o(i.USARTx_Init) for USARTx_Init
    main.o(i.main) refers to i2c_lcd.o(i.I2C_LCD_Configuration) for I2C_LCD_Configuration
    main.o(i.main) refers to os_core.o(i.OSInit) for OSInit
    main.o(i.main) refers to os_task.o(i.OSTaskCreate) for OSTaskCreate
    main.o(i.main) refers to os_core.o(i.OSStart) for OSStart
    main.o(i.main) refers to main.o(.bss) for START_TASK_STK
    main.o(i.main) refers to main.o(i.start_task) for start_task
    main.o(i.main_task) refers to _printf_percent.o(.ARM.Collect$$_printf_percent$$00000000) for _printf_percent
    main.o(i.main_task) refers to _printf_d.o(.ARM.Collect$$_printf_percent$$00000009) for _printf_d
    main.o(i.main_task) refers to _printf_dec.o(.text) for _printf_int_dec
    main.o(i.main_task) refers to timer_drive.o(i.servo_180_deg) for servo_180_deg
    main.o(i.main_task) refers to usart.o(i.USART_Gets) for USART_Gets
    main.o(i.main_task) refers to noretval__2sprintf.o(.text) for __2sprintf
    main.o(i.main_task) refers to delay.o(i.delay_ms) for delay_ms
    main.o(i.main_task) refers to main.o(.data) for h
    main.o(i.main_task) refers to main.o(.bss) for a
    main.o(i.servo_task) refers to timer_drive.o(i.servo_180_deg) for servo_180_deg
    main.o(i.servo_task) refers to delay.o(i.delay_ms) for delay_ms
    main.o(i.servo_task) refers to main.o(.data) for count
    main.o(i.show_task) refers to _printf_percent.o(.ARM.Collect$$_printf_percent$$00000000) for _printf_percent
    main.o(i.show_task) refers to _printf_d.o(.ARM.Collect$$_printf_percent$$00000009) for _printf_d
    main.o(i.show_task) refers to _printf_dec.o(.text) for _printf_int_dec
    main.o(i.show_task) refers to i2c_lcd.o(i.lcd_init) for lcd_init
    main.o(i.show_task) refers to i2c_lcd.o(i.Delete_LCD) for Delete_LCD
    main.o(i.show_task) refers to noretval__2sprintf.o(.text) for __2sprintf
    main.o(i.show_task) refers to i2c_lcd.o(i.lcd_send_string) for lcd_send_string
    main.o(i.show_task) refers to i2c_lcd.o(i.lcd_Control_Write) for lcd_Control_Write
    main.o(i.show_task) refers to delay.o(i.delay_ms) for delay_ms
    main.o(i.show_task) refers to main.o(.data) for count
    main.o(i.show_task) refers to main.o(.bss) for a
    main.o(i.start_task) refers to os_mbox.o(i.OSMboxCreate) for OSMboxCreate
    main.o(i.start_task) refers to os_cpu_a.o(.text) for OS_CPU_SR_Save
    main.o(i.start_task) refers to os_task.o(i.OSTaskCreate) for OSTaskCreate
    main.o(i.start_task) refers to os_task.o(i.OSTaskSuspend) for OSTaskSuspend
    main.o(i.start_task) refers to main.o(.data) for msg_key
    main.o(i.start_task) refers to main.o(.bss) for LED1_TASK_STK
    main.o(i.start_task) refers to main.o(i.led1_task) for led1_task
    main.o(i.start_task) refers to main.o(i.show_task) for show_task
    main.o(i.start_task) refers to main.o(i.servo_task) for servo_task
    main.o(i.start_task) refers to main.o(i.main_task) for main_task
    ldr.o(i.ADC_configuration) refers to stm32f10x_rcc.o(i.RCC_APB2PeriphClockCmd) for RCC_APB2PeriphClockCmd
    ldr.o(i.ADC_configuration) refers to stm32f10x_rcc.o(i.RCC_ADCCLKConfig) for RCC_ADCCLKConfig
    ldr.o(i.ADC_configuration) refers to stm32f10x_gpio.o(i.GPIO_Init) for GPIO_Init
    ldr.o(i.ADC_configuration) refers to stm32f10x_adc.o(i.ADC_Init) for ADC_Init
    ldr.o(i.ADC_configuration) refers to stm32f10x_adc.o(i.ADC_RegularChannelConfig) for ADC_RegularChannelConfig
    ldr.o(i.ADC_configuration) refers to stm32f10x_adc.o(i.ADC_Cmd) for ADC_Cmd
    ldr.o(i.ADC_configuration) refers to stm32f10x_adc.o(i.ADC_ResetCalibration) for ADC_ResetCalibration
    ldr.o(i.ADC_configuration) refers to stm32f10x_adc.o(i.ADC_GetResetCalibrationStatus) for ADC_GetResetCalibrationStatus
    ldr.o(i.ADC_configuration) refers to stm32f10x_adc.o(i.ADC_StartCalibration) for ADC_StartCalibration
    ldr.o(i.ADC_configuration) refers to stm32f10x_adc.o(i.ADC_GetCalibrationStatus) for ADC_GetCalibrationStatus
    ldr.o(i.ADC_configuration) refers to stm32f10x_adc.o(i.ADC_SoftwareStartConvCmd) for ADC_SoftwareStartConvCmd
    ldr.o(i.Clock_Config) refers to stm32f10x_rcc.o(i.RCC_DeInit) for RCC_DeInit
    ldr.o(i.Clock_Config) refers to stm32f10x_rcc.o(i.RCC_HCLKConfig) for RCC_HCLKConfig
    ldr.o(i.Clock_Config) refers to stm32f10x_rcc.o(i.RCC_PCLK2Config) for RCC_PCLK2Config
    ldr.o(i.Clock_Config) refers to stm32f10x_rcc.o(i.RCC_PCLK1Config) for RCC_PCLK1Config
[...]
    Removing os_core.o(i.OSVersion), (6 bytes).
    Removing os_core.o(i.OS_Dummy), (2 bytes).
    Removing os_core.o(i.OS_EventTaskRdy), (132 bytes).
    Removing os_core.o(i.OS_EventTaskRemove), (42 bytes).
    Removing os_core.o(i.OS_EventTaskWait), (124 bytes).
    Removing os_core.o(i.OS_MemCopy), (20 bytes).
    Removing os_core.o(i.OS_StrLen), (20 bytes).
    Removing os_flag.o(i.OSFlagAccept), (252 bytes).
    Removing os_flag.o(i.OSFlagCreate), (100 bytes).
    Removing os_flag.o(i.OSFlagDel), (228 bytes).
    Removing os_flag.o(i.OSFlagNameGet), (84 bytes).
    Removing os_flag.o(i.OSFlagNameSet), (72 bytes).
    Removing os_flag.o(i.OSFlagPend), (596 bytes).
    Removing os_flag.o(i.OSFlagPendGetFlagsRdy), (32 bytes).
    Removing os_flag.o(i.OSFlagPost), (312 bytes).
    Removing os_flag.o(i.OSFlagQuery), (48 bytes).
    Removing os_flag.o(i.OS_FlagBlock), (164 bytes).
    Removing os_flag.o(i.OS_FlagTaskRdy), (92 bytes).
    Removing os_flag.o(i.OS_FlagUnlink), (36 bytes).
    Removing os_mbox.o(i.OSMboxAccept), (38 bytes).
    Removing os_mbox.o(i.OSMboxDel), (208 bytes).
    Removing os_mbox.o(i.OSMboxPend), (260 bytes).
    Removing os_mbox.o(i.OSMboxPendAbort), (128 bytes).
    Removing os_mbox.o(i.OSMboxPost), (80 bytes).
    Removing os_mbox.o(i.OSMboxPostOpt), (120 bytes).
    Removing os_mbox.o(i.OSMboxQuery), (76 bytes).
    Removing os_mutex.o(i.OSMutexAccept), (144 bytes).
    Removing os_mutex.o(i.OSMutexCreate), (148 bytes).
    Removing os_mutex.o(i.OSMutexDel), (280 bytes).
    Removing os_mutex.o(i.OSMutexPend), (568 bytes).
    Removing os_mutex.o(i.OSMutexPost), (200 bytes).
    Removing os_mutex.o(i.OSMutexQuery), (112 bytes).
    Removing os_mutex.o(i.OSMutex_RdyAtPrio), (132 bytes).
    Removing os_q.o(i.OSQAccept), (88 bytes).
    Removing os_q.o(i.OSQCreate), (152 bytes).
    Removing os_q.o(i.OSQDel), (248 bytes).
    Removing os_q.o(i.OSQFlush), (36 bytes).
    Removing os_q.o(i.OSQPend), (284 bytes).
    Removing os_q.o(i.OSQPendAbort), (128 bytes).
    Removing os_q.o(i.OSQPost), (114 bytes).
    Removing os_q.o(i.OSQPostFront), (116 bytes).
    Removing os_q.o(i.OSQPostOpt), (182 bytes).
    Removing os_q.o(i.OSQQuery), (98 bytes).
    Removing os_sem.o(i.OSSemAccept), (42 bytes).
    Removing os_sem.o(i.OSSemCreate), (76 bytes).
    Removing os_sem.o(i.OSSemDel), (208 bytes).
    Removing os_sem.o(i.OSSemPend), (236 bytes).
    Removing os_sem.o(i.OSSemPendAbort), (128 bytes).
    Removing os_sem.o(i.OSSemPost), (88 bytes).
    Removing os_sem.o(i.OSSemQuery), (76 bytes).
    Removing os_sem.o(i.OSSemSet), (66 bytes).
    Removing os_task.o(i.OSTaskChangePrio), (328 bytes).
    Removing os_task.o(i.OSTaskDel), (340 bytes).
    Removing os_task.o(i.OSTaskDelReq), (108 bytes).
    Removing os_task.o(i.OSTaskNameGet), (128 bytes).
    Removing os_task.o(i.OSTaskQuery), (92 bytes).
    Removing os_task.o(i.OSTaskRegGet), (68 bytes).
    Removing os_task.o(i.OSTaskRegSet), (72 bytes).
    Removing os_task.o(i.OSTaskResume), (172 bytes).
    Removing os_task.o(i.OS_TaskReturn), (24 bytes).
    Removing os_time.o(i.OSTimeDlyHMSM), (96 bytes).
    Removing os_time.o(i.OSTimeDlyResume), (180 bytes).
    Removing os_time.o(i.OSTimeGet), (28 bytes).
    Removing os_time.o(i.OSTimeSet), (28 bytes).
    Removing os_cpu_c.o(i.OSTaskDelHook), (2 bytes).
    Removing os_cpu_c.o(i.OSTaskReturnHook), (2 bytes).
    Removing os_cpu_c.o(.data), (4 bytes).

261 unused section(s) (total 16444 bytes) removed from the image.

==============================================================================

Image Symbol Table

    Local Symbols

    Symbol Name                              Value     Ov Type        Size  Object(Section)

    ../clib/angel/boardlib.s                 0x00000000   Number         0  boardshut.o ABSOLUTE
    ../clib/angel/boardlib.s                 0x00000000   Number         0  boardinit3.o ABSOLUTE
    ../clib/angel/boardlib.s                 0x00000000   Number         0  boardinit2.o ABSOLUTE
    ../clib/angel/boardlib.s                 0x00000000   Number         0  boardinit1.o ABSOLUTE
    ../clib/angel/handlers.s                 0x00000000   Number         0  __scatter_zi.o ABSOLUTE
    ../clib/angel/handlers.s                 0x00000000   Number         0  __scatter_copy.o ABSOLUTE
    ../clib/angel/kernel.s                   0x00000000   Number         0  rtexit2.o ABSOLUTE
    ../clib/angel/kernel.s                   0x00000000   Number         0  __rtentry.o ABSOLUTE
    ../clib/angel/kernel.s                   0x00000000   Number         0  rtexit.o ABSOLUTE
    ../clib/angel/kernel.s                   0x00000000   Number         0  __rtentry4.o ABSOLUTE
    ../clib/angel/kernel.s                   0x00000000   Number         0  __rtentry2.o ABSOLUTE
    ../clib/angel/rt.s                       0x00000000   Number         0  rt_raise.o ABSOLUTE
    ../clib/angel/scatter.s                  0x00000000   Number         0  __scatter.o ABSOLUTE
    ../clib/angel/startup.s                  0x00000000   Number         0  __main.o ABSOLUTE
    ../clib/angel/sys.s                      0x00000000   Number         0  libspace.o ABSOLUTE
    ../clib/angel/sys.s                      0x00000000   Number         0  sys_stackheap_outer.o ABSOLUTE
    ../clib/angel/sys.s                      0x00000000   Number         0  use_no_semi.o ABSOLUTE
    ../clib/angel/sys.s                      0x00000000   Number         0  indicate_semi.o ABSOLUTE
    ../clib/angel/sysapp.c                   0x00000000   Number         0  sys_exit.o ABSOLUTE
    ../clib/angel/sysapp.c                   0x00000000   Number         0  sys_wrch.o ABSOLUTE
    ../clib/angel/sysapp.c                   0x00000000   Number         0  sys_command.o ABSOLUTE
    ../clib/armsys.c                         0x00000000   Number         0  no_argv.o ABSOLUTE
    ../clib/armsys.c                         0x00000000   Number         0  _get_argv_nomalloc.o ABSOLUTE
    ../clib/armsys.c                         0x00000000   Number         0  argv_veneer.o ABSOLUTE
    ../clib/armsys.c                         0x00000000   Number         0  argv_veneer.o ABSOLUTE
    ../clib/heapalloc.c                      0x00000000   Number         0  hrguard.o ABSOLUTE
    ../clib/heapaux.c                        0x00000000   Number         0  heapauxi.o ABSOLUTE
    ../clib/libinit.s                        0x00000000   Number         0  libinit2.o ABSOLUTE
    ../clib/libinit.s                        0x00000000   Number         0  libshutdown.o ABSOLUTE
    ../clib/libinit.s                        0x00000000   Number         0  libinit.o ABSOLUTE
    ../clib/libinit.s                        0x00000000   Number         0  libshutdown2.o ABSOLUTE
    ../clib/printf.c                         0x00000000   Number         0  __printf_wp.o ABSOLUTE
    ../clib/printf.c                         0x00000000   Number         0  __printf_flags_ss.o ABSOLUTE
    ../clib/printf.c                         0x00000000   Number         0  __printf_ss.o ABSOLUTE
    ../clib/printf.c                         0x00000000   Number         0  __printf_flags.o ABSOLUTE
    ../clib/printf.c                         0x00000000   Number         0  __printf_nopercent.o ABSOLUTE
    ../clib/printf.c                         0x00000000   Number         0  _printf_dec.o ABSOLUTE
    ../clib/printf.c                         0x00000000   Number         0  __printf_ss_wp.o ABSOLUTE
    ../clib/printf.c                         0x00000000   Number         0  __printf.o ABSOLUTE
    ../clib/printf.c                         0x00000000   Number         0  noretval__2sprintf.o ABSOLUTE
    ../clib/printf.c                         0x00000000   Number         0  __2sprintf.o ABSOLUTE
    ../clib/printf.c                         0x00000000   Number         0  _sputc.o ABSOLUTE
    ../clib/printf.c                         0x00000000   Number         0  _printf_char_common.o ABSOLUTE
    ../clib/printf.c                         0x00000000   Number         0  _printf_intcommon.o ABSOLUTE
    ../clib/printf.c                         0x00000000   Number         0  __printf_flags_ss_wp.o ABSOLUTE
    ../clib/printf.c                         0x00000000   Number         0  __printf_flags_wp.o ABSOLUTE
    ../clib/printf_percent.s                 0x00000000   Number         0  _printf_d.o ABSOLUTE
    ../clib/printf_percent.s                 0x00000000   Number         0  _printf_percent_end.o ABSOLUTE
    ../clib/printf_percent.s                 0x00000000   Number         0  _printf_percent.o ABSOLUTE
    ../clib/signal.c                         0x00000000   Number         0  defsig_abrt_inner.o ABSOLUTE
    ../clib/signal.c                         0x00000000   Number         0  defsig_general.o ABSOLUTE
    ../clib/signal.c                         0x00000000   Number         0  __raise.o ABSOLUTE
    ../clib/signal.c                         0x00000000   Number         0  defsig_pvfn_inner.o ABSOLUTE
    ../clib/signal.c                         0x00000000   Number         0  defsig_exit.o ABSOLUTE
    ../clib/signal.c                         0x00000000   Number         0  defsig_rtmem_formal.o ABSOLUTE
    ../clib/signal.c                         0x00000000   Number         0  defsig_rtred_inner.o ABSOLUTE
    ../clib/signal.c                         0x00000000   Number         0  defsig_segv_inner.o ABSOLUTE
    ../clib/signal.c                         0x00000000   Number         0  defsig_rtmem_outer.o ABSOLUTE
    ../clib/signal.c                         0x00000000   Number         0  defsig_other.o ABSOLUTE
    ../clib/signal.c                         0x00000000   Number         0  defsig_rtmem_inner.o ABSOLUTE
    ../clib/signal.c                         0x00000000   Number         0  defsig_cppl_inner.o ABSOLUTE
    ../clib/signal.c                         0x00000000   Number         0  defsig_stak_inner.o ABSOLUTE
    ../clib/signal.c                         0x00000000   Number         0  defsig_fpe_inner.o ABSOLUTE
    ../clib/signal.s                         0x00000000   Number         0  defsig.o ABSOLUTE
    ../clib/stdlib.c                         0x00000000   Number         0  exit.o ABSOLUTE
    ../fplib/fpinit.s                        0x00000000   Number         0  fpinit.o ABSOLUTE
    ..\CORE\core_cm3.c                       0x00000000   Number         0  core_cm3.o ABSOLUTE
    ..\CORE\startup_stm32f10x_md.s           0x00000000   Number         0  startup_stm32f10x_md.o ABSOLUTE
    ..\HARDWARE\IIC\myiic.c                  0x00000000   Number         0  myiic.o ABSOLUTE
    ..\HARDWARE\LDR\ldr.c                    0x00000000   Number         0  ldr.o ABSOLUTE
    ..\HARDWARE\LED\led.c                    0x00000000   Number         0  led.o ABSOLUTE
    ..\HARDWARE\i2c_lcd.c                    0x00000000   Number         0  i2c_lcd.o ABSOLUTE
    ..\STM32F10x_FWLib\src\gp_drive.c        0x00000000   Number         0  gp_drive.o ABSOLUTE
    ..\STM32F10x_FWLib\src\misc.c            0x00000000   Number         0  misc.o ABSOLUTE
    ..\STM32F10x_FWLib\src\stm32f10x_adc.c   0x00000000   Number         0  stm32f10x_adc.o ABSOLUTE
    ..\STM32F10x_FWLib\src\stm32f10x_dbgmcu.c 0x00000000   Number         0  stm32f10x_dbgmcu.o ABSOLUTE
    ..\STM32F10x_FWLib\src\stm32f10x_gpio.c  0x00000000   Number         0  stm32f10x_gpio.o ABSOLUTE
    ..\STM32F10x_FWLib\src\stm32f10x_i2c.c   0x00000000   Number         0  stm32f10x_i2c.o ABSOLUTE
    ..\STM32F10x_FWLib\src\stm32f10x_rcc.c   0x00000000   Number         0  stm32f10x_rcc.o ABSOLUTE
    ..\STM32F10x_FWLib\src\stm32f10x_usart.c 0x00000000   Number         0  stm32f10x_usart.o ABSOLUTE
    ..\STM32F10x_FWLib\src\timer_drive.c     0x00000000   Number         0  timer_drive.o ABSOLUTE
    ..\SYSTEM\delay\delay.c                  0x00000000   Number         0  delay.o ABSOLUTE
    ..\SYSTEM\sys\sys.c                      0x00000000   Number         0  sys.o ABSOLUTE
    ..\SYSTEM\usart\usart.c                  0x00000000   Number         0  usart.o ABSOLUTE
    ..\UCOSII\CORE\os_core.c                 0x00000000   Number         0  os_core.o ABSOLUTE
    ..\UCOSII\CORE\os_flag.c                 0x00000000   Number         0  os_flag.o ABSOLUTE
    ..\UCOSII\CORE\os_mbox.c                 0x00000000   Number         0  os_mbox.o ABSOLUTE
    ..\UCOSII\CORE\os_mem.c                  0x00000000   Number         0  os_mem.o ABSOLUTE
    ..\UCOSII\CORE\os_mutex.c                0x00000000   Number         0  os_mutex.o ABSOLUTE
    ..\UCOSII\CORE\os_q.c                    0x00000000   Number         0  os_q.o ABSOLUTE
    ..\UCOSII\CORE\os_sem.c                  0x00000000   Number         0  os_sem.o ABSOLUTE
    ..\UCOSII\CORE\os_task.c                 0x00000000   Number         0  os_task.o ABSOLUTE
    ..\UCOSII\CORE\os_time.c                 0x00000000   Number         0  os_time.o ABSOLUTE
    ..\UCOSII\CORE\os_tmr.c                  0x00000000   Number         0  os_tmr.o ABSOLUTE
    ..\UCOSII\PORT\os_cpu_a.asm              0x00000000   Number         0  os_cpu_a.o ABSOLUTE
    ..\UCOSII\PORT\os_cpu_c.c                0x00000000   Number         0  os_cpu_c.o ABSOLUTE
    ..\\CORE\\core_cm3.c                     0x00000000   Number         0  core_cm3.o ABSOLUTE
    ..\\SYSTEM\\sys\\sys.c                   0x00000000   Number         0  sys.o ABSOLUTE
    dc.s                                     0x00000000   Number         0  dc.o ABSOLUTE
    main.c                                   0x00000000   Number         0  main.o ABSOLUTE
    stm32f10x_it.c                           0x00000000   Number         0  stm32f10x_it.o ABSOLUTE
    system_stm32f10x.c                       0x00000000   Number         0  system_stm32f10x.o ABSOLUTE
    RESET                                    0x08000000   Section      236  startup_stm32f10x_md.o(RESET)
    !!!main                                  0x080000ec   Section        8  __main.o(!!!main)
    !!!scatter                               0x080000f4   Section       52  __scatter.o(!!!scatter)
    !!handler_copy                           0x08000128   Section       26  __scatter_copy.o(!!handler_copy)
    !!handler_zi                             0x08000144   Section       28  __scatter_zi.o(!!handler_zi)
    .ARM.Collect$$_printf_percent$$00000000  0x08000160   Section        0  _printf_percent.o(.ARM.Collect$$_printf_percent$$00000000)
    .ARM.Collect$$_printf_percent$$00000009  0x08000160   Section        6  _printf_d.o(.ARM.Collect$$_printf_percent$$00000009)
    .ARM.Collect$$_printf_percent$$00000017  0x08000166   Section        4  _printf_percent_end.o(.ARM.Collect$$_printf_percent$$00000017)
    .ARM.Collect$$libinit$$00000000          0x0800016a   Section        2  libinit.o(.ARM.Collect$$libinit$$00000000)
    .ARM.Collect$$libinit$$00000002          0x0800016c   Section        0  libinit2.o(.ARM.Collect$$libinit$$00000002)
    .ARM.Collect$$libinit$$00000004          0x0800016c   Section        0  libinit2.o(.ARM.Collect$$libinit$$00000004)
    .ARM.Collect$$libinit$$0000000A          0x0800016c   Section        0  libinit2.o(.ARM.Collect$$libinit$$0000000A)
    .ARM.Collect$$libinit$$0000000C          0x0800016c   Section        0  libinit2.o(.ARM.Collect$$libinit$$0000000C)
    .ARM.Collect$$libinit$$0000000E          0x0800016c   Section        0  libinit2.o(.ARM.Collect$$libinit$$0000000E)
    .ARM.Collect$$libinit$$00000011          0x0800016c   Section        0  libinit2.o(.ARM.Collect$$libinit$$00000011)
    .ARM.Collect$$libinit$$00000013          0x0800016c   Section        0  libinit2.o(.ARM.Collect$$libinit$$00000013)
    .ARM.Collect$$libinit$$00000015          0x0800016c   Section        0  libinit2.o(.ARM.Collect$$libinit$$00000015)
    .ARM.Collect$$libinit$$00000017          0x0800016c   Section        0  libinit2.o(.ARM.Collect$$libinit$$00000017)
    .ARM.Collect$$libinit$$00000019          0x0800016c   Section        0  libinit2.o(.ARM.Collect$$libinit$$00000019)
    .ARM.Collect$$libinit$$0000001B          0x0800016c   Section        0  libinit2.o(.ARM.Collect$$libinit$$0000001B)
    .ARM.Collect$$libinit$$0000001D          0x0800016c   Section        0  libinit2.o(.ARM.Collect$$libinit$$0000001D)
    .ARM.Collect$$libinit$$0000001F          0x0800016c   Section        0  libinit2.o(.ARM.Collect$$libinit$$0000001F)
    .ARM.Collect$$libinit$$00000021          0x0800016c   Section        0  libinit2.o(.ARM.Collect$$libinit$$00000021)
    .ARM.Collect$$libinit$$00000023          0x0800016c   Section        0  libinit2.o(.ARM.Collect$$libinit$$00000023)
    .ARM.Collect$$libinit$$00000025          0x0800016c   Section        0  libinit2.o(.ARM.Collect$$libinit$$00000025)
    .ARM.Collect$$libinit$$0000002C          0x0800016c   Section        0  libinit2.o(.ARM.Collect$$libinit$$0000002C)
    .ARM.Collect$$libinit$$0000002E          0x0800016c   Section        0  libinit2.o(.ARM.Collect$$libinit$$0000002E)
    .ARM.Collect$$libinit$$00000030          0x0800016c   Section        0  libinit2.o(.ARM.Collect$$libinit$$00000030)
    .ARM.Collect$$libinit$$00000032          0x0800016c   Section        0  libinit2.o(.ARM.Collect$$libinit$$00000032)
    .ARM.Collect$$libinit$$00000033          0x0800016c   Section        2  libinit2.o(.ARM.Collect$$libinit$$00000033)
    .ARM.Collect$$libshutdown$$00000000      0x0800016e   Section        2  libshutdown.o(.ARM.Collect$$libshutdown$$00000000)
    .ARM.Collect$$libshutdown$$00000002      0x08000170   Section        0  libshutdown2.o(.ARM.Collect$$libshutdown$$00000002)
    .ARM.Collect$$libshutdown$$00000004      0x08000170   Section        0  libshutdown2.o(.ARM.Collect$$libshutdown$$00000004)
    .ARM.Collect$$libshutdown$$00000007      0x08000170   Section        0  libshutdown2.o(.ARM.Collect$$libshutdown$$00000007)
    .ARM.Collect$$libshutdown$$0000000A      0x08000170   Section        0  libshutdown2.o(.ARM.Collect$$libshutdown$$0000000A)
    .ARM.Collect$$libshutdown$$0000000C      0x08000170   Section        0  libshutdown2.o(.ARM.Collect$$libshutdown$$0000000C)
    .ARM.Collect$$libshutdown$$0000000F      0x08000170   Section        0  libshutdown2.o(.ARM.Collect$$libshutdown$$0000000F)
    .ARM.Collect$$libshutdown$$00000010      0x08000170   Section        2  libshutdown2.o(.ARM.Collect$$libshutdown$$00000010)
    .ARM.Collect$$rtentry$$00000000          0x08000172   Section        0  __rtentry.o(.ARM.Collect$$rtentry$$00000000)
    .ARM.Collect$$rtentry$$00000002          0x08000172   Section        0  __rtentry2.o(.ARM.Collect$$rtentry$$00000002)
    .ARM.Collect$$rtentry$$00000004          0x08000172   Section        6  __rtentry4.o(.ARM.Collect$$rtentry$$00000004)
    .ARM.Collect$$rtentry$$00000009          0x08000178   Section        0  __rtentry2.o(.ARM.Collect$$rtentry$$00000009)
    .ARM.Collect$$rtentry$$0000000A          0x08000178   Section        4  __rtentry2.o(.ARM.Collect$$rtentry$$0000000A)
    .ARM.Collect$$rtentry$$0000000C          0x0800017c   Section        0  __rtentry2.o(.ARM.Collect$$rtentry$$0000000C)
    .ARM.Collect$$rtentry$$0000000D          0x0800017c   Section        8  __rtentry2.o(.ARM.Collect$$rtentry$$0000000D)
    .ARM.Collect$$rtexit$$00000000           0x08000184   Section        2  rtexit.o(.ARM.Collect$$rtexit$$00000000)
    .ARM.Collect$$rtexit$$00000002           0x08000186   Section        0  rtexit2.o(.ARM.Collect$$rtexit$$00000002)
    .ARM.Collect$$rtexit$$00000003           0x08000186   Section        4  rtexit2.o(.ARM.Collect$$rtexit$$00000003)
    .ARM.Collect$$rtexit$$00000004           0x0800018a   Section        6  rtexit2.o(.ARM.Collect$$rtexit$$00000004)
    .text                                    0x08000190   Section       64  startup_stm32f10x_md.o(.text)
    .text                                    0x080001d0   Section      180  os_cpu_a.o(.text)
    .text                                    0x08000284   Section        0  noretval__2sprintf.o(.text)
    .text                                    0x080002ac   Section        0  __printf.o(.text)
    .text                                    0x08000314   Section        0  _printf_dec.o(.text)
    .text                                    0x0800038c   Section        0  heapauxi.o(.text)
    .text                                    0x08000392   Section        0  _printf_intcommon.o(.text)
    .text                                    0x08000444   Section        0  _printf_char_common.o(.text)
    _printf_input_char                       0x08000445   Thumb Code    10  _printf_char_common.o(.text)
    .text                                    0x08000474   Section        0  _sputc.o(.text)
    .text                                    0x0800047e   Section       74  sys_stackheap_outer.o(.text)
    .text                                    0x080004c8   Section        0  exit.o(.text)
    .text                                    0x080004dc   Section        8  libspace.o(.text)
    .text                                    0x080004e4   Section        0  sys_exit.o(.text)
    .text                                    0x080004f0   Section        2  use_no_semi.o(.text)
    .text                                    0x080004f2   Section        0  indicate_semi.o(.text)
    i.BusFault_Handler                       0x080004f2   Section        0  stm32f10x_it.o(i.BusFault_Handler)
    i.DebugMon_Handler                       0x080004f6   Section        0  stm32f10x_it.o(i.DebugMon_Handler)
    i.Delete_LCD                             0x080004f8   Section        0  i2c_lcd.o(i.Delete_LCD)
    i.GPIO_Init                              0x08000508   Section        0  stm32f10x_gpio.o(i.GPIO_Init)
    i.GPIO_SetBits                           0x0800061e   Section        0  stm32f10x_gpio.o(i.GPIO_SetBits)
    i.HardFault_Handler                      0x08000622   Section        0  stm32f10x_it.o(i.HardFault_Handler)
    i.I2C_CheckEvent                         0x08000626   Section        0  stm32f10x_i2c.o(i.I2C_CheckEvent)
    i.I2C_Cmd                                0x08000650   Section        0  stm32f10x_i2c.o(i.I2C_Cmd)
    i.I2C_GenerateSTART                      0x08000668   Section        0  stm32f10x_i2c.o(i.I2C_GenerateSTART)
    i.I2C_GenerateSTOP                       0x08000680   Section        0  stm32f10x_i2c.o(i.I2C_GenerateSTOP)
    i.I2C_Init                               0x08000698   Section        0  stm32f10x_i2c.o(i.I2C_Init)
    i.I2C_LCD_Configuration                  0x08000784   Section        0  i2c_lcd.o(i.I2C_LCD_Configuration)
    i.I2C_Send7bitAddress                    0x080007f8   Section        0  stm32f10x_i2c.o(i.I2C_Send7bitAddress)
    i.I2C_SendData                           0x0800080a   Section        0  stm32f10x_i2c.o(i.I2C_SendData)
    i.LED_Init                               0x08000810   Section        0  led.o(i.LED_Init)
    i.MemManage_Handler                      0x0800087c   Section        0  stm32f10x_it.o(i.MemManage_Handler)
    i.NMI_Handler                            0x08000880   Section        0  stm32f10x_it.o(i.NMI_Handler)
    i.NVIC_Init                              0x08000884   Section        0  misc.o(i.NVIC_Init)
    i.NVIC_PriorityGroupConfig               0x080008f4   Section        0  misc.o(i.NVIC_PriorityGroupConfig)
    i.OSInit                                 0x08000908   Section        0  os_core.o(i.OSInit)
    i.OSInitHookBegin                        0x08000934   Section        0  os_cpu_c.o(i.OSInitHookBegin)
    i.OSInitHookEnd                          0x08000936   Section        0  os_cpu_c.o(i.OSInitHookEnd)
    i.OSIntEnter                             0x08000938   Section        0  os_core.o(i.OSIntEnter)
    i.OSIntExit                              0x0800095c   Section        0  os_core.o(i.OSIntExit)
    i.OSMboxCreate                           0x080009ec   Section        0  os_mbox.o(i.OSMboxCreate)
    i.OSSchedLock                            0x08000a38   Section        0  os_core.o(i.OSSchedLock)
    i.OSSchedUnlock                          0x08000a78   Section        0  os_core.o(i.OSSchedUnlock)
    i.OSStart                                0x08000ad8   Section        0  os_core.o(i.OSStart)
    i.OSTCBInitHook                          0x08000b20   Section        0  os_cpu_c.o(i.OSTCBInitHook)
    i.OSTaskCreate                           0x08000b24   Section        0  os_task.o(i.OSTaskCreate)
    i.OSTaskCreateExt                        0x08000bc4   Section        0  os_task.o(i.OSTaskCreateExt)
    i.OSTaskCreateHook                       0x08000c7c   Section        0  os_cpu_c.o(i.OSTaskCreateHook)
    i.OSTaskIdleHook                         0x08000c7e   Section        0  os_cpu_c.o(i.OSTaskIdleHook)
    i.OSTaskNameSet                          0x08000c80   Section        0  os_task.o(i.OSTaskNameSet)
    i.OSTaskStatHook                         0x08000cf0   Section        0  os_cpu_c.o(i.OSTaskStatHook)
    i.OSTaskStkChk                           0x08000cf4   Section        0  os_task.o(i.OSTaskStkChk)
    i.OSTaskStkInit                          0x08000d80   Section        0  os_cpu_c.o(i.OSTaskStkInit)
    i.OSTaskSuspend                          0x08000e1c   Section        0  os_task.o(i.OSTaskSuspend)
    i.OSTaskSwHook                           0x08000ec4   Section        0  os_cpu_c.o(i.OSTaskSwHook)
    i.OSTimeDly                              0x08000ec8   Section        0  os_time.o(i.OSTimeDly)
    i.OSTimeTick                             0x08000f40   Section        0  os_core.o(i.OSTimeTick)
    i.OSTimeTickHook                         0x0800102c   Section        0  os_cpu_c.o(i.OSTimeTickHook)
    i.OS_EventWaitListInit                   0x0800102e   Section        0  os_core.o(i.OS_EventWaitListInit)
    i.OS_FlagInit                            0x0800104c   Section        0  os_flag.o(i.OS_FlagInit)
    i.OS_InitEventList                       0x080010a4   Section        0  os_core.o(i.OS_InitEventList)
    OS_InitEventList                         0x080010a5   Thumb Code    74  os_core.o(i.OS_InitEventList)
    i.OS_InitMisc                            0x080010f8   Section        0  os_core.o(i.OS_InitMisc)
    OS_InitMisc                              0x080010f9   Thumb Code    44  os_core.o(i.OS_InitMisc)
    i.OS_InitRdyList                         0x0800114c   Section        0  os_core.o(i.OS_InitRdyList)
    OS_InitRdyList                           0x0800114d   Thumb Code    44  os_core.o(i.OS_InitRdyList)
    i.OS_InitTCBList                         0x08001190   Section        0  os_core.o(i.OS_InitTCBList)
    OS_InitTCBList                           0x08001191   Thumb Code   106  os_core.o(i.OS_InitTCBList)
    i.OS_InitTaskIdle                        0x08001210   Section        0  os_core.o(i.OS_InitTaskIdle)
    OS_InitTaskIdle                          0x08001211   Thumb Code    50  os_core.o(i.OS_InitTaskIdle)
    i.OS_InitTaskStat                        0x08001260   Section        0  os_core.o(i.OS_InitTaskStat)
    OS_InitTaskStat                          0x08001261   Thumb Code    50  os_core.o(i.OS_InitTaskStat)
    i.OS_MemClr                              0x080012b0   Section        0  os_core.o(i.OS_MemClr)
    i.OS_QInit                               0x080012c4   Section        0  os_q.o(i.OS_QInit)
    i.OS_Sched                               0x08001314   Section        0  os_core.o(i.OS_Sched)
    i.OS_SchedNew                            0x08001388   Section        0  os_core.o(i.OS_SchedNew)
    OS_SchedNew                              0x08001389   Thumb Code    26  os_core.o(i.OS_SchedNew)
    i.OS_TCBInit                             0x080013b4   Section        0  os_core.o(i.OS_TCBInit)
    i.OS_TaskIdle                            0x080014e8   Section        0  os_core.o(i.OS_TaskIdle)
    i.OS_TaskStat                            0x08001510   Section        0  os_core.o(i.OS_TaskStat)
    i.OS_TaskStatStkChk                      0x08001598   Section        0  os_core.o(i.OS_TaskStatStkChk)
    i.OS_TaskStkClr                          0x080015d4   Section        0  os_task.o(i.OS_TaskStkClr)
    i.RCC_APB1PeriphClockCmd                 0x080015f0   Section        0  stm32f10x_rcc.o(i.RCC_APB1PeriphClockCmd)
    i.RCC_APB1PeriphResetCmd                 0x08001610   Section        0  stm32f10x_rcc.o(i.RCC_APB1PeriphResetCmd)
    i.RCC_APB2PeriphClockCmd                 0x08001630   Section        0  stm32f10x_rcc.o(i.RCC_APB2PeriphClockCmd)
    i.RCC_APB2PeriphResetCmd                 0x08001650   Section        0  stm32f10x_rcc.o(i.RCC_APB2PeriphResetCmd)
    i.RCC_GetClocksFreq                      0x08001670   Section        0  stm32f10x_rcc.o(i.RCC_GetClocksFreq)
    i.SVC_Handler                            0x08001744   Section        0  stm32f10x_it.o(i.SVC_Handler)
    i.SetSysClock                            0x08001746   Section        0  system_stm32f10x.o(i.SetSysClock)
    SetSysClock                              0x08001747   Thumb Code     8  system_stm32f10x.o(i.SetSysClock)
    i.SetSysClockTo72                        0x08001750   Section        0  system_stm32f10x.o(i.SetSysClockTo72)
    SetSysClockTo72                          0x08001751   Thumb Code   214  system_stm32f10x.o(i.SetSysClockTo72)
    i.SysTick_CLKSourceConfig                0x08001830   Section        0  misc.o(i.SysTick_CLKSourceConfig)
    i.SysTick_Handler                        0x08001858   Section        0  delay.o(i.SysTick_Handler)
    i.SystemInit                             0x08001874   Section        0  system_stm32f10x.o(i.SystemInit)
    i.USART1_IRQHandler                      0x080018d4   Section        0  usart.o(i.USART1_IRQHandler)
    i.USART1_InitPins                        0x080018fc   Section        0  usart.o(i.USART1_InitPins)
    i.USART2_IRQHandler                      0x08001984   Section        0  usart.o(i.USART2_IRQHandler)
    i.USART2_InitPins                        0x080019ac   Section        0  usart.o(i.USART2_InitPins)
    i.USART3_IRQHandler                      0x08001a38   Section        0  usart.o(i.USART3_IRQHandler)
    i.USART3_InitPins                        0x08001a60   Section        0  usart.o(i.USART3_InitPins)
    i.USART_BufferEmpty                      0x08001b34   Section        0  usart.o(i.USART_BufferEmpty)
    i.USART_BufferFull                       0x08001b4c   Section        0  usart.o(i.USART_BufferFull)
    i.USART_Cmd                              0x08001b68   Section        0  stm32f10x_usart.o(i.USART_Cmd)
    i.USART_DeInit                           0x08001b80   Section        0  stm32f10x_usart.o(i.USART_DeInit)
    i.USART_FindCharacter                    0x08001c1c   Section        0  usart.o(i.USART_FindCharacter)
    i.USART_GetITStatus                      0x08001c56   Section        0  stm32f10x_usart.o(i.USART_GetITStatus)
    i.USART_Getc                             0x08001caa   Section        0  usart.o(i.USART_Getc)
    i.USART_Gets                             0x08001ce0   Section        0  usart.o(i.USART_Gets)
    i.USART_INT_GetSubPriority               0x08001d34   Section        0  usart.o(i.USART_INT_GetSubPriority)
    i.USART_INT_GetUsart                     0x08001d5c   Section        0  usart.o(i.USART_INT_GetUsart)
    i.USART_INT_InsertToBuffer               0x08001d90   Section        0  usart.o(i.USART_INT_InsertToBuffer)
    i.USART_ITConfig                         0x08001dbc   Section        0  stm32f10x_usart.o(i.USART_ITConfig)
    i.USART_Init                             0x08001e08   Section        0  stm32f10x_usart.o(i.USART_Init)
    i.USARTx_Init                            0x08001ee0   Section        0  usart.o(i.USARTx_Init)
    i.UsageFault_Handler                     0x08001fc8   Section        0  stm32f10x_it.o(i.UsageFault_Handler)
    i.delay_init                             0x08001fcc   Section        0  delay.o(i.delay_init)
    i.delay_ms                               0x08002028   Section        0  delay.o(i.delay_ms)
    i.delay_osschedlock                      0x08002078   Section        0  delay.o(i.delay_osschedlock)
    i.delay_osschedunlock                    0x08002080   Section        0  delay.o(i.delay_osschedunlock)
    i.delay_ostimedly                        0x08002088   Section        0  delay.o(i.delay_ostimedly)
    i.delay_us                               0x08002094   Section        0  delay.o(i.delay_us)
    i.get_channel                            0x080020f0   Section        0  timer_drive.o(i.get_channel)
    i.get_timer_address                      0x08002154   Section        0  timer_drive.o(i.get_timer_address)
    i.get_timer_pin                          0x0800219c   Section        0  timer_drive.o(i.get_timer_pin)
    i.init_GP                                0x080021dc   Section        0  gp_drive.o(i.init_GP)
    i.lcd_Control_Write                      0x08002290   Section        0  i2c_lcd.o(i.lcd_Control_Write)
    i.lcd_Data_Write                         0x080022d2   Section        0  i2c_lcd.o(i.lcd_Data_Write)
    i.lcd_Write_byte                         0x08002318   Section        0  i2c_lcd.o(i.lcd_Write_byte)
    i.lcd_init                               0x08002378   Section        0  i2c_lcd.o(i.lcd_init)
    i.lcd_send_string                        0x080023d0   Section        0  i2c_lcd.o(i.lcd_send_string)
    i.led1_task                              0x080023e8   Section        0  main.o(i.led1_task)
    i.main                                   0x08002418   Section        0  main.o(i.main)
    i.main_task                              0x08002460   Section        0  main.o(i.main_task)
    i.servo_180_deg                          0x0800257c   Section        0  timer_drive.o(i.servo_180_deg)
    i.servo_task                             0x080025b0   Section        0  main.o(i.servo_task)
    i.show_task                              0x08002678   Section        0  main.o(i.show_task)
    i.start_task                             0x08002724   Section        0  main.o(i.start_task)
    i.timer_pwm_micro                        0x080027a0   Section        0  timer_drive.o(i.timer_pwm_micro)
    .constdata                               0x080028a0   Section      256  os_core.o(.constdata)
    .data                                    0x20000000   Section       55  main.o(.data)
    .data                                    0x20000038   Section       20  system_stm32f10x.o(.data)
    .data                                    0x2000004c   Section        4  delay.o(.data)
    fac_us                                   0x2000004c   Data           1  delay.o(.data)
    fac_ms                                   0x2000004e   Data           2  delay.o(.data)
    .data                                    0x20000050   Section       44  usart.o(.data)
    .data                                    0x2000007c   Section       20  stm32f10x_rcc.o(.data)
    APBAHBPrescTable                         0x2000007c   Data          16  stm32f10x_rcc.o(.data)
    ADCPrescTable                            0x2000008c   Data           4  stm32f10x_rcc.o(.data)
    .data                                    0x20000090   Section       72  os_core.o(.data)
    .bss                                     0x200000d8   Section     1296  main.o(.bss)
    .bss                                     0x200005e8   Section       96  usart.o(.bss)
    .bss                                     0x20000648   Section     2688  os_core.o(.bss)
    .bss                                     0x200010c8   Section       96  libspace.o(.bss)
    HEAP                                     0x20001128   Section      512  startup_stm32f10x_md.o(HEAP)
    Heap_Mem                                 0x20001128   Data         512  startup_stm32f10x_md.o(HEAP)
    STACK                                    0x20001328   Section     1024  startup_stm32f10x_md.o(STACK)
    Stack_Mem                                0x20001328   Data        1024  startup_stm32f10x_md.o(STACK)
    __initial_sp                             0x20001728   Data           0  startup_stm32f10x_md.o(STACK)

    Global Symbols

    Symbol Name                              Value     Ov Type        Size  Object(Section)

    BuildAttributes$$THM_ISAv4$P$D$K$B$S$PE$A:L22UL41UL21$X:L11$S22US41US21$IEEE1$IW$USESV6$~STKCKD$USESV7$~SHL$OSPACE$ROPI$EBA8$UX$STANDARDLIB$REQ8$PRES8$EABIv2 0x00000000   Number         0  anon$$obj.o ABSOLUTE
    __ARM_use_no_argv                        0x00000000   Number         0  main.o ABSOLUTE
    __ARM_exceptions_init                     - Undefined Weak Reference
    __alloca_initialize                       - Undefined Weak Reference
    __arm_preinit_                            - Undefined Weak Reference
    __cpp_initialize__aeabi_                  - Undefined Weak Reference
    __cxa_finalize                            - Undefined Weak Reference
    __rt_locale                               - Undefined Weak Reference
    __sigvec_lookup                           - Undefined Weak Reference
    _atexit_init                              - Undefined Weak Reference
    _call_atexit_fns                          - Undefined Weak Reference
    _clock_init                               - Undefined Weak Reference
    _fp_trap_init                             - Undefined Weak Reference
    _fp_trap_shutdown                         - Undefined Weak Reference
    _get_lc_collate                           - Undefined Weak Reference
    _get_lc_ctype                             - Undefined Weak Reference
    _get_lc_monetary                          - Undefined Weak Reference
    _get_lc_numeric                           - Undefined Weak Reference
    _get_lc_time                              - Undefined Weak Reference
    _getenv_init                              - Undefined Weak Reference
    _handle_redirection                       - Undefined Weak Reference
    _init_alloc                               - Undefined Weak Reference
    _init_user_alloc                          - Undefined Weak Reference
    _initio                                   - Undefined Weak Reference
    _printf_post_padding                      - Undefined Weak Reference
    _printf_pre_padding                       - Undefined Weak Reference
    _printf_truncate_signed                   - Undefined Weak Reference
    _printf_truncate_unsigned                 - Undefined Weak Reference
    _rand_init                                - Undefined Weak Reference
    _signal_finish                            - Undefined Weak Reference
    _signal_init                              - Undefined Weak Reference
    _terminate_alloc                          - Undefined Weak Reference
    _terminate_user_alloc                     - Undefined Weak Reference
    _terminateio                              - Undefined Weak Reference
    __Vectors_Size                           0x000000ec   Number         0  startup_stm32f10x_md.o ABSOLUTE
    __Vectors                                0x08000000   Data           4  startup_stm32f10x_md.o(RESET)
    __Vectors_End                            0x080000ec   Data           0  startup_stm32f10x_md.o(RESET)
    __main                                   0x080000ed   Thumb Code     8  __main.o(!!!main)
    __scatterload                            0x080000f5   Thumb Code     0  __scatter.o(!!!scatter)
    __scatterload_rt2                        0x080000f5   Thumb Code    44  __scatter.o(!!!scatter)
    __scatterload_rt2_thumb_only             0x080000f5   Thumb Code     0  __scatter.o(!!!scatter)
    __scatterload_null                       0x08000103   Thumb Code     0  __scatter.o(!!!scatter)
    __scatterload_copy                       0x08000129   Thumb Code    26  __scatter_copy.o(!!handler_copy)
    __scatterload_zeroinit                   0x08000145   Thumb Code    28  __scatter_zi.o(!!handler_zi)
    _printf_d                                0x08000161   Thumb Code     0  _printf_d.o(.ARM.Collect$$_printf_percent$$00000009)
    _printf_percent                          0x08000161   Thumb Code     0  _printf_percent.o(.ARM.Collect$$_printf_percent$$00000000)
    _printf_percent_end                      0x08000167   Thumb Code     0  _printf_percent_end.o(.ARM.Collect$$_printf_percent$$00000017)
    __rt_lib_init                            0x0800016b   Thumb Code     0  libinit.o(.ARM.Collect$$libinit$$00000000)
    __rt_lib_init_alloca_1                   0x0800016d   Thumb Code     0  libinit2.o(.ARM.Collect$$libinit$$0000002E)
    __rt_lib_init_argv_1                     0x0800016d   Thumb Code     0  libinit2.o(.ARM.Collect$$libinit$$0000002C)
    __rt_lib_init_atexit_1                   0x0800016d   Thumb Code     0  libinit2.o(.ARM.Collect$$libinit$$0000001B)
    __rt_lib_init_clock_1                    0x0800016d   Thumb Code     0  libinit2.o(.ARM.Collect$$libinit$$00000021)
    __rt_lib_init_cpp_1                      0x0800016d   Thumb Code     0  libinit2.o(.ARM.Collect$$libinit$$00000032)
    __rt_lib_init_exceptions_1               0x0800016d   Thumb Code     0  libinit2.o(.ARM.Collect$$libinit$$00000030)
    __rt_lib_init_fp_1                       0x0800016d   Thumb Code     0  libinit2.o(.ARM.Collect$$libinit$$00000002)
    __rt_lib_init_fp_trap_1                  0x0800016d   Thumb Code     0  libinit2.o(.ARM.Collect$$libinit$$0000001F)
    __rt_lib_init_getenv_1                   0x0800016d   Thumb Code     0  libinit2.o(.ARM.Collect$$libinit$$00000023)
    __rt_lib_init_heap_1                     0x0800016d   Thumb Code     0  libinit2.o(.ARM.Collect$$libinit$$0000000A)
    __rt_lib_init_lc_collate_1               0x0800016d   Thumb Code     0  libinit2.o(.ARM.Collect$$libinit$$00000011)
    __rt_lib_init_lc_ctype_1                 0x0800016d   Thumb Code     0  libinit2.o(.ARM.Collect$$libinit$$00000013)
    __rt_lib_init_lc_monetary_1              0x0800016d   Thumb Code     0  libinit2.o(.ARM.Collect$$libinit$$00000015)
    __rt_lib_init_lc_numeric_1               0x0800016d   Thumb Code     0  libinit2.o(.ARM.Collect$$libinit$$00000017)
    __rt_lib_init_lc_time_1                  0x0800016d   Thumb Code     0  libinit2.o(.ARM.Collect$$libinit$$00000019)
    __rt_lib_init_preinit_1                  0x0800016d   Thumb Code     0  libinit2.o(.ARM.Collect$$libinit$$00000004)
    __rt_lib_init_rand_1                     0x0800016d   Thumb Code     0  libinit2.o(.ARM.Collect$$libinit$$0000000E)
    __rt_lib_init_return                     0x0800016d   Thumb Code     0  libinit2.o(.ARM.Collect$$libinit$$00000033)
    __rt_lib_init_signal_1                   0x0800016d   Thumb Code     0  libinit2.o(.ARM.Collect$$libinit$$0000001D)
    __rt_lib_init_stdio_1                    0x0800016d   Thumb Code     0  libinit2.o(.ARM.Collect$$libinit$$00000025)
    __rt_lib_init_user_alloc_1               0x0800016d   Thumb Code     0  libinit2.o(.ARM.Collect$$libinit$$0000000C)
    __rt_lib_shutdown                        0x0800016f   Thumb Code     0  libshutdown.o(.ARM.Collect$$libshutdown$$00000000)
    __rt_lib_shutdown_cpp_1                  0x08000171   Thumb Code     0  libshutdown2.o(.ARM.Collect$$libshutdown$$00000002)
    __rt_lib_shutdown_fp_trap_1              0x08000171   Thumb Code     0  libshutdown2.o(.ARM.Collect$$libshutdown$$00000007)
    __rt_lib_shutdown_heap_1                 0x08000171   Thumb Code     0  libshutdown2.o(.ARM.Collect$$libshutdown$$0000000F)
    __rt_lib_shutdown_return                 0x08000171   Thumb Code     0  libshutdown2.o(.ARM.Collect$$libshutdown$$00000010)
    __rt_lib_shutdown_signal_1               0x08000171   Thumb Code     0  libshutdown2.o(.ARM.Collect$$libshutdown$$0000000A)
    __rt_lib_shutdown_stdio_1                0x08000171   Thumb Code     0  libshutdown2.o(.ARM.Collect$$libshutdown$$00000004)
    __rt_lib_shutdown_user_alloc_1           0x08000171   Thumb Code     0  libshutdown2.o(.ARM.Collect$$libshutdown$$0000000C)
    __rt_entry                               0x08000173   Thumb Code     0  __rtentry.o(.ARM.Collect$$rtentry$$00000000)
    __rt_entry_presh_1                       0x08000173   Thumb Code     0  __rtentry2.o(.ARM.Collect$$rtentry$$00000002)
    __rt_entry_sh                            0x08000173   Thumb Code     0  __rtentry4.o(.ARM.Collect$$rtentry$$00000004)
    __rt_entry_li                            0x08000179   Thumb Code     0  __rtentry2.o(.ARM.Collect$$rtentry$$0000000A)
    __rt_entry_postsh_1                      0x08000179   Thumb Code     0  __rtentry2.o(.ARM.Collect$$rtentry$$00000009)
    __rt_entry_main                          0x0800017d   Thumb Code     0  __rtentry2.o(.ARM.Collect$$rtentry$$0000000D)
    __rt_entry_postli_1                      0x0800017d   Thumb Code     0  __rtentry2.o(.ARM.Collect$$rtentry$$0000000C)
    __rt_exit                                0x08000185   Thumb Code     0  rtexit.o(.ARM.Collect$$rtexit$$00000000)
    __rt_exit_ls                             0x08000187   Thumb Code     0  rtexit2.o(.ARM.Collect$$rtexit$$00000003)
    __rt_exit_prels_1                        0x08000187   Thumb Code     0  rtexit2.o(.ARM.Collect$$rtexit$$00000002)
    __rt_exit_exit                           0x0800018b   Thumb Code     0  rtexit2.o(.ARM.Collect$$rtexit$$00000004)
    Reset_Handler                            0x08000191   Thumb Code     8  startup_stm32f10x_md.o(.text)
    ADC1_2_IRQHandler                        0x080001ab   Thumb Code     0  startup_stm32f10x_md.o(.text)
    CAN1_RX1_IRQHandler                      0x080001ab   Thumb Code     0  startup_stm32f10x_md.o(.text)
    CAN1_SCE_IRQHandler                      0x080001ab   Thumb Code     0  startup_stm32f10x_md.o(.text)
    DMA1_Channel1_IRQHandler                 0x080001ab   Thumb Code     0  startup_stm32f10x_md.o(.text)
    DMA1_Channel2_IRQHandler                 0x080001ab   Thumb Code     0  startup_stm32f10x_md.o(.text)
    DMA1_Channel3_IRQHandler                 0x080001ab   Thumb Code     0  startup_stm32f10x_md.o(.text)
    DMA1_Channel4_IRQHandler                 0x080001ab   Thumb Code     0  startup_stm32f10x_md.o(.text)
    DMA1_Channel5_IRQHandler                 0x080001ab   Thumb Code     0  startup_stm32f10x_md.o(.text)
    DMA1_Channel6_IRQHandler                 0x080001ab   Thumb Code     0  startup_stm32f10x_md.o(.text)
    DMA1_Channel7_IRQHandler                 0x080001ab   Thumb Code     0  startup_stm32f10x_md.o(.text)
    EXTI0_IRQHandler                         0x080001ab   Thumb Code     0  startup_stm32f10x_md.o(.text)
    EXTI15_10_IRQHandler                     0x080001ab   Thumb Code     0  startup_stm32f10x_md.o(.text)
    EXTI1_IRQHandler                         0x080001ab   Thumb Code     0  startup_stm32f10x_md.o(.text)
    EXTI2_IRQHandler                         0x080001ab   Thumb Code     0  startup_stm32f10x_md.o(.text)
    EXTI3_IRQHandler                         0x080001ab   Thumb Code     0  startup_stm32f10x_md.o(.text)
    EXTI4_IRQHandler                         0x080001ab   Thumb Code     0  startup_stm32f10x_md.o(.text)
    EXTI9_5_IRQHandler                       0x080001ab   Thumb Code     0  startup_stm32f10x_md.o(.text)
    FLASH_IRQHandler                         0x080001ab   Thumb Code     0  startup_stm32f10x_md.o(.text)
    I2C1_ER_IRQHandler                       0x080001ab   Thumb Code     0  startup_stm32f10x_md.o(.text)
    I2C1_EV_IRQHandler                       0x080001ab   Thumb Code     0  startup_stm32f10x_md.o(.text)
    I2C2_ER_IRQHandler                       0x080001ab   Thumb Code     0  startup_stm32f10x_md.o(.text)
    I2C2_EV_IRQHandler                       0x080001ab   Thumb Code     0  startup_stm32f10x_md.o(.text)
    PVD_IRQHandler                           0x080001ab   Thumb Code     0  startup_stm32f10x_md.o(.text)
    RCC_IRQHandler                           0x080001ab   Thumb Code     0  startup_stm32f10x_md.o(.text)
    RTCAlarm_IRQHandler                      0x080001ab   Thumb Code     0  startup_stm32f10x_md.o(.text)
    RTC_IRQHandler                           0x080001ab   Thumb Code     0  startup_stm32f10x_md.o(.text)
    SPI1_IRQHandler                          0x080001ab   Thumb Code     0  startup_stm32f10x_md.o(.text)
    SPI2_IRQHandler                          0x080001ab   Thumb Code     0  startup_stm32f10x_md.o(.text)
    TAMPER_IRQHandler                        0x080001ab   Thumb Code     0  startup_stm32f10x_md.o(.text)
    TIM1_BRK_IRQHandler                      0x080001ab   Thumb Code     0  startup_stm32f10x_md.o(.text)
    TIM1_CC_IRQHandler                       0x080001ab   Thumb Code     0  startup_stm32f10x_md.o(.text)
    TIM1_TRG_COM_IRQHandler                  0x080001ab   Thumb Code     0  startup_stm32f10x_md.o(.text)
    TIM1_UP_IRQHandler                       0x080001ab   Thumb Code     0  startup_stm32f10x_md.o(.text)
    TIM2_IRQHandler                          0x080001ab   Thumb Code     0  startup_stm32f10x_md.o(.text)
    TIM3_IRQHandler                          0x080001ab   Thumb Code     0  startup_stm32f10x_md.o(.text)
    TIM4_IRQHandler                          0x080001ab   Thumb Code     0  startup_stm32f10x_md.o(.text)
    USBWakeUp_IRQHandler                     0x080001ab   Thumb Code     0  startup_stm32f10x_md.o(.text)
    USB_HP_CAN1_TX_IRQHandler                0x080001ab   Thumb Code     0  startup_stm32f10x_md.o(.text)
    USB_LP_CAN1_RX0_IRQHandler               0x080001ab   Thumb Code     0  startup_stm32f10x_md.o(.text)
    WWDG_IRQHandler                          0x080001ab   Thumb Code     0  startup_stm32f10x_md.o(.text)
    __user_initial_stackheap                 0x080001ad   Thumb Code     0  startup_stm32f10x_md.o(.text)
    OS_CPU_SR_Save                           0x080001d1   Thumb Code     0  os_cpu_a.o(.text)
    OS_CPU_SR_Restore                        0x080001d9   Thumb Code     0  os_cpu_a.o(.text)
    OSStartHighRdy                           0x080001df   Thumb Code     0  os_cpu_a.o(.text)
    OSCtxSw                                  0x08000201   Thumb Code     0  os_cpu_a.o(.text)
    OSIntCtxSw                               0x0800020f   Thumb Code     0  os_cpu_a.o(.text)
    PendSV_Handler                           0x0800021f   Thumb Code     0  os_cpu_a.o(.text)
    __2sprintf                               0x08000285   Thumb Code    34  noretval__2sprintf.o(.text)
    __printf                                 0x080002ad   Thumb Code   104  __printf.o(.text)
    _printf_int_dec                          0x08000315   Thumb Code   104  _printf_dec.o(.text)
    __use_two_region_memory                  0x0800038d   Thumb Code     2  heapauxi.o(.text)
    __rt_heap_escrow$2region                 0x0800038f   Thumb Code     2  heapauxi.o(.text)
    __rt_heap_expand$2region                 0x08000391   Thumb Code     2  heapauxi.o(.text)
    _printf_int_common                       0x08000393   Thumb Code   178  _printf_intcommon.o(.text)
    _printf_char_common                      0x0800044f   Thumb Code    32  _printf_char_common.o(.text)
    _sputc                                   0x08000475   Thumb Code    10  _sputc.o(.text)
    __user_setup_stackheap                   0x0800047f   Thumb Code    74  sys_stackheap_outer.o(.text)
    exit                                     0x080004c9   Thumb Code    18  exit.o(.text)
    __user_libspace                          0x080004dd   Thumb Code     8  libspace.o(.text)
    __user_perproc_libspace                  0x080004dd   Thumb Code     0  libspace.o(.text)
    __user_perthread_libspace                0x080004dd   Thumb Code     0  libspace.o(.text)
    _sys_exit                                0x080004e5   Thumb Code     8  sys_exit.o(.text)
    __I$use$semihosting                      0x080004f1   Thumb Code     0  use_no_semi.o(.text)
    __use_no_semihosting_swi                 0x080004f1   Thumb Code     2  use_no_semi.o(.text)
    BusFault_Handler                         0x080004f3   Thumb Code     4  stm32f10x_it.o(i.BusFault_Handler)
    __semihosting_library_function           0x080004f3   Thumb Code     0  indicate_semi.o(.text)
    DebugMon_Handler                         0x080004f7   Thumb Code     2  stm32f10x_it.o(i.DebugMon_Handler)
    Delete_LCD                               0x080004f9   Thumb Code    16  i2c_lcd.o(i.Delete_LCD)
    GPIO_Init                                0x08000509   Thumb Code   278  stm32f10x_gpio.o(i.GPIO_Init)
    GPIO_SetBits                             0x0800061f   Thumb Code     4  stm32f10x_gpio.o(i.GPIO_SetBits)
    HardFault_Handler                        0x08000623   Thumb Code     4  stm32f10x_it.o(i.HardFault_Handler)
    I2C_CheckEvent                           0x08000627   Thumb Code    42  stm32f10x_i2c.o(i.I2C_CheckEvent)
    I2C_Cmd                                  0x08000651   Thumb Code    24  stm32f10x_i2c.o(i.I2C_Cmd)
    I2C_GenerateSTART                        0x08000669   Thumb Code    24  stm32f10x_i2c.o(i.I2C_GenerateSTART)
    I2C_GenerateSTOP                         0x08000681   Thumb Code    24  stm32f10x_i2c.o(i.I2C_GenerateSTOP)
    I2C_Init                                 0x08000699   Thumb Code   222  stm32f10x_i2c.o(i.I2C_Init)
    I2C_LCD_Configuration                    0x08000785   Thumb Code   102  i2c_lcd.o(i.I2C_LCD_Configuration)
    I2C_Send7bitAddress                      0x080007f9   Thumb Code    18  stm32f10x_i2c.o(i.I2C_Send7bitAddress)
    I2C_SendData                             0x0800080b   Thumb Code     4  stm32f10x_i2c.o(i.I2C_SendData)
    LED_Init                                 0x08000811   Thumb Code   100  led.o(i.LED_Init)
    MemManage_Handler                        0x0800087d   Thumb Code     4  stm32f10x_it.o(i.MemManage_Handler)
    NMI_Handler                              0x08000881   Thumb Code     2  stm32f10x_it.o(i.NMI_Handler)
    NVIC_Init                                0x08000885   Thumb Code   100  misc.o(i.NVIC_Init)
    NVIC_PriorityGroupConfig                 0x080008f5   Thumb Code    10  misc.o(i.NVIC_PriorityGroupConfig)
    OSInit                                   0x08000909   Thumb Code    44  os_core.o(i.OSInit)
    OSInitHookBegin                          0x08000935   Thumb Code     2  os_cpu_c.o(i.OSInitHookBegin)
    OSInitHookEnd                            0x08000937   Thumb Code     2  os_cpu_c.o(i.OSInitHookEnd)
    OSIntEnter                               0x08000939   Thumb Code    28  os_core.o(i.OSIntEnter)
    OSIntExit                                0x0800095d   Thumb Code   112  os_core.o(i.OSIntExit)
    OSMboxCreate                             0x080009ed   Thumb Code    68  os_mbox.o(i.OSMboxCreate)
    OSSchedLock                              0x08000a39   Thumb Code    50  os_core.o(i.OSSchedLock)
    OSSchedUnlock                            0x08000a79   Thumb Code    82  os_core.o(i.OSSchedUnlock)
    OSStart                                  0x08000ad9   Thumb Code    48  os_core.o(i.OSStart)
    OSTCBInitHook                            0x08000b21   Thumb Code     2  os_cpu_c.o(i.OSTCBInitHook)
    OSTaskCreate                             0x08000b25   Thumb Code   148  os_task.o(i.OSTaskCreate)
    OSTaskCreateExt                          0x08000bc5   Thumb Code   170  os_task.o(i.OSTaskCreateExt)
    OSTaskCreateHook                         0x08000c7d   Thumb Code     2  os_cpu_c.o(i.OSTaskCreateHook)
    OSTaskIdleHook                           0x08000c7f   Thumb Code     2  os_cpu_c.o(i.OSTaskIdleHook)
    OSTaskNameSet                            0x08000c81   Thumb Code    98  os_task.o(i.OSTaskNameSet)
    OSTaskStatHook                           0x08000cf1   Thumb Code     2  os_cpu_c.o(i.OSTaskStatHook)
    OSTaskStkChk                             0x08000cf5   Thumb Code   132  os_task.o(i.OSTaskStkChk)
    OSTaskStkInit                            0x08000d81   Thumb Code   154  os_cpu_c.o(i.OSTaskStkInit)
    OSTaskSuspend                            0x08000e1d   Thumb Code   152  os_task.o(i.OSTaskSuspend)
    OSTaskSwHook                             0x08000ec5   Thumb Code     2  os_cpu_c.o(i.OSTaskSwHook)
    OSTimeDly                                0x08000ec9   Thumb Code   100  os_time.o(i.OSTimeDly)
    OSTimeTick                               0x08000f41   Thumb Code   210  os_core.o(i.OSTimeTick)
    OSTimeTickHook                           0x0800102d   Thumb Code     2  os_cpu_c.o(i.OSTimeTickHook)
    OS_EventWaitListInit                     0x0800102f   Thumb Code    28  os_core.o(i.OS_EventWaitListInit)
    OS_FlagInit                              0x0800104d   Thumb Code    74  os_flag.o(i.OS_FlagInit)
    OS_MemClr                                0x080012b1   Thumb Code    18  os_core.o(i.OS_MemClr)
    OS_QInit                                 0x080012c5   Thumb Code    72  os_q.o(i.OS_QInit)
    OS_Sched                                 0x08001315   Thumb Code    88  os_core.o(i.OS_Sched)
    OS_TCBInit                               0x080013b5   Thumb Code   278  os_core.o(i.OS_TCBInit)
    OS_TaskIdle                              0x080014e9   Thumb Code    34  os_core.o(i.OS_TaskIdle)
    OS_TaskStat                              0x08001511   Thumb Code   116  os_core.o(i.OS_TaskStat)
    OS_TaskStatStkChk                        0x08001599   Thumb Code    54  os_core.o(i.OS_TaskStatStkChk)
    OS_TaskStkClr                            0x080015d5   Thumb Code    26  os_task.o(i.OS_TaskStkClr)
    RCC_APB1PeriphClockCmd                   0x080015f1   Thumb Code    26  stm32f10x_rcc.o(i.RCC_APB1PeriphClockCmd)
    RCC_APB1PeriphResetCmd                   0x08001611   Thumb Code    26  stm32f10x_rcc.o(i.RCC_APB1PeriphResetCmd)
    RCC_APB2PeriphClockCmd                   0x08001631   Thumb Code    26  stm32f10x_rcc.o(i.RCC_APB2PeriphClockCmd)
    RCC_APB2PeriphResetCmd                   0x08001651   Thumb Code    26  stm32f10x_rcc.o(i.RCC_APB2PeriphResetCmd)
    RCC_GetClocksFreq                        0x08001671   Thumb Code   192  stm32f10x_rcc.o(i.RCC_GetClocksFreq)
    SVC_Handler                              0x08001745   Thumb Code     2  stm32f10x_it.o(i.SVC_Handler)
    SysTick_CLKSourceConfig                  0x08001831   Thumb Code    40  misc.o(i.SysTick_CLKSourceConfig)
    SysTick_Handler                          0x08001859   Thumb Code    24  delay.o(i.SysTick_Handler)
    SystemInit                               0x08001875   Thumb Code    78  system_stm32f10x.o(i.SystemInit)
    USART1_IRQHandler                        0x080018d5   Thumb Code    30  usart.o(i.USART1_IRQHandler)
    USART1_InitPins                          0x080018fd   Thumb Code   122  usart.o(i.USART1_InitPins)
    USART2_IRQHandler                        0x08001985   Thumb Code    30  usart.o(i.USART2_IRQHandler)
    USART2_InitPins                          0x080019ad   Thumb Code   128  usart.o(i.USART2_InitPins)
    USART3_IRQHandler                        0x08001a39   Thumb Code    30  usart.o(i.USART3_IRQHandler)
    USART3_InitPins                          0x08001a61   Thumb Code   194  usart.o(i.USART3_InitPins)
    USART_BufferEmpty                        0x08001b35   Thumb Code    24  usart.o(i.USART_BufferEmpty)
    USART_BufferFull                         0x08001b4d   Thumb Code    28  usart.o(i.USART_BufferFull)
    USART_Cmd                                0x08001b69   Thumb Code    24  stm32f10x_usart.o(i.USART_Cmd)
    USART_DeInit                             0x08001b81   Thumb Code   134  stm32f10x_usart.o(i.USART_DeInit)
    USART_FindCharacter                      0x08001c1d   Thumb Code    58  usart.o(i.USART_FindCharacter)
    USART_GetITStatus                        0x08001c57   Thumb Code    84  stm32f10x_usart.o(i.USART_GetITStatus)
    USART_Getc                               0x08001cab   Thumb Code    54  usart.o(i.USART_Getc)
    USART_Gets                               0x08001ce1   Thumb Code    82  usart.o(i.USART_Gets)
    USART_INT_GetSubPriority                 0x08001d35   Thumb Code    28  usart.o(i.USART_INT_GetSubPriority)
    USART_INT_GetUsart                       0x08001d5d   Thumb Code    28  usart.o(i.USART_INT_GetUsart)
    USART_INT_InsertToBuffer                 0x08001d91   Thumb Code    44  usart.o(i.USART_INT_InsertToBuffer)
    USART_ITConfig                           0x08001dbd   Thumb Code    74  stm32f10x_usart.o(i.USART_ITConfig)
    USART_Init                               0x08001e09   Thumb Code   210  stm32f10x_usart.o(i.USART_Init)
    USARTx_Init                              0x08001ee1   Thumb Code   218  usart.o(i.USARTx_Init)
    UsageFault_Handler                       0x08001fc9   Thumb Code     4  stm32f10x_it.o(i.UsageFault_Handler)
    delay_init                               0x08001fcd   Thumb Code    76  delay.o(i.delay_init)
    delay_ms                                 0x08002029   Thumb Code    66  delay.o(i.delay_ms)
    delay_osschedlock                        0x08002079   Thumb Code     8  delay.o(i.delay_osschedlock)
    delay_osschedunlock                      0x08002081   Thumb Code     8  delay.o(i.delay_osschedunlock)
    delay_ostimedly                          0x08002089   Thumb Code    12  delay.o(i.delay_ostimedly)
    delay_us                                 0x08002095   Thumb Code    86  delay.o(i.delay_us)
    get_channel                              0x080020f1   Thumb Code    98  timer_drive.o(i.get_channel)
    get_timer_address                        0x08002155   Thumb Code    62  timer_drive.o(i.get_timer_address)
    get_timer_pin                            0x0800219d   Thumb Code    62  timer_drive.o(i.get_timer_pin)
    init_GP                                  0x080021dd   Thumb Code   164  gp_drive.o(i.init_GP)
    lcd_Control_Write                        0x08002291   Thumb Code    66  i2c_lcd.o(i.lcd_Control_Write)
    lcd_Data_Write                           0x080022d3   Thumb Code    70  i2c_lcd.o(i.lcd_Data_Write)
    lcd_Write_byte                           0x08002319   Thumb Code    84  i2c_lcd.o(i.lcd_Write_byte)
    lcd_init                                 0x08002379   Thumb Code    88  i2c_lcd.o(i.lcd_init)
    lcd_send_string                          0x080023d1   Thumb Code    22  i2c_lcd.o(i.lcd_send_string)
    led1_task                                0x080023e9   Thumb Code    40  main.o(i.led1_task)
    main                                     0x08002419   Thumb Code    58  main.o(i.main)
    main_task                                0x08002461   Thumb Code   248  main.o(i.main_task)
    servo_180_deg                            0x0800257d   Thumb Code    50  timer_drive.o(i.servo_180_deg)
    servo_task                               0x080025b1   Thumb Code   184  main.o(i.servo_task)
    show_task                                0x08002679   Thumb Code   122  main.o(i.show_task)
    start_task                               0x08002725   Thumb Code    86  main.o(i.start_task)
    timer_pwm_micro                          0x080027a1   Thumb Code   252  timer_drive.o(i.timer_pwm_micro)
    OSUnMapTbl                               0x080028a0   Data         256  os_core.o(.constdata)
    Region$$Table$$Base                      0x080029a0   Number         0  anon$$obj.o(Region$$Table)
    Region$$Table$$Limit                     0x080029c0   Number         0  anon$$obj.o(Region$$Table)
    msg_key                                  0x20000000   Data           4  main.o(.data)
    count                                    0x20000004   Data           2  main.o(.data)
    flagin                                   0x20000006   Data           2  main.o(.data)
    flagout                                  0x20000008   Data           2  main.o(.data)
    i                                        0x2000000c   Data           4  main.o(.data)
    n                                        0x20000010   Data           4  main.o(.data)
    h                                        0x20000014   Data           4  main.o(.data)
    m                                        0x20000018   Data           4  main.o(.data)
    t                                        0x2000001c   Data           4  main.o(.data)
    k                                        0x20000020   Data           4  main.o(.data)
    hh                                       0x20000024   Data           4  main.o(.data)
    mm                                       0x20000028   Data           4  main.o(.data)
    ss                                       0x2000002c   Data           4  main.o(.data)
    str_percent                              0x20000030   Data           2  main.o(.data)
    numberOfCar                              0x20000032   Data           5  main.o(.data)
    SystemCoreClock                          0x20000038   Data           4  system_stm32f10x.o(.data)
    AHBPrescTable                            0x2000003c   Data          16  system_stm32f10x.o(.data)
    __stdout                                 0x20000050   Data           4  usart.o(.data)
    F4_USART1                                0x20000054   Data          12  usart.o(.data)
    F4_USART2                                0x20000060   Data          12  usart.o(.data)
    F4_USART3                                0x2000006c   Data          12  usart.o(.data)
    GPIO_InitStruct                          0x20000078   Data           4  usart.o(.data)
    OSCtxSwCtr                               0x20000090   Data           4  os_core.o(.data)
    OSEventFreeList                          0x20000094   Data           4  os_core.o(.data)
    OSFlagFreeList                           0x20000098   Data           4  os_core.o(.data)
    OSCPUUsage                               0x2000009c   Data           1  os_core.o(.data)
    OSIdleCtrMax                             0x200000a0   Data           4  os_core.o(.data)
    OSIdleCtrRun                             0x200000a4   Data           4  os_core.o(.data)
    OSStatRdy                                0x200000a8   Data           1  os_core.o(.data)
    OSIntNesting                             0x200000a9   Data           1  os_core.o(.data)
    OSLockNesting                            0x200000aa   Data           1  os_core.o(.data)
    OSPrioCur                                0x200000ab   Data           1  os_core.o(.data)
    OSPrioHighRdy                            0x200000ac   Data           1  os_core.o(.data)
    OSRdyGrp                                 0x200000ad   Data           1  os_core.o(.data)
    OSRdyTbl                                 0x200000ae   Data           8  os_core.o(.data)
    OSRunning                                0x200000b6   Data           1  os_core.o(.data)
    OSTaskCtr                                0x200000b7   Data           1  os_core.o(.data)
    OSIdleCtr                                0x200000b8   Data           4  os_core.o(.data)
    OSTCBCur                                 0x200000bc   Data           4  os_core.o(.data)
    OSTCBFreeList                            0x200000c0   Data           4  os_core.o(.data)
    OSTCBHighRdy                             0x200000c4   Data           4  os_core.o(.data)
    OSTCBList                                0x200000c8   Data           4  os_core.o(.data)
    OSTickStepState                          0x200000cc   Data           1  os_core.o(.data)
    OSQFreeList                              0x200000d0   Data           4  os_core.o(.data)
    OSTime                                   0x200000d4   Data           4  os_core.o(.data)
    START_TASK_STK                           0x200000d8   Data         256  main.o(.bss)
    LED1_TASK_STK                            0x200001d8   Data         256  main.o(.bss)
    SHOW_TASK_STK                            0x200002d8   Data         256  main.o(.bss)
    SERVO_TASK_STK                           0x200003d8   Data         256  main.o(.bss)
    MAIN_TASK_STK                            0x200004d8   Data         256  main.o(.bss)
    a                                        0x200005d8   Data          16  main.o(.bss)
    USART1_Buffer                            0x200005e8   Data          32  usart.o(.bss)
    USART2_Buffer                            0x20000608   Data          32  usart.o(.bss)
    USART3_Buffer                            0x20000628   Data          32  usart.o(.bss)
    OSEventTbl                               0x20000648   Data         200  os_core.o(.bss)
    OSFlagTbl                                0x20000710   Data          80  os_core.o(.bss)
    OSTaskStatStk                            0x20000760   Data         512  os_core.o(.bss)
    OSTaskIdleStk                            0x20000960   Data         512  os_core.o(.bss)
    OSTCBPrioTbl                             0x20000b60   Data         256  os_core.o(.bss)
    OSTCBTbl                                 0x20000c60   Data        1008  os_core.o(.bss)
    OSQTbl                                   0x20001050   Data         120  os_core.o(.bss)
    __libspace_start                         0x200010c8   Data          96  libspace.o(.bss)
    __temporary_stack_top$libspace           0x20001128   Data           0  libspace.o(.bss)



==============================================================================

Memory Map of the image

  Image Entry point : 0x08000191

  Load Region LR_1 (Base: 0x08000000, Size: 0x00002a98, Max: 0xffffffff, ABSOLUTE)

    Execution Region ER_RO (Base: 0x08000000, Size: 0x000029c0, Max: 0xffffffff, ABSOLUTE)

    Base Addr    Size         Type   Attr      Idx    E Section Name        Object

    0x08000000   0x000000ec   Data   RO          939    RESET               startup_stm32f10x_md.o
    0x080000ec   0x00000008   Code   RO         2677  * !!!main             c_w.l(__main.o)
    0x080000f4   0x00000034   Code   RO         2843    !!!scatter          c_w.l(__scatter.o)
    0x08000128   0x0000001a   Code   RO         2845    !!handler_copy      c_w.l(__scatter_copy.o)
    0x08000142   0x00000002   PAD
    0x08000144   0x0000001c   Code   RO         2847    !!handler_zi        c_w.l(__scatter_zi.o)
    0x08000160   0x00000000   Code   RO         2674    .ARM.Collect$$_printf_percent$$00000000  c_w.l(_printf_percent.o)
    0x08000160   0x00000006   Code   RO         2673    .ARM.Collect$$_printf_percent$$00000009  c_w.l(_printf_d.o)
    0x08000166   0x00000004   Code   RO         2686    .ARM.Collect$$_printf_percent$$00000017  c_w.l(_printf_percent_end.o)
    0x0800016a   0x00000002   Code   RO         2713    .ARM.Collect$$libinit$$00000000  c_w.l(libinit.o)
    0x0800016c   0x00000000   Code   RO         2720    .ARM.Collect$$libinit$$00000002  c_w.l(libinit2.o)
    0x0800016c   0x00000000   Code   RO         2722    .ARM.Collect$$libinit$$00000004  c_w.l(libinit2.o)
    0x0800016c   0x00000000   Code   RO         2725    .ARM.Collect$$libinit$$0000000A  c_w.l(libinit2.o)
    0x0800016c   0x00000000   Code   RO         2727    .ARM.Collect$$libinit$$0000000C  c_w.l(libinit2.o)
    0x0800016c   0x00000000   Code   RO         2729    .ARM.Collect$$libinit$$0000000E  c_w.l(libinit2.o)
    0x0800016c   0x00000000   Code   RO         2732    .ARM.Collect$$libinit$$00000011  c_w.l(libinit2.o)
    0x0800016c   0x00000000   Code   RO         2734    .ARM.Collect$$libinit$$00000013  c_w.l(libinit2.o)
    0x0800016c   0x00000000   Code   RO         2736    .ARM.Collect$$libinit$$00000015  c_w.l(libinit2.o)
    0x0800016c   0x00000000   Code   RO         2738    .ARM.Collect$$libinit$$00000017  c_w.l(libinit2.o)
    0x0800016c   0x00000000   Code   RO         2740    .ARM.Collect$$libinit$$00000019  c_w.l(libinit2.o)
    0x0800016c   0x00000000   Code   RO         2742    .ARM.Collect$$libinit$$0000001B  c_w.l(libinit2.o)
    0x0800016c   0x00000000   Code   RO         2744    .ARM.Collect$$libinit$$0000001D  c_w.l(libinit2.o)
    0x0800016c   0x00000000   Code   RO         2746    .ARM.Collect$$libinit$$0000001F  c_w.l(libinit2.o)
    0x0800016c   0x00000000   Code   RO         2748    .ARM.Collect$$libinit$$00000021  c_w.l(libinit2.o)
    0x0800016c   0x00000000   Code   RO         2750    .ARM.Collect$$libinit$$00000023  c_w.l(libinit2.o)
    0x0800016c   0x00000000   Code   RO         2752    .ARM.Collect$$libinit$$00000025  c_w.l(libinit2.o)
    0x0800016c   0x00000000   Code   RO         2756    .ARM.Collect$$libinit$$0000002C  c_w.l(libinit2.o)
    0x0800016c   0x00000000   Code   RO         2758    .ARM.Collect$$libinit$$0000002E  c_w.l(libinit2.o)
    0x0800016c   0x00000000   Code   RO         2760    .ARM.Collect$$libinit$$00000030  c_w.l(libinit2.o)
    0x0800016c   0x00000000   Code   RO         2762    .ARM.Collect$$libinit$$00000032  c_w.l(libinit2.o)
    0x0800016c   0x00000002   Code   RO         2763    .ARM.Collect$$libinit$$00000033  c_w.l(libinit2.o)
    0x0800016e   0x00000002   Code   RO         2783    .ARM.Collect$$libshutdown$$00000000  c_w.l(libshutdown.o)
    0x08000170   0x00000000   Code   RO         2796    .ARM.Collect$$libshutdown$$00000002  c_w.l(libshutdown2.o)
    0x08000170   0x00000000   Code   RO         2798    .ARM.Collect$$libshutdown$$00000004  c_w.l(libshutdown2.o)
    0x08000170   0x00000000   Code   RO         2801    .ARM.Collect$$libshutdown$$00000007  c_w.l(libshutdown2.o)
    0x08000170   0x00000000   Code   RO         2804    .ARM.Collect$$libshutdown$$0000000A  c_w.l(libshutdown2.o)
    0x08000170   0x00000000   Code   RO         2806    .ARM.Collect$$libshutdown$$0000000C  c_w.l(libshutdown2.o)
    0x08000170   0x00000000   Code   RO         2809    .ARM.Collect$$libshutdown$$0000000F  c_w.l(libshutdown2.o)
    0x08000170   0x00000002   Code   RO         2810    .ARM.Collect$$libshutdown$$00000010  c_w.l(libshutdown2.o)
    0x08000172   0x00000000   Code   RO         2679    .ARM.Collect$$rtentry$$00000000  c_w.l(__rtentry.o)
    0x08000172   0x00000000   Code   RO         2688    .ARM.Collect$$rtentry$$00000002  c_w.l(__rtentry2.o)
    0x08000172   0x00000006   Code   RO         2700    .ARM.Collect$$rtentry$$00000004  c_w.l(__rtentry4.o)
    0x08000178   0x00000000   Code   RO         2690    .ARM.Collect$$rtentry$$00000009  c_w.l(__rtentry2.o)
    0x08000178   0x00000004   Code   RO         2691    .ARM.Collect$$rtentry$$0000000A  c_w.l(__rtentry2.o)
    0x0800017c   0x00000000   Code   RO         2693    .ARM.Collect$$rtentry$$0000000C  c_w.l(__rtentry2.o)
    0x0800017c   0x00000008   Code   RO         2694    .ARM.Collect$$rtentry$$0000000D  c_w.l(__rtentry2.o)
    0x08000184   0x00000002   Code   RO         2717    .ARM.Collect$$rtexit$$00000000  c_w.l(rtexit.o)
    0x08000186   0x00000000   Code   RO         2765    .ARM.Collect$$rtexit$$00000002  c_w.l(rtexit2.o)
    0x08000186   0x00000004   Code   RO         2766    .ARM.Collect$$rtexit$$00000003  c_w.l(rtexit2.o)
    0x0800018a   0x00000006   Code   RO         2767    .ARM.Collect$$rtexit$$00000004  c_w.l(rtexit2.o)
    0x08000190   0x00000040   Code   RO          940  * .text               startup_stm32f10x_md.o
    0x080001d0   0x000000b4   Code   RO         2558    .text               os_cpu_a.o
    0x08000284   0x00000028   Code   RO         2647    .text               c_w.l(noretval__2sprintf.o)
    0x080002ac   0x00000068   Code   RO         2649    .text               c_w.l(__printf.o)
    0x08000314   0x00000078   Code   RO         2651    .text               c_w.l(_printf_dec.o)
    0x0800038c   0x00000006   Code   RO         2675    .text               c_w.l(heapauxi.o)
    0x08000392   0x000000b2   Code   RO         2680    .text               c_w.l(_printf_intcommon.o)
    0x08000444   0x00000030   Code   RO         2682    .text               c_w.l(_printf_char_common.o)
    0x08000474   0x0000000a   Code   RO         2684    .text               c_w.l(_sputc.o)
    0x0800047e   0x0000004a   Code   RO         2704    .text               c_w.l(sys_stackheap_outer.o)
    0x080004c8   0x00000012   Code   RO         2706    .text               c_w.l(exit.o)
    0x080004da   0x00000002   PAD
    0x080004dc   0x00000008   Code   RO         2714    .text               c_w.l(libspace.o)
    0x080004e4   0x0000000c   Code   RO         2775    .text               c_w.l(sys_exit.o)
    0x080004f0   0x00000002   Code   RO         2786    .text               c_w.l(use_no_semi.o)
    0x080004f2   0x00000000   Code   RO         2788    .text               c_w.l(indicate_semi.o)
    0x080004f2   0x00000004   Code   RO          214    i.BusFault_Handler  stm32f10x_it.o
    0x080004f6   0x00000002   Code   RO          215    i.DebugMon_Handler  stm32f10x_it.o
    0x080004f8   0x00000010   Code   RO          436    i.Delete_LCD        i2c_lcd.o
    0x08000508   0x00000116   Code   RO          986    i.GPIO_Init         stm32f10x_gpio.o
    0x0800061e   0x00000004   Code   RO          994    i.GPIO_SetBits      stm32f10x_gpio.o
    0x08000622   0x00000004   Code   RO          216    i.HardFault_Handler  stm32f10x_it.o
    0x08000626   0x0000002a   Code   RO         1501    i.I2C_CheckEvent    stm32f10x_i2c.o
    0x08000650   0x00000018   Code   RO         1504    i.I2C_Cmd           stm32f10x_i2c.o
    0x08000668   0x00000018   Code   RO         1511    i.I2C_GenerateSTART  stm32f10x_i2c.o
    0x08000680   0x00000018   Code   RO         1512    i.I2C_GenerateSTOP  stm32f10x_i2c.o
    0x08000698   0x000000ec   Code   RO         1518    i.I2C_Init          stm32f10x_i2c.o
    0x08000784   0x00000074   Code   RO          437    i.I2C_LCD_Configuration  i2c_lcd.o
    0x080007f8   0x00000012   Code   RO         1525    i.I2C_Send7bitAddress  stm32f10x_i2c.o
    0x0800080a   0x00000004   Code   RO         1526    i.I2C_SendData      stm32f10x_i2c.o
    0x0800080e   0x00000002   PAD
    0x08000810   0x0000006c   Code   RO          325    i.LED_Init          led.o
    0x0800087c   0x00000004   Code   RO          217    i.MemManage_Handler  stm32f10x_it.o
    0x08000880   0x00000002   Code   RO          218    i.NMI_Handler       stm32f10x_it.o
    0x08000882   0x00000002   PAD
    0x08000884   0x00000070   Code   RO          944    i.NVIC_Init         misc.o
    0x080008f4   0x00000014   Code   RO          945    i.NVIC_PriorityGroupConfig  misc.o
    0x08000908   0x0000002c   Code   RO         1924    i.OSInit            os_core.o
    0x08000934   0x00000002   Code   RO         2561    i.OSInitHookBegin   os_cpu_c.o
    0x08000936   0x00000002   Code   RO         2562    i.OSInitHookEnd     os_cpu_c.o
    0x08000938   0x00000024   Code   RO         1925    i.OSIntEnter        os_core.o
    0x0800095c   0x00000090   Code   RO         1926    i.OSIntExit         os_core.o
    0x080009ec   0x0000004c   Code   RO         2188    i.OSMboxCreate      os_mbox.o
    0x08000a38   0x00000040   Code   RO         1927    i.OSSchedLock       os_core.o
    0x08000a78   0x00000060   Code   RO         1928    i.OSSchedUnlock     os_core.o
    0x08000ad8   0x00000048   Code   RO         1929    i.OSStart           os_core.o
    0x08000b20   0x00000002   Code   RO         2563    i.OSTCBInitHook     os_cpu_c.o
    0x08000b22   0x00000002   PAD
    0x08000b24   0x000000a0   Code   RO         2421    i.OSTaskCreate      os_task.o
    0x08000bc4   0x000000b8   Code   RO         2422    i.OSTaskCreateExt   os_task.o
    0x08000c7c   0x00000002   Code   RO         2564    i.OSTaskCreateHook  os_cpu_c.o
    0x08000c7e   0x00000002   Code   RO         2566    i.OSTaskIdleHook    os_cpu_c.o
    0x08000c80   0x00000070   Code   RO         2426    i.OSTaskNameSet     os_task.o
    0x08000cf0   0x00000002   Code   RO         2568    i.OSTaskStatHook    os_cpu_c.o
    0x08000cf2   0x00000002   PAD
    0x08000cf4   0x0000008c   Code   RO         2431    i.OSTaskStkChk      os_task.o
    0x08000d80   0x0000009a   Code   RO         2569    i.OSTaskStkInit     os_cpu_c.o
    0x08000e1a   0x00000002   PAD
    0x08000e1c   0x000000a8   Code   RO         2432    i.OSTaskSuspend     os_task.o
    0x08000ec4   0x00000002   Code   RO         2570    i.OSTaskSwHook      os_cpu_c.o
    0x08000ec6   0x00000002   PAD
    0x08000ec8   0x00000078   Code   RO         2516    i.OSTimeDly         os_time.o
    0x08000f40   0x000000ec   Code   RO         1931    i.OSTimeTick        os_core.o
    0x0800102c   0x00000002   Code   RO         2571    i.OSTimeTickHook    os_cpu_c.o
    0x0800102e   0x0000001c   Code   RO         1937    i.OS_EventWaitListInit  os_core.o
    0x0800104a   0x00000002   PAD
    0x0800104c   0x00000058   Code   RO         2115    i.OS_FlagInit       os_flag.o
    0x080010a4   0x00000054   Code   RO         1938    i.OS_InitEventList  os_core.o
    0x080010f8   0x00000054   Code   RO         1939    i.OS_InitMisc       os_core.o
    0x0800114c   0x00000044   Code   RO         1940    i.OS_InitRdyList    os_core.o
    0x08001190   0x00000080   Code   RO         1941    i.OS_InitTCBList    os_core.o
    0x08001210   0x00000050   Code   RO         1942    i.OS_InitTaskIdle   os_core.o
    0x08001260   0x00000050   Code   RO         1943    i.OS_InitTaskStat   os_core.o
    0x080012b0   0x00000012   Code   RO         1944    i.OS_MemClr         os_core.o
    0x080012c2   0x00000002   PAD
    0x080012c4   0x00000050   Code   RO         2304    i.OS_QInit          os_q.o
    0x08001314   0x00000074   Code   RO         1946    i.OS_Sched          os_core.o
    0x08001388   0x0000002c   Code   RO         1947    i.OS_SchedNew       os_core.o
    0x080013b4   0x00000134   Code   RO         1949    i.OS_TCBInit        os_core.o
    0x080014e8   0x00000028   Code   RO         1950    i.OS_TaskIdle       os_core.o
    0x08001510   0x00000088   Code   RO         1951    i.OS_TaskStat       os_core.o
    0x08001598   0x0000003c   Code   RO         1952    i.OS_TaskStatStkChk  os_core.o
    0x080015d4   0x0000001a   Code   RO         2434    i.OS_TaskStkClr     os_task.o
    0x080015ee   0x00000002   PAD
    0x080015f0   0x00000020   Code   RO         1120    i.RCC_APB1PeriphClockCmd  stm32f10x_rcc.o
    0x08001610   0x00000020   Code   RO         1121    i.RCC_APB1PeriphResetCmd  stm32f10x_rcc.o
    0x08001630   0x00000020   Code   RO         1122    i.RCC_APB2PeriphClockCmd  stm32f10x_rcc.o
    0x08001650   0x00000020   Code   RO         1123    i.RCC_APB2PeriphResetCmd  stm32f10x_rcc.o
    0x08001670   0x000000d4   Code   RO         1130    i.RCC_GetClocksFreq  stm32f10x_rcc.o
    0x08001744   0x00000002   Code   RO          219    i.SVC_Handler       stm32f10x_it.o
    0x08001746   0x00000008   Code   RO          291    i.SetSysClock       system_stm32f10x.o
    0x0800174e   0x00000002   PAD
    0x08001750   0x000000e0   Code   RO          292    i.SetSysClockTo72   system_stm32f10x.o
    0x08001830   0x00000028   Code   RO          948    i.SysTick_CLKSourceConfig  misc.o
    0x08001858   0x0000001c   Code   RO          708    i.SysTick_Handler   delay.o
    0x08001874   0x00000060   Code   RO          294    i.SystemInit        system_stm32f10x.o
    0x080018d4   0x00000028   Code   RO          799    i.USART1_IRQHandler  usart.o
    0x080018fc   0x00000088   Code   RO          800    i.USART1_InitPins   usart.o
    0x08001984   0x00000028   Code   RO          801    i.USART2_IRQHandler  usart.o
    0x080019ac   0x0000008c   Code   RO          802    i.USART2_InitPins   usart.o
    0x08001a38   0x00000028   Code   RO          803    i.USART3_IRQHandler  usart.o
    0x08001a60   0x000000d4   Code   RO          804    i.USART3_InitPins   usart.o
    0x08001b34   0x00000018   Code   RO          805    i.USART_BufferEmpty  usart.o
    0x08001b4c   0x0000001c   Code   RO          806    i.USART_BufferFull  usart.o
    0x08001b68   0x00000018   Code   RO         1322    i.USART_Cmd         stm32f10x_usart.o
    0x08001b80   0x0000009c   Code   RO         1324    i.USART_DeInit      stm32f10x_usart.o
    0x08001c1c   0x0000003a   Code   RO          808    i.USART_FindCharacter  usart.o
    0x08001c56   0x00000054   Code   RO         1326    i.USART_GetITStatus  stm32f10x_usart.o
    0x08001caa   0x00000036   Code   RO          809    i.USART_Getc        usart.o
    0x08001ce0   0x00000052   Code   RO          810    i.USART_Gets        usart.o
    0x08001d32   0x00000002   PAD
    0x08001d34   0x00000028   Code   RO          811    i.USART_INT_GetSubPriority  usart.o
    0x08001d5c   0x00000034   Code   RO          812    i.USART_INT_GetUsart  usart.o
    0x08001d90   0x0000002c   Code   RO          813    i.USART_INT_InsertToBuffer  usart.o
    0x08001dbc   0x0000004a   Code   RO         1328    i.USART_ITConfig    stm32f10x_usart.o
    0x08001e06   0x00000002   PAD
    0x08001e08   0x000000d8   Code   RO         1329    i.USART_Init        stm32f10x_usart.o
    0x08001ee0   0x000000e8   Code   RO          816    i.USARTx_Init       usart.o
    0x08001fc8   0x00000004   Code   RO          220    i.UsageFault_Handler  stm32f10x_it.o
    0x08001fcc   0x0000005c   Code   RO          709    i.delay_init        delay.o
    0x08002028   0x00000050   Code   RO          710    i.delay_ms          delay.o
    0x08002078   0x00000008   Code   RO          711    i.delay_osschedlock  delay.o
    0x08002080   0x00000008   Code   RO          712    i.delay_osschedunlock  delay.o
    0x08002088   0x0000000c   Code   RO          713    i.delay_ostimedly   delay.o
    0x08002094   0x0000005c   Code   RO          714    i.delay_us          delay.o
    0x080020f0   0x00000062   Code   RO          490    i.get_channel       timer_drive.o
    0x08002152   0x00000002   PAD
    0x08002154   0x00000048   Code   RO          494    i.get_timer_address  timer_drive.o
    0x0800219c   0x0000003e   Code   RO          495    i.get_timer_pin     timer_drive.o
    0x080021da   0x00000002   PAD
    0x080021dc   0x000000b4   Code   RO          655    i.init_GP           gp_drive.o
    0x08002290   0x00000042   Code   RO          438    i.lcd_Control_Write  i2c_lcd.o
    0x080022d2   0x00000046   Code   RO          439    i.lcd_Data_Write    i2c_lcd.o
    0x08002318   0x00000060   Code   RO          440    i.lcd_Write_byte    i2c_lcd.o
    0x08002378   0x00000058   Code   RO          441    i.lcd_init          i2c_lcd.o
    0x080023d0   0x00000016   Code   RO          442    i.lcd_send_string   i2c_lcd.o
    0x080023e6   0x00000002   PAD
    0x080023e8   0x00000030   Code   RO            1    i.led1_task         main.o
    0x08002418   0x00000048   Code   RO            2    i.main              main.o
    0x08002460   0x0000011c   Code   RO            3    i.main_task         main.o
    0x0800257c   0x00000032   Code   RO          496    i.servo_180_deg     timer_drive.o
    0x080025ae   0x00000002   PAD
    0x080025b0   0x000000c8   Code   RO            4    i.servo_task        main.o
    0x08002678   0x000000ac   Code   RO            5    i.show_task         main.o
    0x08002724   0x0000007c   Code   RO            6    i.start_task        main.o
    0x080027a0   0x00000100   Code   RO          505    i.timer_pwm_micro   timer_drive.o
    0x080028a0   0x00000100   Data   RO         1954    .constdata          os_core.o
    0x080029a0   0x00000020   Data   RO         2841    Region$$Table       anon$$obj.o


    Execution Region ER_RW (Base: 0x20000000, Size: 0x000000d8, Max: 0xffffffff, ABSOLUTE)

    Base Addr    Size         Type   Attr      Idx    E Section Name        Object

    0x20000000   0x00000037   Data   RW            8    .data               main.o
    0x20000037   0x00000001   PAD
    0x20000038   0x00000014   Data   RW          295    .data               system_stm32f10x.o
    0x2000004c   0x00000004   Data   RW          717    .data               delay.o
    0x20000050   0x0000002c   Data   RW          819    .data               usart.o
    0x2000007c   0x00000014   Data   RW         1150    .data               stm32f10x_rcc.o
    0x20000090   0x00000048   Data   RW         1955    .data               os_core.o


    Execution Region ER_ZI (Base: 0x200000d8, Size: 0x00001650, Max: 0xffffffff, ABSOLUTE)

    Base Addr    Size         Type   Attr      Idx    E Section Name        Object

    0x200000d8   0x00000510   Zero   RW            7    .bss                main.o
    0x200005e8   0x00000060   Zero   RW          818    .bss                usart.o
    0x20000648   0x00000a80   Zero   RW         1953    .bss                os_core.o
    0x200010c8   0x00000060   Zero   RW         2715    .bss                c_w.l(libspace.o)
    0x20001128   0x00000200   Zero   RW          938    HEAP                startup_stm32f10x_md.o
    0x20001328   0x00000400   Zero   RW          937    STACK               startup_stm32f10x_md.o


==============================================================================

Image component sizes


      Code (inc. data)   RO Data    RW Data    ZI Data      Debug   Object Name

       320         40          0          4          0       3593   delay.o
       180         16          0          0          0        758   gp_drive.o
       474         26          0          0          0       3712   i2c_lcd.o
       108          8          0          0          0        495   led.o
       900        162          0         55       1296     254348   main.o
       172         22          0          0          0       1953   misc.o
      1966        382        256         72       2688      19078   os_core.o
       180         36          0          0          0        312   os_cpu_a.o
       170          0          0          0          0      12467   os_cpu_c.o
        88         14          0          0          0        562   os_flag.o
        76          8          0          0          0        663   os_mbox.o
        80          8          0          0          0        535   os_q.o
       790         64          0          0          0       5228   os_task.o
       120         20          0          0          0        600   os_time.o
        64         26        236          0       1536        780   startup_stm32f10x_md.o
       282          0          0          0          0       2419   stm32f10x_gpio.o
       372         14          0          0          0       5694   stm32f10x_i2c.o
        22          0          0          0          0       2699   stm32f10x_it.o
       340         44          0         20          0       5400   stm32f10x_rcc.o
       554         28          0          0          0       4897   stm32f10x_usart.o
         0          0          0          0          0         32   sys.o
       328         28          0         20          0       1957   system_stm32f10x.o
       538         26          0          0          0       3816   timer_drive.o
      1222        124          0         44         96      10896   usart.o

    ----------------------------------------------------------------------
      9378       1096        524        216       5616     342894   Object Totals
         0          0         32          0          0          0   (incl. Generated)
        32          0          0          1          0          0   (incl. Padding)

    ----------------------------------------------------------------------

      Code (inc. data)   RO Data    RW Data    ZI Data      Debug   Library Member Name

         8          0          0          0          0         68   __main.o
       104          0          0          0          0         84   __printf.o
         0          0          0          0          0          0   __rtentry.o
        12          0          0          0          0          0   __rtentry2.o
         6          0          0          0          0          0   __rtentry4.o
        52          8          0          0          0          0   __scatter.o
        26          0          0          0          0          0   __scatter_copy.o
        28          0          0          0          0          0   __scatter_zi.o
        48          6          0          0          0         96   _printf_char_common.o
         6          0          0          0          0          0   _printf_d.o
       120         16          0          0          0         92   _printf_dec.o
       178          0          0          0          0         88   _printf_intcommon.o
         0          0          0          0          0          0   _printf_percent.o
         4          0          0          0          0          0   _printf_percent_end.o
        10          0          0          0          0         68   _sputc.o
        18          0          0          0          0         80   exit.o
         6          0          0          0          0        152   heapauxi.o
         0          0          0          0          0          0   indicate_semi.o
         2          0          0          0          0          0   libinit.o
         2          0          0          0          0          0   libinit2.o
         2          0          0          0          0          0   libshutdown.o
         2          0          0          0          0          0   libshutdown2.o
         8          4          0          0         96         68   libspace.o
        40          6          0          0          0         84   noretval__2sprintf.o
         2          0          0          0          0          0   rtexit.o
        10          0          0          0          0          0   rtexit2.o
        12          4          0          0          0         68   sys_exit.o
        74          0          0          0          0         80   sys_stackheap_outer.o
         2          0          0          0          0         68   use_no_semi.o

    ----------------------------------------------------------------------
       786         44          0          0         96       1096   Library Totals
         4          0          0          0          0          0   (incl. Padding)

    ----------------------------------------------------------------------

      Code (inc. data)   RO Data    RW Data    ZI Data      Debug   Library Name

       782         44          0          0         96       1096   c_w.l

    ----------------------------------------------------------------------
       786         44          0          0         96       1096   Library Totals

    ----------------------------------------------------------------------

==============================================================================


      Code (inc. data)   RO Data    RW Data    ZI Data      Debug   

     10164       1140        524        216       5712     337850   Grand Totals
     10164       1140        524        216       5712     337850   ELF Image Totals
     10164       1140        524        216          0          0   ROM Totals

==============================================================================

    Total RO  Size (Code + RO Data)                10688 (  10.44kB)
    Total RW  Size (RW Data + ZI Data)              5928 (   5.79kB)
    Total ROM Size (Code + RO Data + RW Data)      10904 (  10.65kB)

==============================================================================

